Archive member included to satisfy reference by file (symbol)

d:/program files (x86)/arm tc 7 2017-q4-major/bin/../lib/gcc/arm-none-eabi/7.2.1/thumb/v6-m\libgcc.a(_udivsi3.o)
                              ..\obj\delay.o (__aeabi_uidiv)
d:/program files (x86)/arm tc 7 2017-q4-major/bin/../lib/gcc/arm-none-eabi/7.2.1/thumb/v6-m\libgcc.a(_dvmd_tls.o)
                              d:/program files (x86)/arm tc 7 2017-q4-major/bin/../lib/gcc/arm-none-eabi/7.2.1/thumb/v6-m\libgcc.a(_udivsi3.o) (__aeabi_idiv0)
d:/program files (x86)/arm tc 7 2017-q4-major/bin/../lib/gcc/arm-none-eabi/7.2.1/../../../../arm-none-eabi/lib/thumb/v6-m\libg.a(lib_a-memcpy-stub.o)
                              ..\obj\queue.o (memcpy)
d:/program files (x86)/arm tc 7 2017-q4-major/bin/../lib/gcc/arm-none-eabi/7.2.1/../../../../arm-none-eabi/lib/thumb/v6-m\libg.a(lib_a-memset.o)
                              ..\obj\tasks.o (memset)

Allocating common symbols
Common symbol       size              file

tx_res              0x1               ..\obj\main.o
bobFromRadio        0x5               ..\obj\main.o
payload_length      0x1               ..\obj\main.o
xCNTSemaphore       0x4               ..\obj\main.o
xQueueFromADC       0x4               ..\obj\main.o
xSemaphore          0xc               ..\obj\main.o
xQueueRegistry      0x50              ..\obj\queue.o
pipe                0x1               ..\obj\main.o
xQueueFromUART      0x4               ..\obj\main.o
xQueueFromRadio     0x4               ..\obj\main.o
bobFromQueue        0x5               ..\obj\main.o
ADC_volts           0x6               ..\obj\main.o
Ready_volts         0x6               ..\obj\main.o
xTimer              0xc               ..\obj\main.o
xQueueFromRadioHndl
                    0x4               ..\obj\main.o
nRF24_payload       0x20              ..\obj\main.o

Discarded input sections

 .text          0x00000000        0x0 ..\obj\delay.o
 .data          0x00000000        0x0 ..\obj\delay.o
 .bss           0x00000000        0x0 ..\obj\delay.o
 .text          0x00000000        0x0 ..\obj\stm32f0xx_rcc.o
 .bss           0x00000000        0x0 ..\obj\stm32f0xx_rcc.o
 .text.RCC_DeInit
                0x00000000       0x60 ..\obj\stm32f0xx_rcc.o
 .text.RCC_HSEConfig
                0x00000000       0x10 ..\obj\stm32f0xx_rcc.o
 .text.RCC_AdjustHSICalibrationValue
                0x00000000       0x14 ..\obj\stm32f0xx_rcc.o
 .text.RCC_HSICmd
                0x00000000       0x20 ..\obj\stm32f0xx_rcc.o
 .text.RCC_AdjustHSI14CalibrationValue
                0x00000000       0x14 ..\obj\stm32f0xx_rcc.o
 .text.RCC_HSI14Cmd
                0x00000000       0x20 ..\obj\stm32f0xx_rcc.o
 .text.RCC_HSI14ADCRequestCmd
                0x00000000       0x20 ..\obj\stm32f0xx_rcc.o
 .text.RCC_LSEConfig
                0x00000000       0x20 ..\obj\stm32f0xx_rcc.o
 .text.RCC_LSEDriveConfig
                0x00000000       0x18 ..\obj\stm32f0xx_rcc.o
 .text.RCC_LSICmd
                0x00000000       0x20 ..\obj\stm32f0xx_rcc.o
 .text.RCC_PLLConfig
                0x00000000       0x20 ..\obj\stm32f0xx_rcc.o
 .text.RCC_PLLCmd
                0x00000000       0x28 ..\obj\stm32f0xx_rcc.o
 .text.RCC_PREDIV1Config
                0x00000000       0x14 ..\obj\stm32f0xx_rcc.o
 .text.RCC_ClockSecuritySystemCmd
                0x00000000       0x28 ..\obj\stm32f0xx_rcc.o
 .text.RCC_MCOConfig
                0x00000000        0xc ..\obj\stm32f0xx_rcc.o
 .text.RCC_SYSCLKConfig
                0x00000000       0x14 ..\obj\stm32f0xx_rcc.o
 .text.RCC_GetSYSCLKSource
                0x00000000       0x10 ..\obj\stm32f0xx_rcc.o
 .text.RCC_HCLKConfig
                0x00000000       0x14 ..\obj\stm32f0xx_rcc.o
 .text.RCC_PCLKConfig
                0x00000000       0x18 ..\obj\stm32f0xx_rcc.o
 .text.RCC_ADCCLKConfig
                0x00000000       0x34 ..\obj\stm32f0xx_rcc.o
 .text.RCC_CECCLKConfig
                0x00000000       0x18 ..\obj\stm32f0xx_rcc.o
 .text.RCC_I2CCLKConfig
                0x00000000       0x18 ..\obj\stm32f0xx_rcc.o
 .text.RCC_USARTCLKConfig
                0x00000000       0x18 ..\obj\stm32f0xx_rcc.o
 .text.RCC_RTCCLKConfig
                0x00000000       0x10 ..\obj\stm32f0xx_rcc.o
 .text.RCC_RTCCLKCmd
                0x00000000       0x28 ..\obj\stm32f0xx_rcc.o
 .text.RCC_BackupResetCmd
                0x00000000       0x28 ..\obj\stm32f0xx_rcc.o
 .text.RCC_AHBPeriphResetCmd
                0x00000000       0x1c ..\obj\stm32f0xx_rcc.o
 .text.RCC_APB1PeriphResetCmd
                0x00000000       0x1c ..\obj\stm32f0xx_rcc.o
 .text.RCC_ITConfig
                0x00000000       0x1c ..\obj\stm32f0xx_rcc.o
 .text.RCC_GetFlagStatus
                0x00000000       0x34 ..\obj\stm32f0xx_rcc.o
 .text.RCC_WaitForHSEStartUp
                0x00000000       0x32 ..\obj\stm32f0xx_rcc.o
 .text.RCC_ClearFlag
                0x00000000       0x14 ..\obj\stm32f0xx_rcc.o
 .text.RCC_GetITStatus
                0x00000000       0x14 ..\obj\stm32f0xx_rcc.o
 .text.RCC_ClearITPendingBit
                0x00000000        0xc ..\obj\stm32f0xx_rcc.o
 .text          0x00000000        0x0 ..\obj\nrf24.o
 .data          0x00000000        0x0 ..\obj\nrf24.o
 .bss           0x00000000        0x0 ..\obj\nrf24.o
 .text.nRF24_ClosePipe
                0x00000000       0x1e ..\obj\nrf24.o
 .text.nRF24_EnableAA
                0x00000000       0x1a ..\obj\nrf24.o
 .text.nRF24_GetStatus
                0x00000000        0xa ..\obj\nrf24.o
 .text.nRF24_GetIRQFlags
                0x00000000        0xe ..\obj\nrf24.o
 .text.nRF24_GetStatus_RXFIFO
                0x00000000        0xe ..\obj\nrf24.o
 .text.nRF24_GetStatus_TXFIFO
                0x00000000        0xe ..\obj\nrf24.o
 .text.nRF24_GetRXSource
                0x00000000        0xe ..\obj\nrf24.o
 .text.nRF24_GetRetransmitCounters
                0x00000000        0xa ..\obj\nrf24.o
 .text.nRF24_ResetPLOS
                0x00000000       0x12 ..\obj\nrf24.o
 .text.nRF24_WritePayload
                0x00000000        0xe ..\obj\nrf24.o
 .text.nRF24_TransmitPacket
                0x00000000       0x78 ..\obj\nrf24.o
 .text.nRF24_ReConfig_TX
                0x00000000       0x58 ..\obj\nrf24.o
 .text          0x00000000        0x0 ..\obj\stm32f0xx_adc.o
 .data          0x00000000        0x0 ..\obj\stm32f0xx_adc.o
 .bss           0x00000000        0x0 ..\obj\stm32f0xx_adc.o
 .text.ADC_JitterCmd
                0x00000000       0x14 ..\obj\stm32f0xx_adc.o
 .text.ADC_AutoPowerOffCmd
                0x00000000       0x20 ..\obj\stm32f0xx_adc.o
 .text.ADC_WaitModeCmd
                0x00000000       0x20 ..\obj\stm32f0xx_adc.o
 .text.ADC_AnalogWatchdogCmd
                0x00000000       0x20 ..\obj\stm32f0xx_adc.o
 .text.ADC_AnalogWatchdogThresholdsConfig
                0x00000000        0x8 ..\obj\stm32f0xx_adc.o
 .text.ADC_AnalogWatchdogSingleChannelConfig
                0x00000000       0x10 ..\obj\stm32f0xx_adc.o
 .text.ADC_AnalogWatchdogSingleChannelCmd
                0x00000000       0x20 ..\obj\stm32f0xx_adc.o
 .text.ADC_TempSensorCmd
                0x00000000       0x28 ..\obj\stm32f0xx_adc.o
 .text.ADC_VrefintCmd
                0x00000000       0x28 ..\obj\stm32f0xx_adc.o
 .text.ADC_VbatCmd
                0x00000000       0x28 ..\obj\stm32f0xx_adc.o
 .text.ADC_ContinuousModeCmd
                0x00000000       0x20 ..\obj\stm32f0xx_adc.o
 .text.ADC_DiscModeCmd
                0x00000000       0x20 ..\obj\stm32f0xx_adc.o
 .text.ADC_OverrunModeCmd
                0x00000000       0x20 ..\obj\stm32f0xx_adc.o
 .text.ADC_StopOfConversion
                0x00000000        0xa ..\obj\stm32f0xx_adc.o
 .text.ADC_GetConversionValue
                0x00000000        0x6 ..\obj\stm32f0xx_adc.o
 .text.ADC_ITConfig
                0x00000000       0x14 ..\obj\stm32f0xx_adc.o
 .text.ADC_ClearFlag
                0x00000000        0x4 ..\obj\stm32f0xx_adc.o
 .text.ADC_GetITStatus
                0x00000000       0x14 ..\obj\stm32f0xx_adc.o
 .text.ADC_ClearITPendingBit
                0x00000000        0x4 ..\obj\stm32f0xx_adc.o
 .text          0x00000000        0x0 ..\obj\main.o
 .text          0x00000000       0x14 ..\obj\startup_stm32f0xx.o
 .data          0x00000000        0x0 ..\obj\startup_stm32f0xx.o
 .bss           0x00000000        0x0 ..\obj\startup_stm32f0xx.o
 .text          0x00000000        0x0 ..\obj\timers.o
 .data          0x00000000        0x0 ..\obj\timers.o
 .text.xTimerGetTimerDaemonTaskHandle
                0x00000000        0xc ..\obj\timers.o
 .text.xTimerGetPeriod
                0x00000000        0x4 ..\obj\timers.o
 .text.vTimerSetReloadMode
                0x00000000       0x2a ..\obj\timers.o
 .text.uxTimerGetReloadMode
                0x00000000       0x18 ..\obj\timers.o
 .text.xTimerGetExpiryTime
                0x00000000        0x4 ..\obj\timers.o
 .text.pcTimerGetName
                0x00000000        0x4 ..\obj\timers.o
 .text.xTimerIsTimerActive
                0x00000000       0x18 ..\obj\timers.o
 .text.pvTimerGetTimerID
                0x00000000       0x12 ..\obj\timers.o
 .text.vTimerSetTimerID
                0x00000000       0x12 ..\obj\timers.o
 .text          0x00000000        0x0 ..\obj\stm32f0xx_dma.o
 .data          0x00000000        0x0 ..\obj\stm32f0xx_dma.o
 .bss           0x00000000        0x0 ..\obj\stm32f0xx_dma.o
 .text.DMA_StructInit
                0x00000000       0x1a ..\obj\stm32f0xx_dma.o
 .text.DMA_SetCurrDataCounter
                0x00000000        0x4 ..\obj\stm32f0xx_dma.o
 .text.DMA_GetCurrDataCounter
                0x00000000        0x6 ..\obj\stm32f0xx_dma.o
 .text.DMA_ITConfig
                0x00000000       0x14 ..\obj\stm32f0xx_dma.o
 .text.DMA_ClearFlag
                0x00000000        0xc ..\obj\stm32f0xx_dma.o
 .text.DMA_GetITStatus
                0x00000000       0x14 ..\obj\stm32f0xx_dma.o
 .text.DMA_ClearITPendingBit
                0x00000000        0xc ..\obj\stm32f0xx_dma.o
 .text          0x00000000        0x0 ..\obj\tasks.o
 .text.vTaskDelete
                0x00000000       0x88 ..\obj\tasks.o
 .text.uxTaskPriorityGet
                0x00000000       0x20 ..\obj\tasks.o
 .text.uxTaskPriorityGetFromISR
                0x00000000       0x20 ..\obj\tasks.o
 .text.vTaskPrioritySet
                0x00000000       0xb4 ..\obj\tasks.o
 .text.vTaskResume
                0x00000000       0x74 ..\obj\tasks.o
 .text.xTaskResumeFromISR
                0x00000000       0x90 ..\obj\tasks.o
 .text.vTaskEndScheduler
                0x00000000       0x14 ..\obj\tasks.o
 .text.xTaskGetTickCountFromISR
                0x00000000        0xc ..\obj\tasks.o
 .text.uxTaskGetNumberOfTasks
                0x00000000        0xc ..\obj\tasks.o
 .text.pcTaskGetName
                0x00000000       0x14 ..\obj\tasks.o
 .text.xTaskDelayUntil
                0x00000000       0x60 ..\obj\tasks.o
 .text.xTaskCatchUpTicks
                0x00000000       0x1c ..\obj\tasks.o
 .text.vTaskSuspend
                0x00000000       0xb8 ..\obj\tasks.o
 .text.vTaskPlaceOnUnorderedEventList
                0x00000000       0x28 ..\obj\tasks.o
 .text.vTaskRemoveFromUnorderedEventList
                0x00000000       0x54 ..\obj\tasks.o
 .text.vTaskSetTimeOutState
                0x00000000       0x1c ..\obj\tasks.o
 .text.vTaskSetThreadLocalStoragePointer
                0x00000000       0x1c ..\obj\tasks.o
 .text.pvTaskGetThreadLocalStoragePointer
                0x00000000       0x20 ..\obj\tasks.o
 .text.xTaskGetCurrentTaskHandle
                0x00000000        0xc ..\obj\tasks.o
 .text.uxTaskResetEventItemValue
                0x00000000       0x18 ..\obj\tasks.o
 .text.ulTaskGenericNotifyTake
                0x00000000       0x8c ..\obj\tasks.o
 .text.xTaskGenericNotifyWait
                0x00000000       0x9c ..\obj\tasks.o
 .text.xTaskGenericNotify
                0x00000000       0xc0 ..\obj\tasks.o
 .text.xTaskGenericNotifyFromISR
                0x00000000       0xec ..\obj\tasks.o
 .text.vTaskGenericNotifyGiveFromISR
                0x00000000       0x90 ..\obj\tasks.o
 .text.xTaskGenericNotifyStateClear
                0x00000000       0x38 ..\obj\tasks.o
 .text.ulTaskGenericNotifyValueClear
                0x00000000       0x30 ..\obj\tasks.o
 .text          0x00000000        0x0 ..\obj\stm32f0xx_spi.o
 .data          0x00000000        0x0 ..\obj\stm32f0xx_spi.o
 .bss           0x00000000        0x0 ..\obj\stm32f0xx_spi.o
 .text.SPI_I2S_DeInit
                0x00000000       0x44 ..\obj\stm32f0xx_spi.o
 .text.SPI_StructInit
                0x00000000       0x1c ..\obj\stm32f0xx_spi.o
 .text.I2S_StructInit
                0x00000000       0x12 ..\obj\stm32f0xx_spi.o
 .text.I2S_Init
                0x00000000       0xb0 ..\obj\stm32f0xx_spi.o
 .text.SPI_TIModeCmd
                0x00000000       0x18 ..\obj\stm32f0xx_spi.o
 .text.I2S_Cmd  0x00000000       0x20 ..\obj\stm32f0xx_spi.o
 .text.SPI_DataSizeConfig
                0x00000000       0x10 ..\obj\stm32f0xx_spi.o
 .text.SPI_BiDirectionalLineConfig
                0x00000000       0x24 ..\obj\stm32f0xx_spi.o
 .text.SPI_SSOutputCmd
                0x00000000       0x18 ..\obj\stm32f0xx_spi.o
 .text.SPI_NSSPulseModeCmd
                0x00000000       0x18 ..\obj\stm32f0xx_spi.o
 .text.SPI_I2S_SendData16
                0x00000000        0x4 ..\obj\stm32f0xx_spi.o
 .text.SPI_I2S_ReceiveData16
                0x00000000        0x6 ..\obj\stm32f0xx_spi.o
 .text.SPI_CRCLengthConfig
                0x00000000       0x14 ..\obj\stm32f0xx_spi.o
 .text.SPI_TransmitCRC
                0x00000000        0xc ..\obj\stm32f0xx_spi.o
 .text.SPI_GetCRC
                0x00000000       0x10 ..\obj\stm32f0xx_spi.o
 .text.SPI_GetCRCPolynomial
                0x00000000        0x6 ..\obj\stm32f0xx_spi.o
 .text.SPI_I2S_DMACmd
                0x00000000       0x14 ..\obj\stm32f0xx_spi.o
 .text.SPI_LastDMATransferCmd
                0x00000000       0x14 ..\obj\stm32f0xx_spi.o
 .text.SPI_I2S_ITConfig
                0x00000000       0x1c ..\obj\stm32f0xx_spi.o
 .text.SPI_GetTransmissionFIFOStatus
                0x00000000        0xa ..\obj\stm32f0xx_spi.o
 .text.SPI_GetReceptionFIFOStatus
                0x00000000        0xa ..\obj\stm32f0xx_spi.o
 .text.SPI_I2S_ClearFlag
                0x00000000        0x8 ..\obj\stm32f0xx_spi.o
 .text.SPI_I2S_GetITStatus
                0x00000000       0x26 ..\obj\stm32f0xx_spi.o
 .text          0x00000000        0x0 ..\obj\nrf24_hal.o
 .data          0x00000000        0x0 ..\obj\nrf24_hal.o
 .bss           0x00000000        0x0 ..\obj\nrf24_hal.o
 .text          0x00000000        0x0 ..\obj\system_stm32f0xx_temp.o
 .bss           0x00000000        0x0 ..\obj\system_stm32f0xx_temp.o
 .text.SystemCoreClockUpdate1
                0x00000000       0x90 ..\obj\system_stm32f0xx_temp.o
 .text          0x00000000        0x0 ..\obj\stm32f0xx_gpio.o
 .data          0x00000000        0x0 ..\obj\stm32f0xx_gpio.o
 .bss           0x00000000        0x0 ..\obj\stm32f0xx_gpio.o
 .text.GPIO_DeInit
                0x00000000       0xa4 ..\obj\stm32f0xx_gpio.o
 .text.GPIO_StructInit
                0x00000000       0x18 ..\obj\stm32f0xx_gpio.o
 .text.GPIO_PinLockConfig
                0x00000000       0x24 ..\obj\stm32f0xx_gpio.o
 .text.GPIO_ReadInputDataBit
                0x00000000        0xc ..\obj\stm32f0xx_gpio.o
 .text.GPIO_ReadInputData
                0x00000000        0x6 ..\obj\stm32f0xx_gpio.o
 .text.GPIO_ReadOutputDataBit
                0x00000000        0xc ..\obj\stm32f0xx_gpio.o
 .text.GPIO_ReadOutputData
                0x00000000        0x6 ..\obj\stm32f0xx_gpio.o
 .text.GPIO_WriteBit
                0x00000000        0xc ..\obj\stm32f0xx_gpio.o
 .text.GPIO_Write
                0x00000000        0x4 ..\obj\stm32f0xx_gpio.o
 .text          0x00000000        0x0 ..\obj\list.o
 .data          0x00000000        0x0 ..\obj\list.o
 .bss           0x00000000        0x0 ..\obj\list.o
 .text          0x00000000        0x0 ..\obj\syscalls.o
 .data          0x00000000        0x0 ..\obj\syscalls.o
 .bss           0x00000000        0x4 ..\obj\syscalls.o
 .text._sbrk    0x00000000       0x24 ..\obj\syscalls.o
 .text.link     0x00000000        0x6 ..\obj\syscalls.o
 .text._close   0x00000000        0x6 ..\obj\syscalls.o
 .text._fstat   0x00000000        0xa ..\obj\syscalls.o
 .text._isatty  0x00000000        0x4 ..\obj\syscalls.o
 .text._lseek   0x00000000        0x4 ..\obj\syscalls.o
 .text._read    0x00000000        0x4 ..\obj\syscalls.o
 .text._write   0x00000000        0x4 ..\obj\syscalls.o
 .text.abort    0x00000000        0x2 ..\obj\syscalls.o
 .debug_info    0x00000000      0xc99 ..\obj\syscalls.o
 .debug_abbrev  0x00000000      0x22b ..\obj\syscalls.o
 .debug_loc     0x00000000      0x131 ..\obj\syscalls.o
 .debug_aranges
                0x00000000       0x60 ..\obj\syscalls.o
 .debug_ranges  0x00000000       0x50 ..\obj\syscalls.o
 .debug_line    0x00000000      0x278 ..\obj\syscalls.o
 .debug_str     0x00000000      0x6fb ..\obj\syscalls.o
 .comment       0x00000000       0x7f ..\obj\syscalls.o
 .debug_frame   0x00000000       0xa0 ..\obj\syscalls.o
 .ARM.attributes
                0x00000000       0x31 ..\obj\syscalls.o
 .text          0x00000000        0x0 ..\obj\stm32f0xx_usart.o
 .data          0x00000000        0x0 ..\obj\stm32f0xx_usart.o
 .bss           0x00000000        0x0 ..\obj\stm32f0xx_usart.o
 .text.USART_DeInit
                0x00000000       0x44 ..\obj\stm32f0xx_usart.o
 .text.USART_StructInit
                0x00000000       0x16 ..\obj\stm32f0xx_usart.o
 .text.USART_ClockInit
                0x00000000       0x20 ..\obj\stm32f0xx_usart.o
 .text.USART_ClockStructInit
                0x00000000        0xc ..\obj\stm32f0xx_usart.o
 .text.USART_DirectionModeCmd
                0x00000000       0x14 ..\obj\stm32f0xx_usart.o
 .text.USART_OverSampling8Cmd
                0x00000000       0x20 ..\obj\stm32f0xx_usart.o
 .text.USART_OneBitMethodCmd
                0x00000000       0x20 ..\obj\stm32f0xx_usart.o
 .text.USART_MSBFirstCmd
                0x00000000       0x20 ..\obj\stm32f0xx_usart.o
 .text.USART_DataInvCmd
                0x00000000       0x20 ..\obj\stm32f0xx_usart.o
 .text.USART_InvPinCmd
                0x00000000       0x14 ..\obj\stm32f0xx_usart.o
 .text.USART_SWAPPinCmd
                0x00000000       0x20 ..\obj\stm32f0xx_usart.o
 .text.USART_ReceiverTimeOutCmd
                0x00000000       0x20 ..\obj\stm32f0xx_usart.o
 .text.USART_SetReceiverTimeOut
                0x00000000       0x10 ..\obj\stm32f0xx_usart.o
 .text.USART_SetPrescaler
                0x00000000       0x10 ..\obj\stm32f0xx_usart.o
 .text.USART_STOPModeCmd
                0x00000000       0x18 ..\obj\stm32f0xx_usart.o
 .text.USART_StopModeWakeUpSourceConfig
                0x00000000       0x14 ..\obj\stm32f0xx_usart.o
 .text.USART_AutoBaudRateCmd
                0x00000000       0x20 ..\obj\stm32f0xx_usart.o
 .text.USART_AutoBaudRateConfig
                0x00000000       0x14 ..\obj\stm32f0xx_usart.o
 .text.USART_SetAddress
                0x00000000       0x12 ..\obj\stm32f0xx_usart.o
 .text.USART_MuteModeCmd
                0x00000000       0x20 ..\obj\stm32f0xx_usart.o
 .text.USART_MuteModeWakeUpConfig
                0x00000000       0x14 ..\obj\stm32f0xx_usart.o
 .text.USART_AddressDetectionConfig
                0x00000000       0x10 ..\obj\stm32f0xx_usart.o
 .text.USART_LINBreakDetectLengthConfig
                0x00000000       0x10 ..\obj\stm32f0xx_usart.o
 .text.USART_LINCmd
                0x00000000       0x20 ..\obj\stm32f0xx_usart.o
 .text.USART_HalfDuplexCmd
                0x00000000       0x18 ..\obj\stm32f0xx_usart.o
 .text.USART_SetGuardTime
                0x00000000       0x12 ..\obj\stm32f0xx_usart.o
 .text.USART_SmartCardCmd
                0x00000000       0x18 ..\obj\stm32f0xx_usart.o
 .text.USART_SmartCardNACKCmd
                0x00000000       0x18 ..\obj\stm32f0xx_usart.o
 .text.USART_SetAutoRetryCount
                0x00000000       0x18 ..\obj\stm32f0xx_usart.o
 .text.USART_SetBlockLength
                0x00000000       0x12 ..\obj\stm32f0xx_usart.o
 .text.USART_IrDAConfig
                0x00000000       0x10 ..\obj\stm32f0xx_usart.o
 .text.USART_IrDACmd
                0x00000000       0x18 ..\obj\stm32f0xx_usart.o
 .text.USART_DECmd
                0x00000000       0x20 ..\obj\stm32f0xx_usart.o
 .text.USART_DEPolarityConfig
                0x00000000       0x14 ..\obj\stm32f0xx_usart.o
 .text.USART_SetDEAssertionTime
                0x00000000       0x18 ..\obj\stm32f0xx_usart.o
 .text.USART_SetDEDeassertionTime
                0x00000000       0x18 ..\obj\stm32f0xx_usart.o
 .text.USART_DMACmd
                0x00000000       0x14 ..\obj\stm32f0xx_usart.o
 .text.USART_DMAReceptionErrorConfig
                0x00000000       0x14 ..\obj\stm32f0xx_usart.o
 .text.USART_RequestCmd
                0x00000000       0x16 ..\obj\stm32f0xx_usart.o
 .text.USART_OverrunDetectionConfig
                0x00000000       0x14 ..\obj\stm32f0xx_usart.o
 .text.USART_ClearFlag
                0x00000000        0x4 ..\obj\stm32f0xx_usart.o
 .text.USART_ClearITPendingBit
                0x00000000        0xa ..\obj\stm32f0xx_usart.o
 .text          0x00000000        0x0 ..\obj\stm32f0xx_tim.o
 .data          0x00000000        0x0 ..\obj\stm32f0xx_tim.o
 .bss           0x00000000        0x0 ..\obj\stm32f0xx_tim.o
 .text.TI1_Config
                0x00000000       0x2a ..\obj\stm32f0xx_tim.o
 .text.TI2_Config
                0x00000000       0x38 ..\obj\stm32f0xx_tim.o
 .text.TIM_DeInit
                0x00000000       0xf8 ..\obj\stm32f0xx_tim.o
 .text.TIM_PrescalerConfig
                0x00000000        0x6 ..\obj\stm32f0xx_tim.o
 .text.TIM_CounterModeConfig
                0x00000000        0xc ..\obj\stm32f0xx_tim.o
 .text.TIM_SetCounter
                0x00000000        0x4 ..\obj\stm32f0xx_tim.o
 .text.TIM_SetAutoreload
                0x00000000        0x4 ..\obj\stm32f0xx_tim.o
 .text.TIM_GetCounter
                0x00000000        0x4 ..\obj\stm32f0xx_tim.o
 .text.TIM_GetPrescaler
                0x00000000        0x6 ..\obj\stm32f0xx_tim.o
 .text.TIM_UpdateDisableConfig
                0x00000000       0x18 ..\obj\stm32f0xx_tim.o
 .text.TIM_UpdateRequestConfig
                0x00000000       0x18 ..\obj\stm32f0xx_tim.o
 .text.TIM_ARRPreloadConfig
                0x00000000       0x18 ..\obj\stm32f0xx_tim.o
 .text.TIM_SelectOnePulseMode
                0x00000000       0x10 ..\obj\stm32f0xx_tim.o
 .text.TIM_SetClockDivision
                0x00000000       0x14 ..\obj\stm32f0xx_tim.o
 .text.TIM_BDTRConfig
                0x00000000       0x20 ..\obj\stm32f0xx_tim.o
 .text.TIM_BDTRStructInit
                0x00000000       0x12 ..\obj\stm32f0xx_tim.o
 .text.TIM_OC2Init
                0x00000000       0x9c ..\obj\stm32f0xx_tim.o
 .text.TIM_OC3Init
                0x00000000       0x7c ..\obj\stm32f0xx_tim.o
 .text.TIM_OC4Init
                0x00000000       0x64 ..\obj\stm32f0xx_tim.o
 .text.TIM_SelectOCxM
                0x00000000       0x4c ..\obj\stm32f0xx_tim.o
 .text.TIM_SetCompare1
                0x00000000        0x4 ..\obj\stm32f0xx_tim.o
 .text.TIM_SetCompare2
                0x00000000        0x4 ..\obj\stm32f0xx_tim.o
 .text.TIM_SetCompare3
                0x00000000        0x4 ..\obj\stm32f0xx_tim.o
 .text.TIM_SetCompare4
                0x00000000        0x4 ..\obj\stm32f0xx_tim.o
 .text.TIM_ForcedOC1Config
                0x00000000        0xc ..\obj\stm32f0xx_tim.o
 .text.TIM_ForcedOC2Config
                0x00000000       0x14 ..\obj\stm32f0xx_tim.o
 .text.TIM_ForcedOC3Config
                0x00000000        0xc ..\obj\stm32f0xx_tim.o
 .text.TIM_ForcedOC4Config
                0x00000000       0x14 ..\obj\stm32f0xx_tim.o
 .text.TIM_CCPreloadControl
                0x00000000       0x18 ..\obj\stm32f0xx_tim.o
 .text.TIM_OC1PreloadConfig
                0x00000000        0xc ..\obj\stm32f0xx_tim.o
 .text.TIM_OC2PreloadConfig
                0x00000000       0x14 ..\obj\stm32f0xx_tim.o
 .text.TIM_OC3PreloadConfig
                0x00000000        0xc ..\obj\stm32f0xx_tim.o
 .text.TIM_OC4PreloadConfig
                0x00000000       0x14 ..\obj\stm32f0xx_tim.o
 .text.TIM_OC1FastConfig
                0x00000000        0xc ..\obj\stm32f0xx_tim.o
 .text.TIM_OC2FastConfig
                0x00000000       0x14 ..\obj\stm32f0xx_tim.o
 .text.TIM_OC3FastConfig
                0x00000000        0xc ..\obj\stm32f0xx_tim.o
 .text.TIM_OC4FastConfig
                0x00000000       0x14 ..\obj\stm32f0xx_tim.o
 .text.TIM_ClearOC1Ref
                0x00000000        0xc ..\obj\stm32f0xx_tim.o
 .text.TIM_ClearOC2Ref
                0x00000000       0x10 ..\obj\stm32f0xx_tim.o
 .text.TIM_ClearOC3Ref
                0x00000000        0xc ..\obj\stm32f0xx_tim.o
 .text.TIM_ClearOC4Ref
                0x00000000       0x10 ..\obj\stm32f0xx_tim.o
 .text.TIM_OC1PolarityConfig
                0x00000000        0xc ..\obj\stm32f0xx_tim.o
 .text.TIM_OC1NPolarityConfig
                0x00000000        0xc ..\obj\stm32f0xx_tim.o
 .text.TIM_OC2PolarityConfig
                0x00000000       0x10 ..\obj\stm32f0xx_tim.o
 .text.TIM_OC2NPolarityConfig
                0x00000000       0x10 ..\obj\stm32f0xx_tim.o
 .text.TIM_OC3PolarityConfig
                0x00000000       0x14 ..\obj\stm32f0xx_tim.o
 .text.TIM_OC3NPolarityConfig
                0x00000000       0x14 ..\obj\stm32f0xx_tim.o
 .text.TIM_OC4PolarityConfig
                0x00000000       0x14 ..\obj\stm32f0xx_tim.o
 .text.TIM_SelectOCREFClear
                0x00000000       0x10 ..\obj\stm32f0xx_tim.o
 .text.TIM_CCxCmd
                0x00000000       0x18 ..\obj\stm32f0xx_tim.o
 .text.TIM_CCxNCmd
                0x00000000       0x18 ..\obj\stm32f0xx_tim.o
 .text.TIM_SelectCOM
                0x00000000       0x18 ..\obj\stm32f0xx_tim.o
 .text.TIM_ICStructInit
                0x00000000       0x10 ..\obj\stm32f0xx_tim.o
 .text.TIM_GetCapture1
                0x00000000        0x4 ..\obj\stm32f0xx_tim.o
 .text.TIM_GetCapture2
                0x00000000        0x4 ..\obj\stm32f0xx_tim.o
 .text.TIM_GetCapture3
                0x00000000        0x4 ..\obj\stm32f0xx_tim.o
 .text.TIM_GetCapture4
                0x00000000        0x4 ..\obj\stm32f0xx_tim.o
 .text.TIM_SetIC1Prescaler
                0x00000000       0x10 ..\obj\stm32f0xx_tim.o
 .text.TIM_SetIC2Prescaler
                0x00000000       0x18 ..\obj\stm32f0xx_tim.o
 .text.TIM_PWMIConfig
                0x00000000       0x66 ..\obj\stm32f0xx_tim.o
 .text.TIM_SetIC3Prescaler
                0x00000000       0x10 ..\obj\stm32f0xx_tim.o
 .text.TIM_SetIC4Prescaler
                0x00000000       0x18 ..\obj\stm32f0xx_tim.o
 .text.TIM_ICInit
                0x00000000       0xcc ..\obj\stm32f0xx_tim.o
 .text.TIM_GenerateEvent
                0x00000000        0x4 ..\obj\stm32f0xx_tim.o
 .text.TIM_GetFlagStatus
                0x00000000        0xc ..\obj\stm32f0xx_tim.o
 .text.TIM_ClearFlag
                0x00000000        0x8 ..\obj\stm32f0xx_tim.o
 .text.TIM_DMAConfig
                0x00000000        0x8 ..\obj\stm32f0xx_tim.o
 .text.TIM_DMACmd
                0x00000000       0x14 ..\obj\stm32f0xx_tim.o
 .text.TIM_SelectCCDMA
                0x00000000       0x18 ..\obj\stm32f0xx_tim.o
 .text.TIM_InternalClockConfig
                0x00000000        0xa ..\obj\stm32f0xx_tim.o
 .text.TIM_ITRxExternalClockConfig
                0x00000000       0x14 ..\obj\stm32f0xx_tim.o
 .text.TIM_TIxExternalClockConfig
                0x00000000       0x2e ..\obj\stm32f0xx_tim.o
 .text.TIM_SelectInputTrigger
                0x00000000        0xc ..\obj\stm32f0xx_tim.o
 .text.TIM_SelectOutputTrigger
                0x00000000       0x10 ..\obj\stm32f0xx_tim.o
 .text.TIM_SelectSlaveMode
                0x00000000       0x10 ..\obj\stm32f0xx_tim.o
 .text.TIM_SelectMasterSlaveMode
                0x00000000       0x10 ..\obj\stm32f0xx_tim.o
 .text.TIM_ETRConfig
                0x00000000       0x16 ..\obj\stm32f0xx_tim.o
 .text.TIM_ETRClockMode1Config
                0x00000000       0x14 ..\obj\stm32f0xx_tim.o
 .text.TIM_ETRClockMode2Config
                0x00000000       0x14 ..\obj\stm32f0xx_tim.o
 .text.TIM_EncoderInterfaceConfig
                0x00000000       0x30 ..\obj\stm32f0xx_tim.o
 .text.TIM_SelectHallSensor
                0x00000000       0x18 ..\obj\stm32f0xx_tim.o
 .text.TIM_RemapConfig
                0x00000000        0x6 ..\obj\stm32f0xx_tim.o
 .text          0x00000000        0x0 ..\obj\queue.o
 .data          0x00000000        0x0 ..\obj\queue.o
 .bss           0x00000000        0x0 ..\obj\queue.o
 .text.xQueueGiveMutexRecursive
                0x00000000       0x2e ..\obj\queue.o
 .text.xQueueGiveFromISR
                0x00000000       0x5a ..\obj\queue.o
 .text.xQueueTakeMutexRecursive
                0x00000000       0x2e ..\obj\queue.o
 .text.xQueuePeek
                0x00000000       0xea ..\obj\queue.o
 .text.xQueueReceiveFromISR
                0x00000000       0x6a ..\obj\queue.o
 .text.xQueuePeekFromISR
                0x00000000       0x2e ..\obj\queue.o
 .text.uxQueueMessagesWaiting
                0x00000000       0x12 ..\obj\queue.o
 .text.uxQueueMessagesWaitingFromISR
                0x00000000        0x4 ..\obj\queue.o
 .text.xQueueIsQueueEmptyFromISR
                0x00000000        0x8 ..\obj\queue.o
 .text.xQueueIsQueueFullFromISR
                0x00000000        0xc ..\obj\queue.o
 .text.pcQueueGetName
                0x00000000       0x30 ..\obj\queue.o
 .text.vQueueUnregisterQueue
                0x00000000       0x34 ..\obj\queue.o
 .text.vQueueDelete
                0x00000000       0x10 ..\obj\queue.o
 .text          0x00000000        0x0 ..\obj\port.o
 .bss           0x00000000        0x0 ..\obj\port.o
 .text.vPortEndScheduler
                0x00000000        0x2 ..\obj\port.o
 .text          0x00000000        0x0 ..\obj\stream_buffer.o
 .data          0x00000000        0x0 ..\obj\stream_buffer.o
 .bss           0x00000000        0x0 ..\obj\stream_buffer.o
 .text.prvBytesInBuffer
                0x00000000       0x12 ..\obj\stream_buffer.o
 .text.prvWriteBytesToBuffer
                0x00000000       0x46 ..\obj\stream_buffer.o
 .text.prvReadBytesFromBuffer
                0x00000000       0x52 ..\obj\stream_buffer.o
 .text.xStreamBufferGenericCreate
                0x00000000       0x44 ..\obj\stream_buffer.o
 .text.vStreamBufferDelete
                0x00000000       0x18 ..\obj\stream_buffer.o
 .text.xStreamBufferReset
                0x00000000       0x48 ..\obj\stream_buffer.o
 .text.xStreamBufferSetTriggerLevel
                0x00000000       0x16 ..\obj\stream_buffer.o
 .text.xStreamBufferSpacesAvailable
                0x00000000       0x16 ..\obj\stream_buffer.o
 .text.xStreamBufferBytesAvailable
                0x00000000        0x8 ..\obj\stream_buffer.o
 .text.xStreamBufferSend
                0x00000000       0xf0 ..\obj\stream_buffer.o
 .text.xStreamBufferSendFromISR
                0x00000000       0x8e ..\obj\stream_buffer.o
 .text.xStreamBufferReceive
                0x00000000       0xc6 ..\obj\stream_buffer.o
 .text.xStreamBufferNextMessageLengthBytes
                0x00000000       0x32 ..\obj\stream_buffer.o
 .text.xStreamBufferReceiveFromISR
                0x00000000       0x90 ..\obj\stream_buffer.o
 .text.xStreamBufferIsEmpty
                0x00000000        0xc ..\obj\stream_buffer.o
 .text.xStreamBufferIsFull
                0x00000000       0x18 ..\obj\stream_buffer.o
 .text.xStreamBufferSendCompletedFromISR
                0x00000000       0x36 ..\obj\stream_buffer.o
 .text.xStreamBufferReceiveCompletedFromISR
                0x00000000       0x36 ..\obj\stream_buffer.o
 .debug_info    0x00000000     0x1b65 ..\obj\stream_buffer.o
 .debug_abbrev  0x00000000      0x355 ..\obj\stream_buffer.o
 .debug_loc     0x00000000     0x15ca ..\obj\stream_buffer.o
 .debug_aranges
                0x00000000       0xa8 ..\obj\stream_buffer.o
 .debug_ranges  0x00000000      0x130 ..\obj\stream_buffer.o
 .debug_line    0x00000000      0x4ee ..\obj\stream_buffer.o
 .debug_str     0x00000000      0xc22 ..\obj\stream_buffer.o
 .comment       0x00000000       0x7f ..\obj\stream_buffer.o
 .debug_frame   0x00000000      0x200 ..\obj\stream_buffer.o
 .ARM.attributes
                0x00000000       0x31 ..\obj\stream_buffer.o
 .text          0x00000000        0x0 ..\obj\croutine.o
 .data          0x00000000        0x0 ..\obj\croutine.o
 .bss           0x00000000        0x0 ..\obj\croutine.o
 .debug_info    0x00000000       0x72 ..\obj\croutine.o
 .debug_abbrev  0x00000000       0x26 ..\obj\croutine.o
 .debug_aranges
                0x00000000       0x18 ..\obj\croutine.o
 .debug_line    0x00000000       0x1d ..\obj\croutine.o
 .debug_str     0x00000000      0x16b ..\obj\croutine.o
 .comment       0x00000000       0x7f ..\obj\croutine.o
 .ARM.attributes
                0x00000000       0x31 ..\obj\croutine.o
 .text          0x00000000        0x0 ..\obj\stm32f0xx_exti.o
 .data          0x00000000        0x0 ..\obj\stm32f0xx_exti.o
 .bss           0x00000000        0x0 ..\obj\stm32f0xx_exti.o
 .text.EXTI_DeInit
                0x00000000       0x20 ..\obj\stm32f0xx_exti.o
 .text.EXTI_StructInit
                0x00000000        0xe ..\obj\stm32f0xx_exti.o
 .text.EXTI_GenerateSWInterrupt
                0x00000000       0x10 ..\obj\stm32f0xx_exti.o
 .text.EXTI_GetFlagStatus
                0x00000000       0x14 ..\obj\stm32f0xx_exti.o
 .text.EXTI_ClearFlag
                0x00000000        0xc ..\obj\stm32f0xx_exti.o
 .text          0x00000000        0x0 ..\obj\event_groups.o
 .data          0x00000000        0x0 ..\obj\event_groups.o
 .bss           0x00000000        0x0 ..\obj\event_groups.o
 .text.xEventGroupCreate
                0x00000000       0x18 ..\obj\event_groups.o
 .text.xEventGroupWaitBits
                0x00000000       0xbc ..\obj\event_groups.o
 .text.xEventGroupClearBits
                0x00000000       0x1a ..\obj\event_groups.o
 .text.xEventGroupGetBitsFromISR
                0x00000000       0x12 ..\obj\event_groups.o
 .text.xEventGroupSetBits
                0x00000000       0x8e ..\obj\event_groups.o
 .text.xEventGroupSync
                0x00000000       0x86 ..\obj\event_groups.o
 .text.vEventGroupDelete
                0x00000000       0x2c ..\obj\event_groups.o
 .text.vEventGroupSetBitsCallback
                0x00000000        0x8 ..\obj\event_groups.o
 .text.vEventGroupClearBitsCallback
                0x00000000        0x8 ..\obj\event_groups.o
 .debug_info    0x00000000     0x1114 ..\obj\event_groups.o
 .debug_abbrev  0x00000000      0x2e4 ..\obj\event_groups.o
 .debug_loc     0x00000000      0xa06 ..\obj\event_groups.o
 .debug_aranges
                0x00000000       0x60 ..\obj\event_groups.o
 .debug_ranges  0x00000000       0x98 ..\obj\event_groups.o
 .debug_line    0x00000000      0x3b1 ..\obj\event_groups.o
 .debug_str     0x00000000      0x9c1 ..\obj\event_groups.o
 .comment       0x00000000       0x7f ..\obj\event_groups.o
 .debug_frame   0x00000000      0x114 ..\obj\event_groups.o
 .ARM.attributes
                0x00000000       0x31 ..\obj\event_groups.o
 .text          0x00000000        0x0 ..\obj\stm32f0xx_syscfg.o
 .data          0x00000000        0x0 ..\obj\stm32f0xx_syscfg.o
 .bss           0x00000000        0x0 ..\obj\stm32f0xx_syscfg.o
 .text.SYSCFG_DeInit
                0x00000000       0x24 ..\obj\stm32f0xx_syscfg.o
 .text.SYSCFG_MemoryRemapConfig
                0x00000000       0x14 ..\obj\stm32f0xx_syscfg.o
 .text.SYSCFG_DMAChannelRemapConfig
                0x00000000       0x1c ..\obj\stm32f0xx_syscfg.o
 .text.SYSCFG_I2CFastModePlusConfig
                0x00000000       0x1c ..\obj\stm32f0xx_syscfg.o
 .text.SYSCFG_BreakConfig
                0x00000000       0x10 ..\obj\stm32f0xx_syscfg.o
 .text.SYSCFG_GetFlagStatus
                0x00000000       0x10 ..\obj\stm32f0xx_syscfg.o
 .text.SYSCFG_ClearFlag
                0x00000000       0x10 ..\obj\stm32f0xx_syscfg.o
 .text          0x00000000        0x0 ..\obj\heap_1.o
 .data          0x00000000        0x0 ..\obj\heap_1.o
 .text.vPortInitialiseBlocks
                0x00000000        0xc ..\obj\heap_1.o
 .text.xPortGetFreeHeapSize
                0x00000000       0x14 ..\obj\heap_1.o
 .text          0x00000000        0x0 ..\obj\stm32f0xx_pwr.o
 .data          0x00000000        0x0 ..\obj\stm32f0xx_pwr.o
 .bss           0x00000000        0x0 ..\obj\stm32f0xx_pwr.o
 .text.PWR_DeInit
                0x00000000       0x18 ..\obj\stm32f0xx_pwr.o
 .text.PWR_BackupAccessCmd
                0x00000000       0x28 ..\obj\stm32f0xx_pwr.o
 .text.PWR_PVDLevelConfig
                0x00000000       0x14 ..\obj\stm32f0xx_pwr.o
 .text.PWR_PVDCmd
                0x00000000       0x20 ..\obj\stm32f0xx_pwr.o
 .text.PWR_WakeUpPinCmd
                0x00000000       0x1c ..\obj\stm32f0xx_pwr.o
 .text.PWR_EnterSleepMode
                0x00000000       0x1c ..\obj\stm32f0xx_pwr.o
 .text.PWR_EnterSTOPMode
                0x00000000       0x38 ..\obj\stm32f0xx_pwr.o
 .text.PWR_EnterSTANDBYMode
                0x00000000       0x28 ..\obj\stm32f0xx_pwr.o
 .text.PWR_GetFlagStatus
                0x00000000       0x14 ..\obj\stm32f0xx_pwr.o
 .text.PWR_ClearFlag
                0x00000000       0x10 ..\obj\stm32f0xx_pwr.o
 .debug_info    0x00000000      0x423 ..\obj\stm32f0xx_pwr.o
 .debug_abbrev  0x00000000      0x1c0 ..\obj\stm32f0xx_pwr.o
 .debug_loc     0x00000000      0x186 ..\obj\stm32f0xx_pwr.o
 .debug_aranges
                0x00000000       0x68 ..\obj\stm32f0xx_pwr.o
 .debug_ranges  0x00000000       0x58 ..\obj\stm32f0xx_pwr.o
 .debug_line    0x00000000      0x2db ..\obj\stm32f0xx_pwr.o
 .debug_str     0x00000000      0x352 ..\obj\stm32f0xx_pwr.o
 .comment       0x00000000       0x7f ..\obj\stm32f0xx_pwr.o
 .debug_frame   0x00000000       0xc0 ..\obj\stm32f0xx_pwr.o
 .ARM.attributes
                0x00000000       0x31 ..\obj\stm32f0xx_pwr.o
 .text          0x00000000        0x0 ..\obj\perif.o
 .data          0x00000000        0x0 ..\obj\perif.o
 .bss           0x00000000        0x0 ..\obj\perif.o
 .text.initTimer14
                0x00000000       0x88 ..\obj\perif.o
 .text.initTimer17
                0x00000000       0x54 ..\obj\perif.o
 .text          0x00000000        0x0 ..\obj\stm32f0xx_misc.o
 .data          0x00000000        0x0 ..\obj\stm32f0xx_misc.o
 .bss           0x00000000        0x0 ..\obj\stm32f0xx_misc.o
 .text.NVIC_SystemLPConfig
                0x00000000       0x1c ..\obj\stm32f0xx_misc.o
 .text.SysTick_CLKSourceConfig
                0x00000000       0x20 ..\obj\stm32f0xx_misc.o
 .data          0x00000000        0x0 d:/program files (x86)/arm tc 7 2017-q4-major/bin/../lib/gcc/arm-none-eabi/7.2.1/thumb/v6-m\libgcc.a(_udivsi3.o)
 .bss           0x00000000        0x0 d:/program files (x86)/arm tc 7 2017-q4-major/bin/../lib/gcc/arm-none-eabi/7.2.1/thumb/v6-m\libgcc.a(_udivsi3.o)
 .data          0x00000000        0x0 d:/program files (x86)/arm tc 7 2017-q4-major/bin/../lib/gcc/arm-none-eabi/7.2.1/thumb/v6-m\libgcc.a(_dvmd_tls.o)
 .bss           0x00000000        0x0 d:/program files (x86)/arm tc 7 2017-q4-major/bin/../lib/gcc/arm-none-eabi/7.2.1/thumb/v6-m\libgcc.a(_dvmd_tls.o)
 .text          0x00000000        0x0 d:/program files (x86)/arm tc 7 2017-q4-major/bin/../lib/gcc/arm-none-eabi/7.2.1/../../../../arm-none-eabi/lib/thumb/v6-m\libg.a(lib_a-memcpy-stub.o)
 .data          0x00000000        0x0 d:/program files (x86)/arm tc 7 2017-q4-major/bin/../lib/gcc/arm-none-eabi/7.2.1/../../../../arm-none-eabi/lib/thumb/v6-m\libg.a(lib_a-memcpy-stub.o)
 .bss           0x00000000        0x0 d:/program files (x86)/arm tc 7 2017-q4-major/bin/../lib/gcc/arm-none-eabi/7.2.1/../../../../arm-none-eabi/lib/thumb/v6-m\libg.a(lib_a-memcpy-stub.o)
 .text          0x00000000        0x0 d:/program files (x86)/arm tc 7 2017-q4-major/bin/../lib/gcc/arm-none-eabi/7.2.1/../../../../arm-none-eabi/lib/thumb/v6-m\libg.a(lib_a-memset.o)
 .data          0x00000000        0x0 d:/program files (x86)/arm tc 7 2017-q4-major/bin/../lib/gcc/arm-none-eabi/7.2.1/../../../../arm-none-eabi/lib/thumb/v6-m\libg.a(lib_a-memset.o)
 .bss           0x00000000        0x0 d:/program files (x86)/arm tc 7 2017-q4-major/bin/../lib/gcc/arm-none-eabi/7.2.1/../../../../arm-none-eabi/lib/thumb/v6-m\libg.a(lib_a-memset.o)

Memory Configuration

Name             Origin             Length             Attributes
rom              0x08000000         0x00010000         xr
ram              0x20000000         0x00002000         xrw
*default*        0x00000000         0xffffffff

Linker script and memory map

                0x20002000                _eram = 0x20002000

.text           0x08000000     0x344c
 *(.isr_vector)
 .isr_vector    0x08000000       0xc4 ..\obj\startup_stm32f0xx.o
                0x08000000                g_pfnVectors
 *(.text*)
 .text.Delay_Init
                0x080000c4       0x3c ..\obj\delay.o
                0x080000c4                Delay_Init
 .text.RCC_GetClocksFreq
                0x08000100      0x11c ..\obj\stm32f0xx_rcc.o
                0x08000100                RCC_GetClocksFreq
 .text.RCC_AHBPeriphClockCmd
                0x0800021c       0x1c ..\obj\stm32f0xx_rcc.o
                0x0800021c                RCC_AHBPeriphClockCmd
 .text.RCC_APB2PeriphClockCmd
                0x08000238       0x1c ..\obj\stm32f0xx_rcc.o
                0x08000238                RCC_APB2PeriphClockCmd
 .text.RCC_APB1PeriphClockCmd
                0x08000254       0x1c ..\obj\stm32f0xx_rcc.o
                0x08000254                RCC_APB1PeriphClockCmd
 .text.RCC_APB2PeriphResetCmd
                0x08000270       0x1c ..\obj\stm32f0xx_rcc.o
                0x08000270                RCC_APB2PeriphResetCmd
 .text.nRF24_WriteReg
                0x0800028c       0x52 ..\obj\nrf24.o
 .text.nRF24_WriteMBReg
                0x080002de       0x42 ..\obj\nrf24.o
 .text.nRF24_ReadMBReg
                0x08000320       0x44 ..\obj\nrf24.o
 .text.nRF24_ReadReg
                0x08000364       0x30 ..\obj\nrf24.o
 .text.nRF24_Check
                0x08000394       0x5c ..\obj\nrf24.o
                0x08000394                nRF24_Check
 .text.nRF24_SetPowerMode
                0x080003f0       0x22 ..\obj\nrf24.o
                0x080003f0                nRF24_SetPowerMode
 .text.nRF24_SetOperationalMode
                0x08000412       0x1e ..\obj\nrf24.o
                0x08000412                nRF24_SetOperationalMode
 .text.nRF24_SetCRCScheme
                0x08000430       0x1e ..\obj\nrf24.o
                0x08000430                nRF24_SetCRCScheme
 .text.nRF24_IntDisable
                0x0800044e       0x18 ..\obj\nrf24.o
                0x0800044e                nRF24_IntDisable
 .text.nRF24_SetRFChannel
                0x08000466        0xc ..\obj\nrf24.o
                0x08000466                nRF24_SetRFChannel
 .text.nRF24_SetAutoRetr
                0x08000472       0x14 ..\obj\nrf24.o
                0x08000472                nRF24_SetAutoRetr
 .text.nRF24_SetAddrWidth
                0x08000486        0xe ..\obj\nrf24.o
                0x08000486                nRF24_SetAddrWidth
 .text.nRF24_SetAddr
                0x08000494       0x68 ..\obj\nrf24.o
                0x08000494                nRF24_SetAddr
 .text.nRF24_SetTXPower
                0x080004fc       0x18 ..\obj\nrf24.o
                0x080004fc                nRF24_SetTXPower
 .text.nRF24_SetDataRate
                0x08000514       0x18 ..\obj\nrf24.o
                0x08000514                nRF24_SetDataRate
 .text.nRF24_SetRXPipe
                0x0800052c       0x58 ..\obj\nrf24.o
                0x0800052c                nRF24_SetRXPipe
 .text.nRF24_DisableAA
                0x08000584       0x28 ..\obj\nrf24.o
                0x08000584                nRF24_DisableAA
 .text.nRF24_FlushTX
                0x080005ac        0xc ..\obj\nrf24.o
                0x080005ac                nRF24_FlushTX
 .text.nRF24_FlushRX
                0x080005b8        0xc ..\obj\nrf24.o
                0x080005b8                nRF24_FlushRX
 .text.nRF24_ClearIRQFlags
                0x080005c4       0x16 ..\obj\nrf24.o
                0x080005c4                nRF24_ClearIRQFlags
 .text.nRF24_Init
                0x080005da       0x9c ..\obj\nrf24.o
                0x080005da                nRF24_Init
 *fill*         0x08000676        0x2 
 .text.nRF24_ReadPayload
                0x08000678       0x3c ..\obj\nrf24.o
                0x08000678                nRF24_ReadPayload
 .text.nRF24_ReConfig_RX
                0x080006b4       0x54 ..\obj\nrf24.o
                0x080006b4                nRF24_ReConfig_RX
 .text.ADC_DeInit
                0x08000708       0x24 ..\obj\stm32f0xx_adc.o
                0x08000708                ADC_DeInit
 .text.ADC_Init
                0x0800072c       0x2c ..\obj\stm32f0xx_adc.o
                0x0800072c                ADC_Init
 .text.ADC_StructInit
                0x08000758       0x10 ..\obj\stm32f0xx_adc.o
                0x08000758                ADC_StructInit
 .text.ADC_Cmd  0x08000768       0x18 ..\obj\stm32f0xx_adc.o
                0x08000768                ADC_Cmd
 .text.ADC_ChannelConfig
                0x08000780        0xa ..\obj\stm32f0xx_adc.o
                0x08000780                ADC_ChannelConfig
 *fill*         0x0800078a        0x2 
 .text.ADC_GetCalibrationFactor
                0x0800078c       0x2c ..\obj\stm32f0xx_adc.o
                0x0800078c                ADC_GetCalibrationFactor
 .text.ADC_StartOfConversion
                0x080007b8        0xa ..\obj\stm32f0xx_adc.o
                0x080007b8                ADC_StartOfConversion
 .text.ADC_DMACmd
                0x080007c2       0x18 ..\obj\stm32f0xx_adc.o
                0x080007c2                ADC_DMACmd
 .text.ADC_DMARequestModeConfig
                0x080007da       0x10 ..\obj\stm32f0xx_adc.o
                0x080007da                ADC_DMARequestModeConfig
 *fill*         0x080007ea        0x2 
 .text.ADC_GetFlagStatus
                0x080007ec       0x1c ..\obj\stm32f0xx_adc.o
                0x080007ec                ADC_GetFlagStatus
 .text.vBuzzer  0x08000808       0x50 ..\obj\main.o
                0x08000808                vBuzzer
 .text.vDisabler
                0x08000858       0x2c ..\obj\main.o
                0x08000858                vDisabler
 .text.vADCHandler
                0x08000884       0x1c ..\obj\main.o
                0x08000884                vADCHandler
 .text.vTOneCallbackFunction
                0x080008a0       0x28 ..\obj\main.o
                0x080008a0                vTOneCallbackFunction
 .text.vTTwoCallbackFunction
                0x080008c8       0x28 ..\obj\main.o
                0x080008c8                vTTwoCallbackFunction
 .text.vTThreeCallbackFunction
                0x080008f0       0x28 ..\obj\main.o
                0x080008f0                vTThreeCallbackFunction
 .text.vBlinker
                0x08000918       0x88 ..\obj\main.o
                0x08000918                vBlinker
 .text.vRADIOHandler
                0x080009a0      0x180 ..\obj\main.o
                0x080009a0                vRADIOHandler
 .text.vUARTHandler
                0x08000b20      0x180 ..\obj\main.o
                0x08000b20                vUARTHandler
 .text.TIM15_IRQHandler
                0x08000ca0       0x78 ..\obj\main.o
                0x08000ca0                TIM15_IRQHandler
 .text.EXTI4_15_IRQHandler
                0x08000d18       0x48 ..\obj\main.o
                0x08000d18                EXTI4_15_IRQHandler
 .text.USART1_IRQHandler
                0x08000d60       0x40 ..\obj\main.o
                0x08000d60                USART1_IRQHandler
 .text.main     0x08000da0      0x2bc ..\obj\main.o
                0x08000da0                main
 .text.Reset_Handler
                0x0800105c       0x4c ..\obj\startup_stm32f0xx.o
                0x0800105c                Reset_Handler
 .text.Default_Handler
                0x080010a8        0x2 ..\obj\startup_stm32f0xx.o
                0x080010a8                TIM1_CC_IRQHandler
                0x080010a8                HardFault_Handler
                0x080010a8                ADC1_COMP_IRQHandler
                0x080010a8                PVD_IRQHandler
                0x080010a8                NMI_Handler
                0x080010a8                I2C1_IRQHandler
                0x080010a8                SPI1_IRQHandler
                0x080010a8                TIM6_DAC_IRQHandler
                0x080010a8                EXTI2_3_IRQHandler
                0x080010a8                I2C2_IRQHandler
                0x080010a8                TIM17_IRQHandler
                0x080010a8                RTC_IRQHandler
                0x080010a8                TIM16_IRQHandler
                0x080010a8                TIM3_IRQHandler
                0x080010a8                RCC_IRQHandler
                0x080010a8                DMA1_Channel1_IRQHandler
                0x080010a8                Default_Handler
                0x080010a8                CEC_IRQHandler
                0x080010a8                TIM14_IRQHandler
                0x080010a8                DMA1_Channel4_5_IRQHandler
                0x080010a8                EXTI0_1_IRQHandler
                0x080010a8                SPI2_IRQHandler
                0x080010a8                TS_IRQHandler
                0x080010a8                WWDG_IRQHandler
                0x080010a8                TIM2_IRQHandler
                0x080010a8                DMA1_Channel2_3_IRQHandler
                0x080010a8                USART2_IRQHandler
                0x080010a8                FLASH_IRQHandler
                0x080010a8                TIM1_BRK_UP_TRG_COM_IRQHandler
 *fill*         0x080010aa        0x2 
 .text.prvInsertTimerInActiveList
                0x080010ac       0x40 ..\obj\timers.o
 .text.prvCheckForValidListAndQueue
                0x080010ec       0x50 ..\obj\timers.o
 .text.xTimerCreateTimerTask
                0x0800113c       0x38 ..\obj\timers.o
                0x0800113c                xTimerCreateTimerTask
 .text.xTimerCreate
                0x08001174       0x46 ..\obj\timers.o
                0x08001174                xTimerCreate
 *fill*         0x080011ba        0x2 
 .text.xTimerGenericCommand
                0x080011bc       0x58 ..\obj\timers.o
                0x080011bc                xTimerGenericCommand
 .text.prvSampleTimeNow
                0x08001214       0xa4 ..\obj\timers.o
 .text.prvTimerTask
                0x080012b8      0x180 ..\obj\timers.o
 .text.DMA_DeInit
                0x08001438       0x90 ..\obj\stm32f0xx_dma.o
                0x08001438                DMA_DeInit
 .text.DMA_Init
                0x080014c8       0x3c ..\obj\stm32f0xx_dma.o
                0x080014c8                DMA_Init
 .text.DMA_Cmd  0x08001504       0x1c ..\obj\stm32f0xx_dma.o
                0x08001504                DMA_Cmd
 .text.DMA_GetFlagStatus
                0x08001520       0x14 ..\obj\stm32f0xx_dma.o
                0x08001520                DMA_GetFlagStatus
 .text.prvResetNextTaskUnblockTime
                0x08001534       0x24 ..\obj\tasks.o
 .text.prvIdleTask
                0x08001558       0x50 ..\obj\tasks.o
 .text.prvAddCurrentTaskToDelayedList
                0x080015a8       0x64 ..\obj\tasks.o
 .text.xTaskCreate
                0x0800160c      0x1d8 ..\obj\tasks.o
                0x0800160c                xTaskCreate
 .text.vTaskStartScheduler
                0x080017e4       0x5c ..\obj\tasks.o
                0x080017e4                vTaskStartScheduler
 .text.vTaskSuspendAll
                0x08001840       0x10 ..\obj\tasks.o
                0x08001840                vTaskSuspendAll
 .text.xTaskGetTickCount
                0x08001850        0xc ..\obj\tasks.o
                0x08001850                xTaskGetTickCount
 .text.xTaskIncrementTick
                0x0800185c       0xe0 ..\obj\tasks.o
                0x0800185c                xTaskIncrementTick
 .text.xTaskResumeAll
                0x0800193c       0xd4 ..\obj\tasks.o
                0x0800193c                xTaskResumeAll
 .text.vTaskDelay
                0x08001a10       0x20 ..\obj\tasks.o
                0x08001a10                vTaskDelay
 .text.vTaskSwitchContext
                0x08001a30       0x80 ..\obj\tasks.o
                0x08001a30                vTaskSwitchContext
 .text.vTaskPlaceOnEventList
                0x08001ab0       0x1c ..\obj\tasks.o
                0x08001ab0                vTaskPlaceOnEventList
 .text.vTaskPlaceOnEventListRestricted
                0x08001acc       0x28 ..\obj\tasks.o
                0x08001acc                vTaskPlaceOnEventListRestricted
 .text.xTaskRemoveFromEventList
                0x08001af4       0x6c ..\obj\tasks.o
                0x08001af4                xTaskRemoveFromEventList
 .text.vTaskInternalSetTimeOutState
                0x08001b60       0x10 ..\obj\tasks.o
                0x08001b60                vTaskInternalSetTimeOutState
 .text.xTaskCheckForTimeOut
                0x08001b70       0x58 ..\obj\tasks.o
                0x08001b70                xTaskCheckForTimeOut
 .text.vTaskMissedYield
                0x08001bc8        0xc ..\obj\tasks.o
                0x08001bc8                vTaskMissedYield
 .text.xTaskGetSchedulerState
                0x08001bd4       0x1c ..\obj\tasks.o
                0x08001bd4                xTaskGetSchedulerState
 .text.xTaskPriorityInherit
                0x08001bf0       0x90 ..\obj\tasks.o
                0x08001bf0                xTaskPriorityInherit
 .text.xTaskPriorityDisinherit
                0x08001c80       0x60 ..\obj\tasks.o
                0x08001c80                xTaskPriorityDisinherit
 .text.vTaskPriorityDisinheritAfterTimeout
                0x08001ce0       0x70 ..\obj\tasks.o
                0x08001ce0                vTaskPriorityDisinheritAfterTimeout
 .text.pvTaskIncrementMutexHeldCount
                0x08001d50       0x1c ..\obj\tasks.o
                0x08001d50                pvTaskIncrementMutexHeldCount
 .text.SPI_Init
                0x08001d6c       0x54 ..\obj\stm32f0xx_spi.o
                0x08001d6c                SPI_Init
 .text.SPI_Cmd  0x08001dc0       0x18 ..\obj\stm32f0xx_spi.o
                0x08001dc0                SPI_Cmd
 .text.SPI_RxFIFOThresholdConfig
                0x08001dd8       0x14 ..\obj\stm32f0xx_spi.o
                0x08001dd8                SPI_RxFIFOThresholdConfig
 .text.SPI_NSSInternalSoftwareConfig
                0x08001dec       0x24 ..\obj\stm32f0xx_spi.o
                0x08001dec                SPI_NSSInternalSoftwareConfig
 .text.SPI_SendData8
                0x08001e10        0x4 ..\obj\stm32f0xx_spi.o
                0x08001e10                SPI_SendData8
 .text.SPI_ReceiveData8
                0x08001e14        0x6 ..\obj\stm32f0xx_spi.o
                0x08001e14                SPI_ReceiveData8
 *fill*         0x08001e1a        0x2 
 .text.SPI_CalculateCRC
                0x08001e1c       0x20 ..\obj\stm32f0xx_spi.o
                0x08001e1c                SPI_CalculateCRC
 .text.SPI_I2S_GetFlagStatus
                0x08001e3c        0xc ..\obj\stm32f0xx_spi.o
                0x08001e3c                SPI_I2S_GetFlagStatus
 .text.nRF24_LL_RW
                0x08001e48       0x34 ..\obj\nrf24_hal.o
                0x08001e48                nRF24_LL_RW
 .text.SetSysClock1
                0x08001e7c       0x24 ..\obj\system_stm32f0xx_temp.o
                0x08001e7c                SetSysClock
 .text.SystemInit1
                0x08001ea0       0x64 ..\obj\system_stm32f0xx_temp.o
                0x08001ea0                SystemInit
                0x08001ea0                SystemInit1
 .text.GPIO_Init
                0x08001f04       0x8a ..\obj\stm32f0xx_gpio.o
                0x08001f04                GPIO_Init
 .text.GPIO_SetBits
                0x08001f8e        0x4 ..\obj\stm32f0xx_gpio.o
                0x08001f8e                GPIO_SetBits
 .text.GPIO_ResetBits
                0x08001f92        0x4 ..\obj\stm32f0xx_gpio.o
                0x08001f92                GPIO_ResetBits
 .text.GPIO_PinAFConfig
                0x08001f96       0x22 ..\obj\stm32f0xx_gpio.o
                0x08001f96                GPIO_PinAFConfig
 .text.vListInitialise
                0x08001fb8       0x16 ..\obj\list.o
                0x08001fb8                vListInitialise
 .text.vListInitialiseItem
                0x08001fce        0x6 ..\obj\list.o
                0x08001fce                vListInitialiseItem
 .text.vListInsertEnd
                0x08001fd4       0x18 ..\obj\list.o
                0x08001fd4                vListInsertEnd
 .text.vListInsert
                0x08001fec       0x2e ..\obj\list.o
                0x08001fec                vListInsert
 .text.uxListRemove
                0x0800201a       0x28 ..\obj\list.o
                0x0800201a                uxListRemove
 *fill*         0x08002042        0x2 
 .text.USART_Init
                0x08002044       0xbc ..\obj\stm32f0xx_usart.o
                0x08002044                USART_Init
 .text.USART_Cmd
                0x08002100       0x18 ..\obj\stm32f0xx_usart.o
                0x08002100                USART_Cmd
 .text.USART_SendData
                0x08002118        0x8 ..\obj\stm32f0xx_usart.o
                0x08002118                USART_SendData
 .text.USART_ReceiveData
                0x08002120        0x8 ..\obj\stm32f0xx_usart.o
                0x08002120                USART_ReceiveData
 .text.USART_ITConfig
                0x08002128       0x36 ..\obj\stm32f0xx_usart.o
                0x08002128                USART_ITConfig
 .text.USART_GetFlagStatus
                0x0800215e        0xc ..\obj\stm32f0xx_usart.o
                0x0800215e                USART_GetFlagStatus
 .text.USART_GetITStatus
                0x0800216a       0x3e ..\obj\stm32f0xx_usart.o
                0x0800216a                USART_GetITStatus
 .text.TIM_TimeBaseInit
                0x080021a8       0xa0 ..\obj\stm32f0xx_tim.o
                0x080021a8                TIM_TimeBaseInit
 .text.TIM_TimeBaseStructInit
                0x08002248       0x12 ..\obj\stm32f0xx_tim.o
                0x08002248                TIM_TimeBaseStructInit
 .text.TIM_Cmd  0x0800225a       0x18 ..\obj\stm32f0xx_tim.o
                0x0800225a                TIM_Cmd
 .text.TIM_CtrlPWMOutputs
                0x08002272       0x1e ..\obj\stm32f0xx_tim.o
                0x08002272                TIM_CtrlPWMOutputs
 .text.TIM_OC1Init
                0x08002290       0x7c ..\obj\stm32f0xx_tim.o
                0x08002290                TIM_OC1Init
 .text.TIM_OCStructInit
                0x0800230c       0x14 ..\obj\stm32f0xx_tim.o
                0x0800230c                TIM_OCStructInit
 .text.TIM_ITConfig
                0x08002320       0x14 ..\obj\stm32f0xx_tim.o
                0x08002320                TIM_ITConfig
 .text.TIM_GetITStatus
                0x08002334       0x16 ..\obj\stm32f0xx_tim.o
                0x08002334                TIM_GetITStatus
 .text.TIM_ClearITPendingBit
                0x0800234a        0x8 ..\obj\stm32f0xx_tim.o
                0x0800234a                TIM_ClearITPendingBit
 .text.prvIsQueueEmpty
                0x08002352       0x14 ..\obj\queue.o
 .text.prvCopyDataToQueue
                0x08002366       0x76 ..\obj\queue.o
 .text.prvCopyDataFromQueue
                0x080023dc       0x24 ..\obj\queue.o
 .text.prvUnlockQueue
                0x08002400       0x86 ..\obj\queue.o
 .text.xQueueGenericReset
                0x08002486       0x62 ..\obj\queue.o
                0x08002486                xQueueGenericReset
 .text.xQueueGenericCreate
                0x080024e8       0x32 ..\obj\queue.o
                0x080024e8                xQueueGenericCreate
 .text.xQueueCreateCountingSemaphore
                0x0800251a       0x14 ..\obj\queue.o
                0x0800251a                xQueueCreateCountingSemaphore
 .text.xQueueGenericSend
                0x0800252e      0x108 ..\obj\queue.o
                0x0800252e                xQueueGenericSend
 .text.xQueueCreateMutex
                0x08002636       0x24 ..\obj\queue.o
                0x08002636                xQueueCreateMutex
 .text.xQueueGenericSendFromISR
                0x0800265a       0x72 ..\obj\queue.o
                0x0800265a                xQueueGenericSendFromISR
 .text.xQueueReceive
                0x080026cc       0xf8 ..\obj\queue.o
                0x080026cc                xQueueReceive
 .text.xQueueSemaphoreTake
                0x080027c4      0x138 ..\obj\queue.o
                0x080027c4                xQueueSemaphoreTake
 .text.uxQueueSpacesAvailable
                0x080028fc       0x16 ..\obj\queue.o
                0x080028fc                uxQueueSpacesAvailable
 *fill*         0x08002912        0x2 
 .text.vQueueAddToRegistry
                0x08002914       0x30 ..\obj\queue.o
                0x08002914                vQueueAddToRegistry
 .text.vQueueWaitForMessageRestricted
                0x08002944       0x50 ..\obj\queue.o
                0x08002944                vQueueWaitForMessageRestricted
 .text.prvTaskExitError
                0x08002994       0x12 ..\obj\port.o
 *fill*         0x080029a6        0xa 
 .text.vPortStartFirstTask
                0x080029b0       0x34 ..\obj\port.o
 .text.pxPortInitialiseStack
                0x080029e4       0x20 ..\obj\port.o
                0x080029e4                pxPortInitialiseStack
 .text.SVC_Handler
                0x08002a04        0x2 ..\obj\port.o
                0x08002a04                SVC_Handler
 *fill*         0x08002a06        0x2 
 .text.vPortYield
                0x08002a08       0x18 ..\obj\port.o
                0x08002a08                vPortYield
 .text.vPortEnterCritical
                0x08002a20       0x18 ..\obj\port.o
                0x08002a20                vPortEnterCritical
 .text.vPortExitCritical
                0x08002a38       0x14 ..\obj\port.o
                0x08002a38                vPortExitCritical
 .text.ulSetInterruptMaskFromISR
                0x08002a4c        0x8 ..\obj\port.o
                0x08002a4c                ulSetInterruptMaskFromISR
 .text.vClearInterruptMaskFromISR
                0x08002a54        0x6 ..\obj\port.o
                0x08002a54                vClearInterruptMaskFromISR
 *fill*         0x08002a5a        0x6 
 .text.PendSV_Handler
                0x08002a60       0x44 ..\obj\port.o
                0x08002a60                PendSV_Handler
 .text.SysTick_Handler
                0x08002aa4       0x24 ..\obj\port.o
                0x08002aa4                SysTick_Handler
 .text.vPortSetupTimerInterrupt
                0x08002ac8       0x28 ..\obj\port.o
                0x08002ac8                vPortSetupTimerInterrupt
 .text.xPortStartScheduler
                0x08002af0       0x3c ..\obj\port.o
                0x08002af0                xPortStartScheduler
 .text.EXTI_Init
                0x08002b2c       0x78 ..\obj\stm32f0xx_exti.o
                0x08002b2c                EXTI_Init
 .text.EXTI_GetITStatus
                0x08002ba4       0x14 ..\obj\stm32f0xx_exti.o
                0x08002ba4                EXTI_GetITStatus
 .text.EXTI_ClearITPendingBit
                0x08002bb8        0xc ..\obj\stm32f0xx_exti.o
                0x08002bb8                EXTI_ClearITPendingBit
 .text.SYSCFG_EXTILineConfig
                0x08002bc4       0x2c ..\obj\stm32f0xx_syscfg.o
                0x08002bc4                SYSCFG_EXTILineConfig
 .text.pvPortMalloc
                0x08002bf0       0x80 ..\obj\heap_1.o
                0x08002bf0                pvPortMalloc
 .text.vPortFree
                0x08002c70        0x2 ..\obj\heap_1.o
                0x08002c70                vPortFree
 *fill*         0x08002c72        0x2 
 .text.initIOAnalog
                0x08002c74       0x70 ..\obj\perif.o
                0x08002c74                initIOAnalog
 .text.initIO   0x08002ce4       0x78 ..\obj\perif.o
                0x08002ce4                initIO
 .text.initUSART
                0x08002d5c       0x98 ..\obj\perif.o
                0x08002d5c                initUSART
 .text.initTimer15
                0x08002df4       0x60 ..\obj\perif.o
                0x08002df4                initTimer15
 .text.initTimer16
                0x08002e54       0xc4 ..\obj\perif.o
                0x08002e54                initTimer16
 .text.initSPI2
                0x08002f18       0xb4 ..\obj\perif.o
                0x08002f18                initSPI2
 .text.initADC  0x08002fcc       0xdc ..\obj\perif.o
                0x08002fcc                initADC
 .text.initEXTI
                0x080030a8       0x3e ..\obj\perif.o
                0x080030a8                initEXTI
 *fill*         0x080030e6        0x2 
 .text.NVIC_Init
                0x080030e8       0x5c ..\obj\stm32f0xx_misc.o
                0x080030e8                NVIC_Init
 .text          0x08003144      0x114 d:/program files (x86)/arm tc 7 2017-q4-major/bin/../lib/gcc/arm-none-eabi/7.2.1/thumb/v6-m\libgcc.a(_udivsi3.o)
                0x08003144                __aeabi_uidiv
                0x08003144                __udivsi3
                0x08003250                __aeabi_uidivmod
 .text          0x08003258        0x4 d:/program files (x86)/arm tc 7 2017-q4-major/bin/../lib/gcc/arm-none-eabi/7.2.1/thumb/v6-m\libgcc.a(_dvmd_tls.o)
                0x08003258                __aeabi_idiv0
                0x08003258                __aeabi_ldiv0
 .text.memcpy   0x0800325c       0x88 d:/program files (x86)/arm tc 7 2017-q4-major/bin/../lib/gcc/arm-none-eabi/7.2.1/../../../../arm-none-eabi/lib/thumb/v6-m\libg.a(lib_a-memcpy-stub.o)
                0x0800325c                memcpy
 .text.memset   0x080032e4       0x9c d:/program files (x86)/arm tc 7 2017-q4-major/bin/../lib/gcc/arm-none-eabi/7.2.1/../../../../arm-none-eabi/lib/thumb/v6-m\libg.a(lib_a-memset.o)
                0x080032e4                memset
 *(.init)
 *(.fini)
 *crtbegin.o(.ctors)
 *crtbegin?.o(.ctors)
 *(EXCLUDE_FILE(*crtend.o *crtend?.o) .ctors)
 *(SORT_BY_NAME(.ctors.*))
 *(.ctors)
 *crtbegin.o(.dtors)
 *crtbegin?.o(.dtors)
 *(EXCLUDE_FILE(*crtend.o *crtend?.o) .dtors)
 *(SORT_BY_NAME(.dtors.*))
 *(.dtors)
 *(.rodata*)
 .rodata        0x08003380       0x2b ..\obj\nrf24.o
 *fill*         0x080033ab        0x1 
 .rodata.str1.4
                0x080033ac        0x6 ..\obj\nrf24.o
 *fill*         0x080033b2        0x2 
 .rodata.str1.4
                0x080033b4       0x55 ..\obj\main.o
 *fill*         0x08003409        0x3 
 .rodata        0x0800340c       0x28 ..\obj\timers.o
 .rodata.str1.4
                0x08003434       0x10 ..\obj\timers.o
 .rodata.str1.4
                0x08003444        0x8 ..\obj\tasks.o
                                  0x5 (size before relaxing)
 *(.eh_fram e*)

.glue_7         0x0800344c        0x0
 .glue_7        0x0800344c        0x0 linker stubs

.glue_7t        0x0800344c        0x0
 .glue_7t       0x0800344c        0x0 linker stubs

.vfp11_veneer   0x0800344c        0x0
 .vfp11_veneer  0x0800344c        0x0 linker stubs

.v4_bx          0x0800344c        0x0
 .v4_bx         0x0800344c        0x0 linker stubs

.iplt           0x0800344c        0x0
 .iplt          0x0800344c        0x0 ..\obj\delay.o

.rel.dyn        0x0800344c        0x0
 .rel.iplt      0x0800344c        0x0 ..\obj\delay.o

.ARM.extab
 *(.ARM.extab* .gnu.linkonce.armextab.*)
                0x0800344c                __exidx_start = .

.ARM.exidx
 *(.ARM.exidx* .gnu.linkonce.armexidx.*)
                0x0800344c                __exidx_end = .
                0x0800344c                __etext = .
                0x0800344c                _sidata = __etext

.data           0x20000000       0x3c load address 0x0800344c
                0x20000000                __data_start__ = .
                0x20000000                _sdata = __data_start__
 *(vtable)
 *(.data*)
 .data          0x20000000       0x10 ..\obj\stm32f0xx_rcc.o
 .data          0x20000010       0x10 ..\obj\main.o
                0x20000010                devOffCNT
                0x20000014                ADCbuf
                0x2000001c                nRF24_ADDR
                0x2000001f                nRF24_STATE
 .data          0x20000020        0x4 ..\obj\tasks.o
                0x20000020                uxTopUsedPriority
 .data          0x20000024       0x14 ..\obj\system_stm32f0xx_temp.o
                0x20000024                AHBPrescTable
                0x20000034                SystemCoreClock
 .data          0x20000038        0x4 ..\obj\port.o
                0x2000003c                . = ALIGN (0x4)
                [!provide]                PROVIDE (__preinit_array_start, .)
 *(.preinit_array)
                [!provide]                PROVIDE (__preinit_array_end, .)
                0x2000003c                . = ALIGN (0x4)
                [!provide]                PROVIDE (__init_array_start, .)
 *(SORT_BY_NAME(.init_array.*))
 *(.init_array)
                [!provide]                PROVIDE (__init_array_end, .)
                0x2000003c                . = ALIGN (0x4)
                [!provide]                PROVIDE (__fini_array_start, .)
 *(SORT_BY_NAME(.fini_array.*))
 *(.fini_array)
                [!provide]                PROVIDE (__fini_array_end, .)
 *(.jcr*)
                0x2000003c                . = ALIGN (0x4)
                0x2000003c                __data_end__ = .
                0x2000003c                _edata = __data_end__

.igot.plt       0x2000003c        0x0 load address 0x08003488
 .igot.plt      0x2000003c        0x0 ..\obj\delay.o

.bss            0x2000003c     0x1a1c load address 0x08003488
                0x2000003c                . = ALIGN (0x4)
                0x2000003c                __bss_start__ = .
                0x2000003c                _sbss = __bss_start__
 *(.bss*)
 .bss           0x2000003c        0xd ..\obj\main.o
                0x2000003c                tmpDev
                0x20000048                flg
 *fill*         0x20000049        0x3 
 .bss           0x2000004c       0x3c ..\obj\timers.o
 .bss           0x20000088      0x104 ..\obj\tasks.o
                0x20000114                pxCurrentTCB
 .bss           0x2000018c     0x1808 ..\obj\heap_1.o
 *(COMMON)
 COMMON         0x20001994       0x74 ..\obj\main.o
                0x20001994                tx_res
                0x20001998                bobFromRadio
                0x2000199d                payload_length
                0x200019a0                xCNTSemaphore
                0x200019a4                xQueueFromADC
                0x200019a8                xSemaphore
                0x200019b4                pipe
                0x200019b8                xQueueFromUART
                0x200019bc                xQueueFromRadio
                0x200019c0                bobFromQueue
                0x200019c8                ADC_volts
                0x200019d0                Ready_volts
                0x200019d8                xTimer
                0x200019e4                xQueueFromRadioHndl
                0x200019e8                nRF24_payload
 COMMON         0x20001a08       0x50 ..\obj\queue.o
                0x20001a08                xQueueRegistry
                0x20001a58                . = ALIGN (0x4)
                0x20001a58                __bss_end__ = .
                0x20001a58                _ebss = __bss_end__

.heap           0x20001a58        0x0
                0x20001a58                __end__ = .
                0x20001a58                _end = __end__
                0x20001a58                end = __end__
 *(.heap*)
                0x20001a58                __HeapLimit = .

.co_stack       0x20001a58        0x0
                0x20001a58                . = ALIGN (0x8)
 *(.co_stack .co_stack.*)
                0x20002000                __StackTop = (ORIGIN (ram) + LENGTH (ram))
                0x20002000                __StackLimit = (__StackTop - SIZEOF (.co_stack))
                [!provide]                PROVIDE (__stack, __StackTop)
                0x00000001                ASSERT ((__StackLimit >= __HeapLimit), region ram  overflowed with stack)
LOAD ..\obj\delay.o
LOAD ..\obj\stm32f0xx_rcc.o
LOAD ..\obj\nrf24.o
LOAD ..\obj\stm32f0xx_adc.o
LOAD ..\obj\main.o
LOAD ..\obj\startup_stm32f0xx.o
LOAD ..\obj\timers.o
LOAD ..\obj\stm32f0xx_dma.o
LOAD ..\obj\tasks.o
LOAD ..\obj\stm32f0xx_spi.o
LOAD ..\obj\nrf24_hal.o
LOAD ..\obj\system_stm32f0xx_temp.o
LOAD ..\obj\stm32f0xx_gpio.o
LOAD ..\obj\list.o
LOAD ..\obj\syscalls.o
LOAD ..\obj\stm32f0xx_usart.o
LOAD ..\obj\stm32f0xx_tim.o
LOAD ..\obj\queue.o
LOAD ..\obj\port.o
LOAD ..\obj\stream_buffer.o
LOAD ..\obj\croutine.o
LOAD ..\obj\stm32f0xx_exti.o
LOAD ..\obj\event_groups.o
LOAD ..\obj\stm32f0xx_syscfg.o
LOAD ..\obj\heap_1.o
LOAD ..\obj\stm32f0xx_pwr.o
LOAD ..\obj\perif.o
LOAD ..\obj\stm32f0xx_misc.o
START GROUP
LOAD d:/program files (x86)/arm tc 7 2017-q4-major/bin/../lib/gcc/arm-none-eabi/7.2.1/thumb/v6-m\libgcc.a
LOAD d:/program files (x86)/arm tc 7 2017-q4-major/bin/../lib/gcc/arm-none-eabi/7.2.1/../../../../arm-none-eabi/lib/thumb/v6-m\libg.a
LOAD d:/program files (x86)/arm tc 7 2017-q4-major/bin/../lib/gcc/arm-none-eabi/7.2.1/../../../../arm-none-eabi/lib/thumb/v6-m\libc.a
END GROUP
OUTPUT(BS3.elf elf32-littlearm)

.debug_info     0x00000000    0x12f3b
 .debug_info    0x00000000      0x3ac ..\obj\delay.o
 .debug_info    0x000003ac      0x9f5 ..\obj\stm32f0xx_rcc.o
 .debug_info    0x00000da1     0x136c ..\obj\nrf24.o
 .debug_info    0x0000210d      0x8d5 ..\obj\stm32f0xx_adc.o
 .debug_info    0x000029e2     0x1e3c ..\obj\main.o
 .debug_info    0x0000481e       0x22 ..\obj\startup_stm32f0xx.o
 .debug_info    0x00004840     0x17c5 ..\obj\timers.o
 .debug_info    0x00006005      0x435 ..\obj\stm32f0xx_dma.o
 .debug_info    0x0000643a     0x2920 ..\obj\tasks.o
 .debug_info    0x00008d5a      0xb3c ..\obj\stm32f0xx_spi.o
 .debug_info    0x00009896      0x280 ..\obj\nrf24_hal.o
 .debug_info    0x00009b16      0x2b8 ..\obj\system_stm32f0xx_temp.o
 .debug_info    0x00009dce      0x6fe ..\obj\stm32f0xx_gpio.o
 .debug_info    0x0000a4cc      0xac7 ..\obj\list.o
 .debug_info    0x0000af93      0xec8 ..\obj\stm32f0xx_usart.o
 .debug_info    0x0000be5b     0x209d ..\obj\stm32f0xx_tim.o
 .debug_info    0x0000def8     0x21af ..\obj\queue.o
 .debug_info    0x000100a7      0x2ba ..\obj\port.o
 .debug_info    0x00010361      0x32f ..\obj\stm32f0xx_exti.o
 .debug_info    0x00010690      0x2c6 ..\obj\stm32f0xx_syscfg.o
 .debug_info    0x00010956      0x9d4 ..\obj\heap_1.o
 .debug_info    0x0001132a     0x18a6 ..\obj\perif.o
 .debug_info    0x00012bd0      0x36b ..\obj\stm32f0xx_misc.o

.debug_abbrev   0x00000000     0x2e45
 .debug_abbrev  0x00000000      0x13e ..\obj\delay.o
 .debug_abbrev  0x0000013e      0x245 ..\obj\stm32f0xx_rcc.o
 .debug_abbrev  0x00000383      0x2ba ..\obj\nrf24.o
 .debug_abbrev  0x0000063d      0x1c0 ..\obj\stm32f0xx_adc.o
 .debug_abbrev  0x000007fd      0x306 ..\obj\main.o
 .debug_abbrev  0x00000b03       0x12 ..\obj\startup_stm32f0xx.o
 .debug_abbrev  0x00000b15      0x3a1 ..\obj\timers.o
 .debug_abbrev  0x00000eb6      0x182 ..\obj\stm32f0xx_dma.o
 .debug_abbrev  0x00001038      0x3d5 ..\obj\tasks.o
 .debug_abbrev  0x0000140d      0x1e6 ..\obj\stm32f0xx_spi.o
 .debug_abbrev  0x000015f3      0x10a ..\obj\nrf24_hal.o
 .debug_abbrev  0x000016fd      0x12d ..\obj\system_stm32f0xx_temp.o
 .debug_abbrev  0x0000182a      0x1e6 ..\obj\stm32f0xx_gpio.o
 .debug_abbrev  0x00001a10      0x220 ..\obj\list.o
 .debug_abbrev  0x00001c30      0x1c8 ..\obj\stm32f0xx_usart.o
 .debug_abbrev  0x00001df8      0x290 ..\obj\stm32f0xx_tim.o
 .debug_abbrev  0x00002088      0x36f ..\obj\queue.o
 .debug_abbrev  0x000023f7      0x18a ..\obj\port.o
 .debug_abbrev  0x00002581      0x1cd ..\obj\stm32f0xx_exti.o
 .debug_abbrev  0x0000274e      0x16f ..\obj\stm32f0xx_syscfg.o
 .debug_abbrev  0x000028bd      0x258 ..\obj\heap_1.o
 .debug_abbrev  0x00002b15      0x1df ..\obj\perif.o
 .debug_abbrev  0x00002cf4      0x151 ..\obj\stm32f0xx_misc.o

.debug_loc      0x00000000     0x8c62
 .debug_loc     0x00000000       0x29 ..\obj\delay.o
 .debug_loc     0x00000029      0x8a8 ..\obj\stm32f0xx_rcc.o
 .debug_loc     0x000008d1      0x88c ..\obj\nrf24.o
 .debug_loc     0x0000115d      0x44d ..\obj\stm32f0xx_adc.o
 .debug_loc     0x000015aa      0x1e0 ..\obj\main.o
 .debug_loc     0x0000178a      0xa27 ..\obj\timers.o
 .debug_loc     0x000021b1      0x150 ..\obj\stm32f0xx_dma.o
 .debug_loc     0x00002301     0x1d4c ..\obj\tasks.o
 .debug_loc     0x0000404d      0x720 ..\obj\stm32f0xx_spi.o
 .debug_loc     0x0000476d       0x21 ..\obj\nrf24_hal.o
 .debug_loc     0x0000478e      0x14f ..\obj\system_stm32f0xx_temp.o
 .debug_loc     0x000048dd      0x2a4 ..\obj\stm32f0xx_gpio.o
 .debug_loc     0x00004b81       0x52 ..\obj\list.o
 .debug_loc     0x00004bd3      0x97c ..\obj\stm32f0xx_usart.o
 .debug_loc     0x0000554f     0x1bad ..\obj\stm32f0xx_tim.o
 .debug_loc     0x000070fc     0x1622 ..\obj\queue.o
 .debug_loc     0x0000871e       0xb3 ..\obj\port.o
 .debug_loc     0x000087d1      0x163 ..\obj\stm32f0xx_exti.o
 .debug_loc     0x00008934      0x1c8 ..\obj\stm32f0xx_syscfg.o
 .debug_loc     0x00008afc       0x6c ..\obj\heap_1.o
 .debug_loc     0x00008b68       0x65 ..\obj\perif.o
 .debug_loc     0x00008bcd       0x95 ..\obj\stm32f0xx_misc.o

.debug_aranges  0x00000000     0x10a0
 .debug_aranges
                0x00000000       0x20 ..\obj\delay.o
 .debug_aranges
                0x00000020      0x150 ..\obj\stm32f0xx_rcc.o
 .debug_aranges
                0x00000170      0x130 ..\obj\nrf24.o
 .debug_aranges
                0x000002a0      0x100 ..\obj\stm32f0xx_adc.o
 .debug_aranges
                0x000003a0       0x80 ..\obj\main.o
 .debug_aranges
                0x00000420       0x28 ..\obj\startup_stm32f0xx.o
 .debug_aranges
                0x00000448       0x98 ..\obj\timers.o
 .debug_aranges
                0x000004e0       0x70 ..\obj\stm32f0xx_dma.o
 .debug_aranges
                0x00000550      0x1a0 ..\obj\tasks.o
 .debug_aranges
                0x000006f0      0x110 ..\obj\stm32f0xx_spi.o
 .debug_aranges
                0x00000800       0x20 ..\obj\nrf24_hal.o
 .debug_aranges
                0x00000820       0x30 ..\obj\system_stm32f0xx_temp.o
 .debug_aranges
                0x00000850       0x80 ..\obj\stm32f0xx_gpio.o
 .debug_aranges
                0x000008d0       0x40 ..\obj\list.o
 .debug_aranges
                0x00000910      0x1a0 ..\obj\stm32f0xx_usart.o
 .debug_aranges
                0x00000ab0      0x2f0 ..\obj\stm32f0xx_tim.o
 .debug_aranges
                0x00000da0       0xf8 ..\obj\queue.o
 .debug_aranges
                0x00000e98       0x88 ..\obj\port.o
 .debug_aranges
                0x00000f20       0x58 ..\obj\stm32f0xx_exti.o
 .debug_aranges
                0x00000f78       0x58 ..\obj\stm32f0xx_syscfg.o
 .debug_aranges
                0x00000fd0       0x38 ..\obj\heap_1.o
 .debug_aranges
                0x00001008       0x68 ..\obj\perif.o
 .debug_aranges
                0x00001070       0x30 ..\obj\stm32f0xx_misc.o

.debug_ranges   0x00000000     0x11e8
 .debug_ranges  0x00000000       0x10 ..\obj\delay.o
 .debug_ranges  0x00000010      0x140 ..\obj\stm32f0xx_rcc.o
 .debug_ranges  0x00000150      0x120 ..\obj\nrf24.o
 .debug_ranges  0x00000270       0xf0 ..\obj\stm32f0xx_adc.o
 .debug_ranges  0x00000360       0x70 ..\obj\main.o
 .debug_ranges  0x000003d0       0x20 ..\obj\startup_stm32f0xx.o
 .debug_ranges  0x000003f0       0xf0 ..\obj\timers.o
 .debug_ranges  0x000004e0       0x60 ..\obj\stm32f0xx_dma.o
 .debug_ranges  0x00000540      0x2e0 ..\obj\tasks.o
 .debug_ranges  0x00000820      0x100 ..\obj\stm32f0xx_spi.o
 .debug_ranges  0x00000920       0x10 ..\obj\nrf24_hal.o
 .debug_ranges  0x00000930       0x20 ..\obj\system_stm32f0xx_temp.o
 .debug_ranges  0x00000950       0x70 ..\obj\stm32f0xx_gpio.o
 .debug_ranges  0x000009c0       0x30 ..\obj\list.o
 .debug_ranges  0x000009f0      0x190 ..\obj\stm32f0xx_usart.o
 .debug_ranges  0x00000b80      0x2e0 ..\obj\stm32f0xx_tim.o
 .debug_ranges  0x00000e60      0x1e0 ..\obj\queue.o
 .debug_ranges  0x00001040       0x78 ..\obj\port.o
 .debug_ranges  0x000010b8       0x48 ..\obj\stm32f0xx_exti.o
 .debug_ranges  0x00001100       0x48 ..\obj\stm32f0xx_syscfg.o
 .debug_ranges  0x00001148       0x28 ..\obj\heap_1.o
 .debug_ranges  0x00001170       0x58 ..\obj\perif.o
 .debug_ranges  0x000011c8       0x20 ..\obj\stm32f0xx_misc.o

.debug_line     0x00000000     0x5b87
 .debug_line    0x00000000      0x198 ..\obj\delay.o
 .debug_line    0x00000198      0x52b ..\obj\stm32f0xx_rcc.o
 .debug_line    0x000006c3      0x4b8 ..\obj\nrf24.o
 .debug_line    0x00000b7b      0x439 ..\obj\stm32f0xx_adc.o
 .debug_line    0x00000fb4      0x555 ..\obj\main.o
 .debug_line    0x00001509       0xa4 ..\obj\startup_stm32f0xx.o
 .debug_line    0x000015ad      0x451 ..\obj\timers.o
 .debug_line    0x000019fe      0x299 ..\obj\stm32f0xx_dma.o
 .debug_line    0x00001c97      0xb13 ..\obj\tasks.o
 .debug_line    0x000027aa      0x478 ..\obj\stm32f0xx_spi.o
 .debug_line    0x00002c22      0x1a8 ..\obj\nrf24_hal.o
 .debug_line    0x00002dca      0x192 ..\obj\system_stm32f0xx_temp.o
 .debug_line    0x00002f5c      0x2d8 ..\obj\stm32f0xx_gpio.o
 .debug_line    0x00003234      0x29d ..\obj\list.o
 .debug_line    0x000034d1      0x604 ..\obj\stm32f0xx_usart.o
 .debug_line    0x00003ad5      0xa2e ..\obj\stm32f0xx_tim.o
 .debug_line    0x00004503      0x77a ..\obj\queue.o
 .debug_line    0x00004c7d      0x275 ..\obj\port.o
 .debug_line    0x00004ef2      0x248 ..\obj\stm32f0xx_exti.o
 .debug_line    0x0000513a      0x205 ..\obj\stm32f0xx_syscfg.o
 .debug_line    0x0000533f      0x27b ..\obj\heap_1.o
 .debug_line    0x000055ba      0x3b6 ..\obj\perif.o
 .debug_line    0x00005970      0x217 ..\obj\stm32f0xx_misc.o

.debug_str      0x00000000     0x55a6
 .debug_str     0x00000000      0x39f ..\obj\delay.o
                                0x3ea (size before relaxing)
 .debug_str     0x0000039f      0x588 ..\obj\stm32f0xx_rcc.o
                                0x745 (size before relaxing)
 .debug_str     0x00000927      0x66b ..\obj\nrf24.o
                                0x821 (size before relaxing)
 .debug_str     0x00000f92      0x3e0 ..\obj\stm32f0xx_adc.o
                                0x5da (size before relaxing)
 .debug_str     0x00001372      0x5dd ..\obj\main.o
                                0xec5 (size before relaxing)
 .debug_str     0x0000194f       0x52 ..\obj\startup_stm32f0xx.o
                                 0x7c (size before relaxing)
 .debug_str     0x000019a1      0x9a8 ..\obj\timers.o
                                0xc61 (size before relaxing)
 .debug_str     0x00002349      0x1fa ..\obj\stm32f0xx_dma.o
                                0x3c1 (size before relaxing)
 .debug_str     0x00002543      0xbdf ..\obj\tasks.o
                               0x139b (size before relaxing)
 .debug_str     0x00003122      0x451 ..\obj\stm32f0xx_spi.o
                                0x75e (size before relaxing)
 .debug_str     0x00003573       0x28 ..\obj\nrf24_hal.o
                                0x270 (size before relaxing)
 .debug_str     0x0000359b       0x93 ..\obj\system_stm32f0xx_temp.o
                                0x279 (size before relaxing)
 .debug_str     0x0000362e      0x2a3 ..\obj\stm32f0xx_gpio.o
                                0x4c2 (size before relaxing)
 .debug_str     0x000038d1       0x74 ..\obj\list.o
                                0x6a0 (size before relaxing)
 .debug_str     0x00003945      0x680 ..\obj\stm32f0xx_usart.o
                                0x9b3 (size before relaxing)
 .debug_str     0x00003fc5      0xadc ..\obj\stm32f0xx_tim.o
                                0xe2c (size before relaxing)
 .debug_str     0x00004aa1      0x4b1 ..\obj\queue.o
                                0xe7f (size before relaxing)
 .debug_str     0x00004f52       0xcc ..\obj\port.o
                                0x32e (size before relaxing)
 .debug_str     0x0000501e      0x196 ..\obj\stm32f0xx_exti.o
                                0x34f (size before relaxing)
 .debug_str     0x000051b4      0x183 ..\obj\stm32f0xx_syscfg.o
                                0x33b (size before relaxing)
 .debug_str     0x00005337       0x89 ..\obj\heap_1.o
                                0x616 (size before relaxing)
 .debug_str     0x000053c0      0x144 ..\obj\perif.o
                                0xe0a (size before relaxing)
 .debug_str     0x00005504       0xa2 ..\obj\stm32f0xx_misc.o
                                0x316 (size before relaxing)

.comment        0x00000000       0x7e
 .comment       0x00000000       0x7e ..\obj\delay.o
                                 0x7f (size before relaxing)
 .comment       0x0000007e       0x7f ..\obj\stm32f0xx_rcc.o
 .comment       0x0000007e       0x7f ..\obj\nrf24.o
 .comment       0x0000007e       0x7f ..\obj\stm32f0xx_adc.o
 .comment       0x0000007e       0x7f ..\obj\main.o
 .comment       0x0000007e       0x7f ..\obj\timers.o
 .comment       0x0000007e       0x7f ..\obj\stm32f0xx_dma.o
 .comment       0x0000007e       0x7f ..\obj\tasks.o
 .comment       0x0000007e       0x7f ..\obj\stm32f0xx_spi.o
 .comment       0x0000007e       0x7f ..\obj\nrf24_hal.o
 .comment       0x0000007e       0x7f ..\obj\system_stm32f0xx_temp.o
 .comment       0x0000007e       0x7f ..\obj\stm32f0xx_gpio.o
 .comment       0x0000007e       0x7f ..\obj\list.o
 .comment       0x0000007e       0x7f ..\obj\stm32f0xx_usart.o
 .comment       0x0000007e       0x7f ..\obj\stm32f0xx_tim.o
 .comment       0x0000007e       0x7f ..\obj\queue.o
 .comment       0x0000007e       0x7f ..\obj\port.o
 .comment       0x0000007e       0x7f ..\obj\stm32f0xx_exti.o
 .comment       0x0000007e       0x7f ..\obj\stm32f0xx_syscfg.o
 .comment       0x0000007e       0x7f ..\obj\heap_1.o
 .comment       0x0000007e       0x7f ..\obj\perif.o
 .comment       0x0000007e       0x7f ..\obj\stm32f0xx_misc.o

.ARM.attributes
                0x00000000       0x2f
 .ARM.attributes
                0x00000000       0x31 ..\obj\delay.o
 .ARM.attributes
                0x00000031       0x31 ..\obj\stm32f0xx_rcc.o
 .ARM.attributes
                0x00000062       0x31 ..\obj\nrf24.o
 .ARM.attributes
                0x00000093       0x31 ..\obj\stm32f0xx_adc.o
 .ARM.attributes
                0x000000c4       0x31 ..\obj\main.o
 .ARM.attributes
                0x000000f5       0x21 ..\obj\startup_stm32f0xx.o
 .ARM.attributes
                0x00000116       0x31 ..\obj\timers.o
 .ARM.attributes
                0x00000147       0x31 ..\obj\stm32f0xx_dma.o
 .ARM.attributes
                0x00000178       0x31 ..\obj\tasks.o
 .ARM.attributes
                0x000001a9       0x31 ..\obj\stm32f0xx_spi.o
 .ARM.attributes
                0x000001da       0x31 ..\obj\nrf24_hal.o
 .ARM.attributes
                0x0000020b       0x31 ..\obj\system_stm32f0xx_temp.o
 .ARM.attributes
                0x0000023c       0x31 ..\obj\stm32f0xx_gpio.o
 .ARM.attributes
                0x0000026d       0x31 ..\obj\list.o
 .ARM.attributes
                0x0000029e       0x31 ..\obj\stm32f0xx_usart.o
 .ARM.attributes
                0x000002cf       0x31 ..\obj\stm32f0xx_tim.o
 .ARM.attributes
                0x00000300       0x31 ..\obj\queue.o
 .ARM.attributes
                0x00000331       0x31 ..\obj\port.o
 .ARM.attributes
                0x00000362       0x31 ..\obj\stm32f0xx_exti.o
 .ARM.attributes
                0x00000393       0x31 ..\obj\stm32f0xx_syscfg.o
 .ARM.attributes
                0x000003c4       0x31 ..\obj\heap_1.o
 .ARM.attributes
                0x000003f5       0x31 ..\obj\perif.o
 .ARM.attributes
                0x00000426       0x31 ..\obj\stm32f0xx_misc.o
 .ARM.attributes
                0x00000457       0x1e d:/program files (x86)/arm tc 7 2017-q4-major/bin/../lib/gcc/arm-none-eabi/7.2.1/thumb/v6-m\libgcc.a(_udivsi3.o)
 .ARM.attributes
                0x00000475       0x1e d:/program files (x86)/arm tc 7 2017-q4-major/bin/../lib/gcc/arm-none-eabi/7.2.1/thumb/v6-m\libgcc.a(_dvmd_tls.o)
 .ARM.attributes
                0x00000493       0x2c d:/program files (x86)/arm tc 7 2017-q4-major/bin/../lib/gcc/arm-none-eabi/7.2.1/../../../../arm-none-eabi/lib/thumb/v6-m\libg.a(lib_a-memcpy-stub.o)
 .ARM.attributes
                0x000004bf       0x2c d:/program files (x86)/arm tc 7 2017-q4-major/bin/../lib/gcc/arm-none-eabi/7.2.1/../../../../arm-none-eabi/lib/thumb/v6-m\libg.a(lib_a-memset.o)

.debug_frame    0x00000000     0x2698
 .debug_frame   0x00000000       0x28 ..\obj\delay.o
 .debug_frame   0x00000028      0x2a0 ..\obj\stm32f0xx_rcc.o
 .debug_frame   0x000002c8      0x388 ..\obj\nrf24.o
 .debug_frame   0x00000650      0x1f0 ..\obj\stm32f0xx_adc.o
 .debug_frame   0x00000840      0x184 ..\obj\main.o
 .debug_frame   0x000009c4      0x1a4 ..\obj\timers.o
 .debug_frame   0x00000b68       0xc8 ..\obj\stm32f0xx_dma.o
 .debug_frame   0x00000c30      0x4d8 ..\obj\tasks.o
 .debug_frame   0x00001108      0x22c ..\obj\stm32f0xx_spi.o
 .debug_frame   0x00001334       0x2c ..\obj\nrf24_hal.o
 .debug_frame   0x00001360       0x50 ..\obj\system_stm32f0xx_temp.o
 .debug_frame   0x000013b0      0x108 ..\obj\stm32f0xx_gpio.o
 .debug_frame   0x000014b8       0x6c ..\obj\list.o
 .debug_frame   0x00001524      0x354 ..\obj\stm32f0xx_usart.o
 .debug_frame   0x00001878      0x68c ..\obj\stm32f0xx_tim.o
 .debug_frame   0x00001f04      0x2f8 ..\obj\queue.o
 .debug_frame   0x000021fc      0x10c ..\obj\port.o
 .debug_frame   0x00002308       0x98 ..\obj\stm32f0xx_exti.o
 .debug_frame   0x000023a0       0x98 ..\obj\stm32f0xx_syscfg.o
 .debug_frame   0x00002438       0x5c ..\obj\heap_1.o
 .debug_frame   0x00002494      0x138 ..\obj\perif.o
 .debug_frame   0x000025cc       0x4c ..\obj\stm32f0xx_misc.o
 .debug_frame   0x00002618       0x20 d:/program files (x86)/arm tc 7 2017-q4-major/bin/../lib/gcc/arm-none-eabi/7.2.1/thumb/v6-m\libgcc.a(_udivsi3.o)
 .debug_frame   0x00002638       0x30 d:/program files (x86)/arm tc 7 2017-q4-major/bin/../lib/gcc/arm-none-eabi/7.2.1/../../../../arm-none-eabi/lib/thumb/v6-m\libg.a(lib_a-memcpy-stub.o)
 .debug_frame   0x00002668       0x30 d:/program files (x86)/arm tc 7 2017-q4-major/bin/../lib/gcc/arm-none-eabi/7.2.1/../../../../arm-none-eabi/lib/thumb/v6-m\libg.a(lib_a-memset.o)
