Archive member included to satisfy reference by file (symbol)

d:/program files (x86)/arm tc 7 2017-q4-major/bin/../lib/gcc/arm-none-eabi/7.2.1/thumb/v6-m\libgcc.a(_udivsi3.o)
                              ..\obj\delay.o (__aeabi_uidiv)
d:/program files (x86)/arm tc 7 2017-q4-major/bin/../lib/gcc/arm-none-eabi/7.2.1/thumb/v6-m\libgcc.a(_dvmd_tls.o)
                              d:/program files (x86)/arm tc 7 2017-q4-major/bin/../lib/gcc/arm-none-eabi/7.2.1/thumb/v6-m\libgcc.a(_udivsi3.o) (__aeabi_idiv0)
d:/program files (x86)/arm tc 7 2017-q4-major/bin/../lib/gcc/arm-none-eabi/7.2.1/../../../../arm-none-eabi/lib/thumb/v6-m\libg.a(lib_a-memcpy-stub.o)
                              ..\obj\queue.o (memcpy)
d:/program files (x86)/arm tc 7 2017-q4-major/bin/../lib/gcc/arm-none-eabi/7.2.1/../../../../arm-none-eabi/lib/thumb/v6-m\libg.a(lib_a-memset.o)
                              ..\obj\tasks.o (memset)

Allocating common symbols
Common symbol       size              file

tx_res              0x1               ..\obj\main.o
bobFromRadio        0x5               ..\obj\main.o
payload_length      0x1               ..\obj\main.o
xQueueFromADC       0x4               ..\obj\main.o
xSemaphore          0xc               ..\obj\main.o
xQueueRegistry      0x50              ..\obj\queue.o
pipe                0x1               ..\obj\main.o
xQueueFromUART      0x4               ..\obj\main.o
xQueueFromRadio     0x4               ..\obj\main.o
bobFromQueue        0x5               ..\obj\main.o
ADC_volts           0x6               ..\obj\main.o
Ready_volts         0x6               ..\obj\main.o
xTimer              0xc               ..\obj\main.o
xQueueFromRadioHndl
                    0x4               ..\obj\main.o
nRF24_payload       0x20              ..\obj\main.o

Discarded input sections

 .text          0x00000000        0x0 ..\obj\delay.o
 .data          0x00000000        0x0 ..\obj\delay.o
 .bss           0x00000000        0x0 ..\obj\delay.o
 .text          0x00000000        0x0 ..\obj\stm32f0xx_rcc.o
 .bss           0x00000000        0x0 ..\obj\stm32f0xx_rcc.o
 .text.RCC_DeInit
                0x00000000       0x60 ..\obj\stm32f0xx_rcc.o
 .text.RCC_HSEConfig
                0x00000000       0x10 ..\obj\stm32f0xx_rcc.o
 .text.RCC_AdjustHSICalibrationValue
                0x00000000       0x14 ..\obj\stm32f0xx_rcc.o
 .text.RCC_HSICmd
                0x00000000       0x20 ..\obj\stm32f0xx_rcc.o
 .text.RCC_AdjustHSI14CalibrationValue
                0x00000000       0x14 ..\obj\stm32f0xx_rcc.o
 .text.RCC_HSI14Cmd
                0x00000000       0x20 ..\obj\stm32f0xx_rcc.o
 .text.RCC_HSI14ADCRequestCmd
                0x00000000       0x20 ..\obj\stm32f0xx_rcc.o
 .text.RCC_LSEConfig
                0x00000000       0x20 ..\obj\stm32f0xx_rcc.o
 .text.RCC_LSEDriveConfig
                0x00000000       0x18 ..\obj\stm32f0xx_rcc.o
 .text.RCC_LSICmd
                0x00000000       0x20 ..\obj\stm32f0xx_rcc.o
 .text.RCC_PLLConfig
                0x00000000       0x20 ..\obj\stm32f0xx_rcc.o
 .text.RCC_PLLCmd
                0x00000000       0x28 ..\obj\stm32f0xx_rcc.o
 .text.RCC_PREDIV1Config
                0x00000000       0x14 ..\obj\stm32f0xx_rcc.o
 .text.RCC_ClockSecuritySystemCmd
                0x00000000       0x28 ..\obj\stm32f0xx_rcc.o
 .text.RCC_MCOConfig
                0x00000000        0xc ..\obj\stm32f0xx_rcc.o
 .text.RCC_SYSCLKConfig
                0x00000000       0x14 ..\obj\stm32f0xx_rcc.o
 .text.RCC_GetSYSCLKSource
                0x00000000       0x10 ..\obj\stm32f0xx_rcc.o
 .text.RCC_HCLKConfig
                0x00000000       0x14 ..\obj\stm32f0xx_rcc.o
 .text.RCC_PCLKConfig
                0x00000000       0x18 ..\obj\stm32f0xx_rcc.o
 .text.RCC_ADCCLKConfig
                0x00000000       0x34 ..\obj\stm32f0xx_rcc.o
 .text.RCC_CECCLKConfig
                0x00000000       0x18 ..\obj\stm32f0xx_rcc.o
 .text.RCC_I2CCLKConfig
                0x00000000       0x18 ..\obj\stm32f0xx_rcc.o
 .text.RCC_USARTCLKConfig
                0x00000000       0x18 ..\obj\stm32f0xx_rcc.o
 .text.RCC_RTCCLKConfig
                0x00000000       0x10 ..\obj\stm32f0xx_rcc.o
 .text.RCC_RTCCLKCmd
                0x00000000       0x28 ..\obj\stm32f0xx_rcc.o
 .text.RCC_BackupResetCmd
                0x00000000       0x28 ..\obj\stm32f0xx_rcc.o
 .text.RCC_AHBPeriphResetCmd
                0x00000000       0x1c ..\obj\stm32f0xx_rcc.o
 .text.RCC_APB1PeriphResetCmd
                0x00000000       0x1c ..\obj\stm32f0xx_rcc.o
 .text.RCC_ITConfig
                0x00000000       0x1c ..\obj\stm32f0xx_rcc.o
 .text.RCC_GetFlagStatus
                0x00000000       0x34 ..\obj\stm32f0xx_rcc.o
 .text.RCC_WaitForHSEStartUp
                0x00000000       0x32 ..\obj\stm32f0xx_rcc.o
 .text.RCC_ClearFlag
                0x00000000       0x14 ..\obj\stm32f0xx_rcc.o
 .text.RCC_GetITStatus
                0x00000000       0x14 ..\obj\stm32f0xx_rcc.o
 .text.RCC_ClearITPendingBit
                0x00000000        0xc ..\obj\stm32f0xx_rcc.o
 .text          0x00000000        0x0 ..\obj\nrf24.o
 .data          0x00000000        0x0 ..\obj\nrf24.o
 .bss           0x00000000        0x0 ..\obj\nrf24.o
 .text.nRF24_ClosePipe
                0x00000000       0x1e ..\obj\nrf24.o
 .text.nRF24_EnableAA
                0x00000000       0x1a ..\obj\nrf24.o
 .text.nRF24_GetStatus
                0x00000000        0xa ..\obj\nrf24.o
 .text.nRF24_GetIRQFlags
                0x00000000        0xe ..\obj\nrf24.o
 .text.nRF24_GetStatus_RXFIFO
                0x00000000        0xe ..\obj\nrf24.o
 .text.nRF24_GetStatus_TXFIFO
                0x00000000        0xe ..\obj\nrf24.o
 .text.nRF24_GetRXSource
                0x00000000        0xe ..\obj\nrf24.o
 .text.nRF24_GetRetransmitCounters
                0x00000000        0xa ..\obj\nrf24.o
 .text.nRF24_ResetPLOS
                0x00000000       0x12 ..\obj\nrf24.o
 .text.nRF24_WritePayload
                0x00000000        0xe ..\obj\nrf24.o
 .text.nRF24_TransmitPacket
                0x00000000       0x78 ..\obj\nrf24.o
 .text.nRF24_ReConfig_TX
                0x00000000       0x58 ..\obj\nrf24.o
 .text          0x00000000        0x0 ..\obj\stm32f0xx_adc.o
 .data          0x00000000        0x0 ..\obj\stm32f0xx_adc.o
 .bss           0x00000000        0x0 ..\obj\stm32f0xx_adc.o
 .text.ADC_JitterCmd
                0x00000000       0x14 ..\obj\stm32f0xx_adc.o
 .text.ADC_AutoPowerOffCmd
                0x00000000       0x20 ..\obj\stm32f0xx_adc.o
 .text.ADC_WaitModeCmd
                0x00000000       0x20 ..\obj\stm32f0xx_adc.o
 .text.ADC_AnalogWatchdogCmd
                0x00000000       0x20 ..\obj\stm32f0xx_adc.o
 .text.ADC_AnalogWatchdogThresholdsConfig
                0x00000000        0x8 ..\obj\stm32f0xx_adc.o
 .text.ADC_AnalogWatchdogSingleChannelConfig
                0x00000000       0x10 ..\obj\stm32f0xx_adc.o
 .text.ADC_AnalogWatchdogSingleChannelCmd
                0x00000000       0x20 ..\obj\stm32f0xx_adc.o
 .text.ADC_TempSensorCmd
                0x00000000       0x28 ..\obj\stm32f0xx_adc.o
 .text.ADC_VrefintCmd
                0x00000000       0x28 ..\obj\stm32f0xx_adc.o
 .text.ADC_VbatCmd
                0x00000000       0x28 ..\obj\stm32f0xx_adc.o
 .text.ADC_ContinuousModeCmd
                0x00000000       0x20 ..\obj\stm32f0xx_adc.o
 .text.ADC_DiscModeCmd
                0x00000000       0x20 ..\obj\stm32f0xx_adc.o
 .text.ADC_OverrunModeCmd
                0x00000000       0x20 ..\obj\stm32f0xx_adc.o
 .text.ADC_StopOfConversion
                0x00000000        0xa ..\obj\stm32f0xx_adc.o
 .text.ADC_GetConversionValue
                0x00000000        0x6 ..\obj\stm32f0xx_adc.o
 .text.ADC_ITConfig
                0x00000000       0x14 ..\obj\stm32f0xx_adc.o
 .text.ADC_ClearFlag
                0x00000000        0x4 ..\obj\stm32f0xx_adc.o
 .text.ADC_GetITStatus
                0x00000000       0x14 ..\obj\stm32f0xx_adc.o
 .text.ADC_ClearITPendingBit
                0x00000000        0x4 ..\obj\stm32f0xx_adc.o
 .text          0x00000000        0x0 ..\obj\main.o
 .text          0x00000000       0x14 ..\obj\startup_stm32f0xx.o
 .data          0x00000000        0x0 ..\obj\startup_stm32f0xx.o
 .bss           0x00000000        0x0 ..\obj\startup_stm32f0xx.o
 .text          0x00000000        0x0 ..\obj\timers.o
 .data          0x00000000        0x0 ..\obj\timers.o
 .text.xTimerGetTimerDaemonTaskHandle
                0x00000000        0xc ..\obj\timers.o
 .text.xTimerGetPeriod
                0x00000000        0x4 ..\obj\timers.o
 .text.vTimerSetReloadMode
                0x00000000       0x2a ..\obj\timers.o
 .text.uxTimerGetReloadMode
                0x00000000       0x18 ..\obj\timers.o
 .text.xTimerGetExpiryTime
                0x00000000        0x4 ..\obj\timers.o
 .text.pcTimerGetName
                0x00000000        0x4 ..\obj\timers.o
 .text.xTimerIsTimerActive
                0x00000000       0x18 ..\obj\timers.o
 .text.pvTimerGetTimerID
                0x00000000       0x12 ..\obj\timers.o
 .text.vTimerSetTimerID
                0x00000000       0x12 ..\obj\timers.o
 .text          0x00000000        0x0 ..\obj\stm32f0xx_dma.o
 .data          0x00000000        0x0 ..\obj\stm32f0xx_dma.o
 .bss           0x00000000        0x0 ..\obj\stm32f0xx_dma.o
 .text.DMA_StructInit
                0x00000000       0x1a ..\obj\stm32f0xx_dma.o
 .text.DMA_SetCurrDataCounter
                0x00000000        0x4 ..\obj\stm32f0xx_dma.o
 .text.DMA_GetCurrDataCounter
                0x00000000        0x6 ..\obj\stm32f0xx_dma.o
 .text.DMA_ITConfig
                0x00000000       0x14 ..\obj\stm32f0xx_dma.o
 .text.DMA_ClearFlag
                0x00000000        0xc ..\obj\stm32f0xx_dma.o
 .text.DMA_GetITStatus
                0x00000000       0x14 ..\obj\stm32f0xx_dma.o
 .text.DMA_ClearITPendingBit
                0x00000000        0xc ..\obj\stm32f0xx_dma.o
 .text          0x00000000        0x0 ..\obj\tasks.o
 .text.vTaskDelete
                0x00000000       0x88 ..\obj\tasks.o
 .text.uxTaskPriorityGet
                0x00000000       0x20 ..\obj\tasks.o
 .text.uxTaskPriorityGetFromISR
                0x00000000       0x20 ..\obj\tasks.o
 .text.vTaskPrioritySet
                0x00000000       0xb4 ..\obj\tasks.o
 .text.vTaskResume
                0x00000000       0x74 ..\obj\tasks.o
 .text.xTaskResumeFromISR
                0x00000000       0x90 ..\obj\tasks.o
 .text.vTaskEndScheduler
                0x00000000       0x14 ..\obj\tasks.o
 .text.xTaskGetTickCountFromISR
                0x00000000        0xc ..\obj\tasks.o
 .text.uxTaskGetNumberOfTasks
                0x00000000        0xc ..\obj\tasks.o
 .text.pcTaskGetName
                0x00000000       0x14 ..\obj\tasks.o
 .text.xTaskDelayUntil
                0x00000000       0x60 ..\obj\tasks.o
 .text.xTaskCatchUpTicks
                0x00000000       0x1c ..\obj\tasks.o
 .text.vTaskSuspend
                0x00000000       0xb8 ..\obj\tasks.o
 .text.vTaskPlaceOnUnorderedEventList
                0x00000000       0x28 ..\obj\tasks.o
 .text.vTaskRemoveFromUnorderedEventList
                0x00000000       0x54 ..\obj\tasks.o
 .text.vTaskSetTimeOutState
                0x00000000       0x1c ..\obj\tasks.o
 .text.vTaskSetThreadLocalStoragePointer
                0x00000000       0x1c ..\obj\tasks.o
 .text.pvTaskGetThreadLocalStoragePointer
                0x00000000       0x20 ..\obj\tasks.o
 .text.xTaskGetCurrentTaskHandle
                0x00000000        0xc ..\obj\tasks.o
 .text.uxTaskResetEventItemValue
                0x00000000       0x18 ..\obj\tasks.o
 .text.ulTaskGenericNotifyTake
                0x00000000       0x8c ..\obj\tasks.o
 .text.xTaskGenericNotifyWait
                0x00000000       0x9c ..\obj\tasks.o
 .text.xTaskGenericNotify
                0x00000000       0xc0 ..\obj\tasks.o
 .text.xTaskGenericNotifyFromISR
                0x00000000       0xec ..\obj\tasks.o
 .text.vTaskGenericNotifyGiveFromISR
                0x00000000       0x90 ..\obj\tasks.o
 .text.xTaskGenericNotifyStateClear
                0x00000000       0x38 ..\obj\tasks.o
 .text.ulTaskGenericNotifyValueClear
                0x00000000       0x30 ..\obj\tasks.o
 .text          0x00000000        0x0 ..\obj\stm32f0xx_spi.o
 .data          0x00000000        0x0 ..\obj\stm32f0xx_spi.o
 .bss           0x00000000        0x0 ..\obj\stm32f0xx_spi.o
 .text.SPI_I2S_DeInit
                0x00000000       0x44 ..\obj\stm32f0xx_spi.o
 .text.SPI_StructInit
                0x00000000       0x1c ..\obj\stm32f0xx_spi.o
 .text.I2S_StructInit
                0x00000000       0x12 ..\obj\stm32f0xx_spi.o
 .text.I2S_Init
                0x00000000       0xb0 ..\obj\stm32f0xx_spi.o
 .text.SPI_TIModeCmd
                0x00000000       0x18 ..\obj\stm32f0xx_spi.o
 .text.I2S_Cmd  0x00000000       0x20 ..\obj\stm32f0xx_spi.o
 .text.SPI_DataSizeConfig
                0x00000000       0x10 ..\obj\stm32f0xx_spi.o
 .text.SPI_BiDirectionalLineConfig
                0x00000000       0x24 ..\obj\stm32f0xx_spi.o
 .text.SPI_SSOutputCmd
                0x00000000       0x18 ..\obj\stm32f0xx_spi.o
 .text.SPI_NSSPulseModeCmd
                0x00000000       0x18 ..\obj\stm32f0xx_spi.o
 .text.SPI_I2S_SendData16
                0x00000000        0x4 ..\obj\stm32f0xx_spi.o
 .text.SPI_I2S_ReceiveData16
                0x00000000        0x6 ..\obj\stm32f0xx_spi.o
 .text.SPI_CRCLengthConfig
                0x00000000       0x14 ..\obj\stm32f0xx_spi.o
 .text.SPI_TransmitCRC
                0x00000000        0xc ..\obj\stm32f0xx_spi.o
 .text.SPI_GetCRC
                0x00000000       0x10 ..\obj\stm32f0xx_spi.o
 .text.SPI_GetCRCPolynomial
                0x00000000        0x6 ..\obj\stm32f0xx_spi.o
 .text.SPI_I2S_DMACmd
                0x00000000       0x14 ..\obj\stm32f0xx_spi.o
 .text.SPI_LastDMATransferCmd
                0x00000000       0x14 ..\obj\stm32f0xx_spi.o
 .text.SPI_I2S_ITConfig
                0x00000000       0x1c ..\obj\stm32f0xx_spi.o
 .text.SPI_GetTransmissionFIFOStatus
                0x00000000        0xa ..\obj\stm32f0xx_spi.o
 .text.SPI_GetReceptionFIFOStatus
                0x00000000        0xa ..\obj\stm32f0xx_spi.o
 .text.SPI_I2S_ClearFlag
                0x00000000        0x8 ..\obj\stm32f0xx_spi.o
 .text.SPI_I2S_GetITStatus
                0x00000000       0x26 ..\obj\stm32f0xx_spi.o
 .text          0x00000000        0x0 ..\obj\nrf24_hal.o
 .data          0x00000000        0x0 ..\obj\nrf24_hal.o
 .bss           0x00000000        0x0 ..\obj\nrf24_hal.o
 .text          0x00000000        0x0 ..\obj\system_stm32f0xx_temp.o
 .bss           0x00000000        0x0 ..\obj\system_stm32f0xx_temp.o
 .text.SystemCoreClockUpdate1
                0x00000000       0x90 ..\obj\system_stm32f0xx_temp.o
 .text          0x00000000        0x0 ..\obj\stm32f0xx_gpio.o
 .data          0x00000000        0x0 ..\obj\stm32f0xx_gpio.o
 .bss           0x00000000        0x0 ..\obj\stm32f0xx_gpio.o
 .text.GPIO_DeInit
                0x00000000       0xa4 ..\obj\stm32f0xx_gpio.o
 .text.GPIO_StructInit
                0x00000000       0x18 ..\obj\stm32f0xx_gpio.o
 .text.GPIO_PinLockConfig
                0x00000000       0x24 ..\obj\stm32f0xx_gpio.o
 .text.GPIO_ReadInputDataBit
                0x00000000        0xc ..\obj\stm32f0xx_gpio.o
 .text.GPIO_ReadInputData
                0x00000000        0x6 ..\obj\stm32f0xx_gpio.o
 .text.GPIO_ReadOutputDataBit
                0x00000000        0xc ..\obj\stm32f0xx_gpio.o
 .text.GPIO_ReadOutputData
                0x00000000        0x6 ..\obj\stm32f0xx_gpio.o
 .text.GPIO_WriteBit
                0x00000000        0xc ..\obj\stm32f0xx_gpio.o
 .text.GPIO_Write
                0x00000000        0x4 ..\obj\stm32f0xx_gpio.o
 .text          0x00000000        0x0 ..\obj\list.o
 .data          0x00000000        0x0 ..\obj\list.o
 .bss           0x00000000        0x0 ..\obj\list.o
 .text          0x00000000        0x0 ..\obj\stm32f0xx_usart.o
 .data          0x00000000        0x0 ..\obj\stm32f0xx_usart.o
 .bss           0x00000000        0x0 ..\obj\stm32f0xx_usart.o
 .text.USART_DeInit
                0x00000000       0x44 ..\obj\stm32f0xx_usart.o
 .text.USART_StructInit
                0x00000000       0x16 ..\obj\stm32f0xx_usart.o
 .text.USART_ClockInit
                0x00000000       0x20 ..\obj\stm32f0xx_usart.o
 .text.USART_ClockStructInit
                0x00000000        0xc ..\obj\stm32f0xx_usart.o
 .text.USART_DirectionModeCmd
                0x00000000       0x14 ..\obj\stm32f0xx_usart.o
 .text.USART_OverSampling8Cmd
                0x00000000       0x20 ..\obj\stm32f0xx_usart.o
 .text.USART_OneBitMethodCmd
                0x00000000       0x20 ..\obj\stm32f0xx_usart.o
 .text.USART_MSBFirstCmd
                0x00000000       0x20 ..\obj\stm32f0xx_usart.o
 .text.USART_DataInvCmd
                0x00000000       0x20 ..\obj\stm32f0xx_usart.o
 .text.USART_InvPinCmd
                0x00000000       0x14 ..\obj\stm32f0xx_usart.o
 .text.USART_SWAPPinCmd
                0x00000000       0x20 ..\obj\stm32f0xx_usart.o
 .text.USART_ReceiverTimeOutCmd
                0x00000000       0x20 ..\obj\stm32f0xx_usart.o
 .text.USART_SetReceiverTimeOut
                0x00000000       0x10 ..\obj\stm32f0xx_usart.o
 .text.USART_SetPrescaler
                0x00000000       0x10 ..\obj\stm32f0xx_usart.o
 .text.USART_STOPModeCmd
                0x00000000       0x18 ..\obj\stm32f0xx_usart.o
 .text.USART_StopModeWakeUpSourceConfig
                0x00000000       0x14 ..\obj\stm32f0xx_usart.o
 .text.USART_AutoBaudRateCmd
                0x00000000       0x20 ..\obj\stm32f0xx_usart.o
 .text.USART_AutoBaudRateConfig
                0x00000000       0x14 ..\obj\stm32f0xx_usart.o
 .text.USART_SetAddress
                0x00000000       0x12 ..\obj\stm32f0xx_usart.o
 .text.USART_MuteModeCmd
                0x00000000       0x20 ..\obj\stm32f0xx_usart.o
 .text.USART_MuteModeWakeUpConfig
                0x00000000       0x14 ..\obj\stm32f0xx_usart.o
 .text.USART_AddressDetectionConfig
                0x00000000       0x10 ..\obj\stm32f0xx_usart.o
 .text.USART_LINBreakDetectLengthConfig
                0x00000000       0x10 ..\obj\stm32f0xx_usart.o
 .text.USART_LINCmd
                0x00000000       0x20 ..\obj\stm32f0xx_usart.o
 .text.USART_HalfDuplexCmd
                0x00000000       0x18 ..\obj\stm32f0xx_usart.o
 .text.USART_SetGuardTime
                0x00000000       0x12 ..\obj\stm32f0xx_usart.o
 .text.USART_SmartCardCmd
                0x00000000       0x18 ..\obj\stm32f0xx_usart.o
 .text.USART_SmartCardNACKCmd
                0x00000000       0x18 ..\obj\stm32f0xx_usart.o
 .text.USART_SetAutoRetryCount
                0x00000000       0x18 ..\obj\stm32f0xx_usart.o
 .text.USART_SetBlockLength
                0x00000000       0x12 ..\obj\stm32f0xx_usart.o
 .text.USART_IrDAConfig
                0x00000000       0x10 ..\obj\stm32f0xx_usart.o
 .text.USART_IrDACmd
                0x00000000       0x18 ..\obj\stm32f0xx_usart.o
 .text.USART_DECmd
                0x00000000       0x20 ..\obj\stm32f0xx_usart.o
 .text.USART_DEPolarityConfig
                0x00000000       0x14 ..\obj\stm32f0xx_usart.o
 .text.USART_SetDEAssertionTime
                0x00000000       0x18 ..\obj\stm32f0xx_usart.o
 .text.USART_SetDEDeassertionTime
                0x00000000       0x18 ..\obj\stm32f0xx_usart.o
 .text.USART_DMACmd
                0x00000000       0x14 ..\obj\stm32f0xx_usart.o
 .text.USART_DMAReceptionErrorConfig
                0x00000000       0x14 ..\obj\stm32f0xx_usart.o
 .text.USART_RequestCmd
                0x00000000       0x16 ..\obj\stm32f0xx_usart.o
 .text.USART_OverrunDetectionConfig
                0x00000000       0x14 ..\obj\stm32f0xx_usart.o
 .text.USART_ClearFlag
                0x00000000        0x4 ..\obj\stm32f0xx_usart.o
 .text.USART_ClearITPendingBit
                0x00000000        0xa ..\obj\stm32f0xx_usart.o
 .text          0x00000000        0x0 ..\obj\stm32f0xx_tim.o
 .data          0x00000000        0x0 ..\obj\stm32f0xx_tim.o
 .bss           0x00000000        0x0 ..\obj\stm32f0xx_tim.o
 .text.TI1_Config
                0x00000000       0x2a ..\obj\stm32f0xx_tim.o
 .text.TI2_Config
                0x00000000       0x38 ..\obj\stm32f0xx_tim.o
 .text.TIM_DeInit
                0x00000000       0xf8 ..\obj\stm32f0xx_tim.o
 .text.TIM_PrescalerConfig
                0x00000000        0x6 ..\obj\stm32f0xx_tim.o
 .text.TIM_CounterModeConfig
                0x00000000        0xc ..\obj\stm32f0xx_tim.o
 .text.TIM_SetCounter
                0x00000000        0x4 ..\obj\stm32f0xx_tim.o
 .text.TIM_SetAutoreload
                0x00000000        0x4 ..\obj\stm32f0xx_tim.o
 .text.TIM_GetCounter
                0x00000000        0x4 ..\obj\stm32f0xx_tim.o
 .text.TIM_GetPrescaler
                0x00000000        0x6 ..\obj\stm32f0xx_tim.o
 .text.TIM_UpdateDisableConfig
                0x00000000       0x18 ..\obj\stm32f0xx_tim.o
 .text.TIM_UpdateRequestConfig
                0x00000000       0x18 ..\obj\stm32f0xx_tim.o
 .text.TIM_ARRPreloadConfig
                0x00000000       0x18 ..\obj\stm32f0xx_tim.o
 .text.TIM_SelectOnePulseMode
                0x00000000       0x10 ..\obj\stm32f0xx_tim.o
 .text.TIM_SetClockDivision
                0x00000000       0x14 ..\obj\stm32f0xx_tim.o
 .text.TIM_BDTRConfig
                0x00000000       0x20 ..\obj\stm32f0xx_tim.o
 .text.TIM_BDTRStructInit
                0x00000000       0x12 ..\obj\stm32f0xx_tim.o
 .text.TIM_CtrlPWMOutputs
                0x00000000       0x1e ..\obj\stm32f0xx_tim.o
 .text.TIM_OC1Init
                0x00000000       0x7c ..\obj\stm32f0xx_tim.o
 .text.TIM_OC2Init
                0x00000000       0x9c ..\obj\stm32f0xx_tim.o
 .text.TIM_OC3Init
                0x00000000       0x7c ..\obj\stm32f0xx_tim.o
 .text.TIM_OC4Init
                0x00000000       0x64 ..\obj\stm32f0xx_tim.o
 .text.TIM_OCStructInit
                0x00000000       0x14 ..\obj\stm32f0xx_tim.o
 .text.TIM_SelectOCxM
                0x00000000       0x4c ..\obj\stm32f0xx_tim.o
 .text.TIM_SetCompare1
                0x00000000        0x4 ..\obj\stm32f0xx_tim.o
 .text.TIM_SetCompare2
                0x00000000        0x4 ..\obj\stm32f0xx_tim.o
 .text.TIM_SetCompare3
                0x00000000        0x4 ..\obj\stm32f0xx_tim.o
 .text.TIM_SetCompare4
                0x00000000        0x4 ..\obj\stm32f0xx_tim.o
 .text.TIM_ForcedOC1Config
                0x00000000        0xc ..\obj\stm32f0xx_tim.o
 .text.TIM_ForcedOC2Config
                0x00000000       0x14 ..\obj\stm32f0xx_tim.o
 .text.TIM_ForcedOC3Config
                0x00000000        0xc ..\obj\stm32f0xx_tim.o
 .text.TIM_ForcedOC4Config
                0x00000000       0x14 ..\obj\stm32f0xx_tim.o
 .text.TIM_CCPreloadControl
                0x00000000       0x18 ..\obj\stm32f0xx_tim.o
 .text.TIM_OC1PreloadConfig
                0x00000000        0xc ..\obj\stm32f0xx_tim.o
 .text.TIM_OC2PreloadConfig
                0x00000000       0x14 ..\obj\stm32f0xx_tim.o
 .text.TIM_OC3PreloadConfig
                0x00000000        0xc ..\obj\stm32f0xx_tim.o
 .text.TIM_OC4PreloadConfig
                0x00000000       0x14 ..\obj\stm32f0xx_tim.o
 .text.TIM_OC1FastConfig
                0x00000000        0xc ..\obj\stm32f0xx_tim.o
 .text.TIM_OC2FastConfig
                0x00000000       0x14 ..\obj\stm32f0xx_tim.o
 .text.TIM_OC3FastConfig
                0x00000000        0xc ..\obj\stm32f0xx_tim.o
 .text.TIM_OC4FastConfig
                0x00000000       0x14 ..\obj\stm32f0xx_tim.o
 .text.TIM_ClearOC1Ref
                0x00000000        0xc ..\obj\stm32f0xx_tim.o
 .text.TIM_ClearOC2Ref
                0x00000000       0x10 ..\obj\stm32f0xx_tim.o
 .text.TIM_ClearOC3Ref
                0x00000000        0xc ..\obj\stm32f0xx_tim.o
 .text.TIM_ClearOC4Ref
                0x00000000       0x10 ..\obj\stm32f0xx_tim.o
 .text.TIM_OC1PolarityConfig
                0x00000000        0xc ..\obj\stm32f0xx_tim.o
 .text.TIM_OC1NPolarityConfig
                0x00000000        0xc ..\obj\stm32f0xx_tim.o
 .text.TIM_OC2PolarityConfig
                0x00000000       0x10 ..\obj\stm32f0xx_tim.o
 .text.TIM_OC2NPolarityConfig
                0x00000000       0x10 ..\obj\stm32f0xx_tim.o
 .text.TIM_OC3PolarityConfig
                0x00000000       0x14 ..\obj\stm32f0xx_tim.o
 .text.TIM_OC3NPolarityConfig
                0x00000000       0x14 ..\obj\stm32f0xx_tim.o
 .text.TIM_OC4PolarityConfig
                0x00000000       0x14 ..\obj\stm32f0xx_tim.o
 .text.TIM_SelectOCREFClear
                0x00000000       0x10 ..\obj\stm32f0xx_tim.o
 .text.TIM_CCxCmd
                0x00000000       0x18 ..\obj\stm32f0xx_tim.o
 .text.TIM_CCxNCmd
                0x00000000       0x18 ..\obj\stm32f0xx_tim.o
 .text.TIM_SelectCOM
                0x00000000       0x18 ..\obj\stm32f0xx_tim.o
 .text.TIM_ICStructInit
                0x00000000       0x10 ..\obj\stm32f0xx_tim.o
 .text.TIM_GetCapture1
                0x00000000        0x4 ..\obj\stm32f0xx_tim.o
 .text.TIM_GetCapture2
                0x00000000        0x4 ..\obj\stm32f0xx_tim.o
 .text.TIM_GetCapture3
                0x00000000        0x4 ..\obj\stm32f0xx_tim.o
 .text.TIM_GetCapture4
                0x00000000        0x4 ..\obj\stm32f0xx_tim.o
 .text.TIM_SetIC1Prescaler
                0x00000000       0x10 ..\obj\stm32f0xx_tim.o
 .text.TIM_SetIC2Prescaler
                0x00000000       0x18 ..\obj\stm32f0xx_tim.o
 .text.TIM_PWMIConfig
                0x00000000       0x66 ..\obj\stm32f0xx_tim.o
 .text.TIM_SetIC3Prescaler
                0x00000000       0x10 ..\obj\stm32f0xx_tim.o
 .text.TIM_SetIC4Prescaler
                0x00000000       0x18 ..\obj\stm32f0xx_tim.o
 .text.TIM_ICInit
                0x00000000       0xcc ..\obj\stm32f0xx_tim.o
 .text.TIM_GenerateEvent
                0x00000000        0x4 ..\obj\stm32f0xx_tim.o
 .text.TIM_GetFlagStatus
                0x00000000        0xc ..\obj\stm32f0xx_tim.o
 .text.TIM_ClearFlag
                0x00000000        0x8 ..\obj\stm32f0xx_tim.o
 .text.TIM_DMAConfig
                0x00000000        0x8 ..\obj\stm32f0xx_tim.o
 .text.TIM_DMACmd
                0x00000000       0x14 ..\obj\stm32f0xx_tim.o
 .text.TIM_SelectCCDMA
                0x00000000       0x18 ..\obj\stm32f0xx_tim.o
 .text.TIM_InternalClockConfig
                0x00000000        0xa ..\obj\stm32f0xx_tim.o
 .text.TIM_ITRxExternalClockConfig
                0x00000000       0x14 ..\obj\stm32f0xx_tim.o
 .text.TIM_TIxExternalClockConfig
                0x00000000       0x2e ..\obj\stm32f0xx_tim.o
 .text.TIM_SelectInputTrigger
                0x00000000        0xc ..\obj\stm32f0xx_tim.o
 .text.TIM_SelectOutputTrigger
                0x00000000       0x10 ..\obj\stm32f0xx_tim.o
 .text.TIM_SelectSlaveMode
                0x00000000       0x10 ..\obj\stm32f0xx_tim.o
 .text.TIM_SelectMasterSlaveMode
                0x00000000       0x10 ..\obj\stm32f0xx_tim.o
 .text.TIM_ETRConfig
                0x00000000       0x16 ..\obj\stm32f0xx_tim.o
 .text.TIM_ETRClockMode1Config
                0x00000000       0x14 ..\obj\stm32f0xx_tim.o
 .text.TIM_ETRClockMode2Config
                0x00000000       0x14 ..\obj\stm32f0xx_tim.o
 .text.TIM_EncoderInterfaceConfig
                0x00000000       0x30 ..\obj\stm32f0xx_tim.o
 .text.TIM_SelectHallSensor
                0x00000000       0x18 ..\obj\stm32f0xx_tim.o
 .text.TIM_RemapConfig
                0x00000000        0x6 ..\obj\stm32f0xx_tim.o
 .text          0x00000000        0x0 ..\obj\queue.o
 .data          0x00000000        0x0 ..\obj\queue.o
 .bss           0x00000000        0x0 ..\obj\queue.o
 .text.xQueueCreateCountingSemaphore
                0x00000000       0x14 ..\obj\queue.o
 .text.xQueueGiveMutexRecursive
                0x00000000       0x2e ..\obj\queue.o
 .text.xQueueGiveFromISR
                0x00000000       0x5a ..\obj\queue.o
 .text.xQueueTakeMutexRecursive
                0x00000000       0x2e ..\obj\queue.o
 .text.xQueuePeek
                0x00000000       0xea ..\obj\queue.o
 .text.xQueueReceiveFromISR
                0x00000000       0x6a ..\obj\queue.o
 .text.xQueuePeekFromISR
                0x00000000       0x2e ..\obj\queue.o
 .text.uxQueueMessagesWaiting
                0x00000000       0x12 ..\obj\queue.o
 .text.uxQueueMessagesWaitingFromISR
                0x00000000        0x4 ..\obj\queue.o
 .text.xQueueIsQueueEmptyFromISR
                0x00000000        0x8 ..\obj\queue.o
 .text.xQueueIsQueueFullFromISR
                0x00000000        0xc ..\obj\queue.o
 .text.pcQueueGetName
                0x00000000       0x30 ..\obj\queue.o
 .text.vQueueUnregisterQueue
                0x00000000       0x34 ..\obj\queue.o
 .text.vQueueDelete
                0x00000000       0x10 ..\obj\queue.o
 .text          0x00000000        0x0 ..\obj\port.o
 .bss           0x00000000        0x0 ..\obj\port.o
 .text.vPortEndScheduler
                0x00000000        0x2 ..\obj\port.o
 .text          0x00000000        0x0 ..\obj\stream_buffer.o
 .data          0x00000000        0x0 ..\obj\stream_buffer.o
 .bss           0x00000000        0x0 ..\obj\stream_buffer.o
 .text.prvBytesInBuffer
                0x00000000       0x12 ..\obj\stream_buffer.o
 .text.prvWriteBytesToBuffer
                0x00000000       0x46 ..\obj\stream_buffer.o
 .text.prvReadBytesFromBuffer
                0x00000000       0x52 ..\obj\stream_buffer.o
 .text.xStreamBufferGenericCreate
                0x00000000       0x44 ..\obj\stream_buffer.o
 .text.vStreamBufferDelete
                0x00000000       0x18 ..\obj\stream_buffer.o
 .text.xStreamBufferReset
                0x00000000       0x48 ..\obj\stream_buffer.o
 .text.xStreamBufferSetTriggerLevel
                0x00000000       0x16 ..\obj\stream_buffer.o
 .text.xStreamBufferSpacesAvailable
                0x00000000       0x16 ..\obj\stream_buffer.o
 .text.xStreamBufferBytesAvailable
                0x00000000        0x8 ..\obj\stream_buffer.o
 .text.xStreamBufferSend
                0x00000000       0xf0 ..\obj\stream_buffer.o
 .text.xStreamBufferSendFromISR
                0x00000000       0x8e ..\obj\stream_buffer.o
 .text.xStreamBufferReceive
                0x00000000       0xc6 ..\obj\stream_buffer.o
 .text.xStreamBufferNextMessageLengthBytes
                0x00000000       0x32 ..\obj\stream_buffer.o
 .text.xStreamBufferReceiveFromISR
                0x00000000       0x90 ..\obj\stream_buffer.o
 .text.xStreamBufferIsEmpty
                0x00000000        0xc ..\obj\stream_buffer.o
 .text.xStreamBufferIsFull
                0x00000000       0x18 ..\obj\stream_buffer.o
 .text.xStreamBufferSendCompletedFromISR
                0x00000000       0x36 ..\obj\stream_buffer.o
 .text.xStreamBufferReceiveCompletedFromISR
                0x00000000       0x36 ..\obj\stream_buffer.o
 .debug_info    0x00000000     0x1b65 ..\obj\stream_buffer.o
 .debug_abbrev  0x00000000      0x355 ..\obj\stream_buffer.o
 .debug_loc     0x00000000     0x15ca ..\obj\stream_buffer.o
 .debug_aranges
                0x00000000       0xa8 ..\obj\stream_buffer.o
 .debug_ranges  0x00000000      0x130 ..\obj\stream_buffer.o
 .debug_line    0x00000000      0x4ee ..\obj\stream_buffer.o
 .debug_str     0x00000000      0xc22 ..\obj\stream_buffer.o
 .comment       0x00000000       0x7f ..\obj\stream_buffer.o
 .debug_frame   0x00000000      0x200 ..\obj\stream_buffer.o
 .ARM.attributes
                0x00000000       0x31 ..\obj\stream_buffer.o
 .text          0x00000000        0x0 ..\obj\croutine.o
 .data          0x00000000        0x0 ..\obj\croutine.o
 .bss           0x00000000        0x0 ..\obj\croutine.o
 .debug_info    0x00000000       0x72 ..\obj\croutine.o
 .debug_abbrev  0x00000000       0x26 ..\obj\croutine.o
 .debug_aranges
                0x00000000       0x18 ..\obj\croutine.o
 .debug_line    0x00000000       0x1d ..\obj\croutine.o
 .debug_str     0x00000000      0x16b ..\obj\croutine.o
 .comment       0x00000000       0x7f ..\obj\croutine.o
 .ARM.attributes
                0x00000000       0x31 ..\obj\croutine.o
 .text          0x00000000        0x0 ..\obj\stm32f0xx_exti.o
 .data          0x00000000        0x0 ..\obj\stm32f0xx_exti.o
 .bss           0x00000000        0x0 ..\obj\stm32f0xx_exti.o
 .text.EXTI_DeInit
                0x00000000       0x20 ..\obj\stm32f0xx_exti.o
 .text.EXTI_StructInit
                0x00000000        0xe ..\obj\stm32f0xx_exti.o
 .text.EXTI_GenerateSWInterrupt
                0x00000000       0x10 ..\obj\stm32f0xx_exti.o
 .text.EXTI_GetFlagStatus
                0x00000000       0x14 ..\obj\stm32f0xx_exti.o
 .text.EXTI_ClearFlag
                0x00000000        0xc ..\obj\stm32f0xx_exti.o
 .text          0x00000000        0x0 ..\obj\event_groups.o
 .data          0x00000000        0x0 ..\obj\event_groups.o
 .bss           0x00000000        0x0 ..\obj\event_groups.o
 .text.xEventGroupCreate
                0x00000000       0x18 ..\obj\event_groups.o
 .text.xEventGroupWaitBits
                0x00000000       0xbc ..\obj\event_groups.o
 .text.xEventGroupClearBits
                0x00000000       0x1a ..\obj\event_groups.o
 .text.xEventGroupGetBitsFromISR
                0x00000000       0x12 ..\obj\event_groups.o
 .text.xEventGroupSetBits
                0x00000000       0x8e ..\obj\event_groups.o
 .text.xEventGroupSync
                0x00000000       0x86 ..\obj\event_groups.o
 .text.vEventGroupDelete
                0x00000000       0x2c ..\obj\event_groups.o
 .text.vEventGroupSetBitsCallback
                0x00000000        0x8 ..\obj\event_groups.o
 .text.vEventGroupClearBitsCallback
                0x00000000        0x8 ..\obj\event_groups.o
 .debug_info    0x00000000     0x1114 ..\obj\event_groups.o
 .debug_abbrev  0x00000000      0x2e4 ..\obj\event_groups.o
 .debug_loc     0x00000000      0xa06 ..\obj\event_groups.o
 .debug_aranges
                0x00000000       0x60 ..\obj\event_groups.o
 .debug_ranges  0x00000000       0x98 ..\obj\event_groups.o
 .debug_line    0x00000000      0x3b1 ..\obj\event_groups.o
 .debug_str     0x00000000      0x9c1 ..\obj\event_groups.o
 .comment       0x00000000       0x7f ..\obj\event_groups.o
 .debug_frame   0x00000000      0x114 ..\obj\event_groups.o
 .ARM.attributes
                0x00000000       0x31 ..\obj\event_groups.o
 .text          0x00000000        0x0 ..\obj\stm32f0xx_syscfg.o
 .data          0x00000000        0x0 ..\obj\stm32f0xx_syscfg.o
 .bss           0x00000000        0x0 ..\obj\stm32f0xx_syscfg.o
 .text.SYSCFG_DeInit
                0x00000000       0x24 ..\obj\stm32f0xx_syscfg.o
 .text.SYSCFG_MemoryRemapConfig
                0x00000000       0x14 ..\obj\stm32f0xx_syscfg.o
 .text.SYSCFG_DMAChannelRemapConfig
                0x00000000       0x1c ..\obj\stm32f0xx_syscfg.o
 .text.SYSCFG_I2CFastModePlusConfig
                0x00000000       0x1c ..\obj\stm32f0xx_syscfg.o
 .text.SYSCFG_BreakConfig
                0x00000000       0x10 ..\obj\stm32f0xx_syscfg.o
 .text.SYSCFG_GetFlagStatus
                0x00000000       0x10 ..\obj\stm32f0xx_syscfg.o
 .text.SYSCFG_ClearFlag
                0x00000000       0x10 ..\obj\stm32f0xx_syscfg.o
 .text          0x00000000        0x0 ..\obj\heap_1.o
 .data          0x00000000        0x0 ..\obj\heap_1.o
 .text.vPortInitialiseBlocks
                0x00000000        0xc ..\obj\heap_1.o
 .text.xPortGetFreeHeapSize
                0x00000000       0x14 ..\obj\heap_1.o
 .text          0x00000000        0x0 ..\obj\stm32f0xx_pwr.o
 .data          0x00000000        0x0 ..\obj\stm32f0xx_pwr.o
 .bss           0x00000000        0x0 ..\obj\stm32f0xx_pwr.o
 .text.PWR_DeInit
                0x00000000       0x18 ..\obj\stm32f0xx_pwr.o
 .text.PWR_BackupAccessCmd
                0x00000000       0x28 ..\obj\stm32f0xx_pwr.o
 .text.PWR_PVDLevelConfig
                0x00000000       0x14 ..\obj\stm32f0xx_pwr.o
 .text.PWR_PVDCmd
                0x00000000       0x20 ..\obj\stm32f0xx_pwr.o
 .text.PWR_WakeUpPinCmd
                0x00000000       0x1c ..\obj\stm32f0xx_pwr.o
 .text.PWR_EnterSleepMode
                0x00000000       0x1c ..\obj\stm32f0xx_pwr.o
 .text.PWR_EnterSTOPMode
                0x00000000       0x38 ..\obj\stm32f0xx_pwr.o
 .text.PWR_EnterSTANDBYMode
                0x00000000       0x28 ..\obj\stm32f0xx_pwr.o
 .text.PWR_GetFlagStatus
                0x00000000       0x14 ..\obj\stm32f0xx_pwr.o
 .text.PWR_ClearFlag
                0x00000000       0x10 ..\obj\stm32f0xx_pwr.o
 .debug_info    0x00000000      0x423 ..\obj\stm32f0xx_pwr.o
 .debug_abbrev  0x00000000      0x1c0 ..\obj\stm32f0xx_pwr.o
 .debug_loc     0x00000000      0x186 ..\obj\stm32f0xx_pwr.o
 .debug_aranges
                0x00000000       0x68 ..\obj\stm32f0xx_pwr.o
 .debug_ranges  0x00000000       0x58 ..\obj\stm32f0xx_pwr.o
 .debug_line    0x00000000      0x2db ..\obj\stm32f0xx_pwr.o
 .debug_str     0x00000000      0x352 ..\obj\stm32f0xx_pwr.o
 .comment       0x00000000       0x7f ..\obj\stm32f0xx_pwr.o
 .debug_frame   0x00000000       0xc0 ..\obj\stm32f0xx_pwr.o
 .ARM.attributes
                0x00000000       0x31 ..\obj\stm32f0xx_pwr.o
 .text          0x00000000        0x0 ..\obj\perif.o
 .data          0x00000000        0x0 ..\obj\perif.o
 .bss           0x00000000        0x0 ..\obj\perif.o
 .text.initTimer14
                0x00000000       0x60 ..\obj\perif.o
 .text.initTimer16
                0x00000000       0x54 ..\obj\perif.o
 .text.initTimer17
                0x00000000       0x54 ..\obj\perif.o
 .text          0x00000000        0x0 ..\obj\stm32f0xx_misc.o
 .data          0x00000000        0x0 ..\obj\stm32f0xx_misc.o
 .bss           0x00000000        0x0 ..\obj\stm32f0xx_misc.o
 .text.NVIC_SystemLPConfig
                0x00000000       0x1c ..\obj\stm32f0xx_misc.o
 .text.SysTick_CLKSourceConfig
                0x00000000       0x20 ..\obj\stm32f0xx_misc.o
 .data          0x00000000        0x0 d:/program files (x86)/arm tc 7 2017-q4-major/bin/../lib/gcc/arm-none-eabi/7.2.1/thumb/v6-m\libgcc.a(_udivsi3.o)
 .bss           0x00000000        0x0 d:/program files (x86)/arm tc 7 2017-q4-major/bin/../lib/gcc/arm-none-eabi/7.2.1/thumb/v6-m\libgcc.a(_udivsi3.o)
 .data          0x00000000        0x0 d:/program files (x86)/arm tc 7 2017-q4-major/bin/../lib/gcc/arm-none-eabi/7.2.1/thumb/v6-m\libgcc.a(_dvmd_tls.o)
 .bss           0x00000000        0x0 d:/program files (x86)/arm tc 7 2017-q4-major/bin/../lib/gcc/arm-none-eabi/7.2.1/thumb/v6-m\libgcc.a(_dvmd_tls.o)
 .text          0x00000000        0x0 d:/program files (x86)/arm tc 7 2017-q4-major/bin/../lib/gcc/arm-none-eabi/7.2.1/../../../../arm-none-eabi/lib/thumb/v6-m\libg.a(lib_a-memcpy-stub.o)
 .data          0x00000000        0x0 d:/program files (x86)/arm tc 7 2017-q4-major/bin/../lib/gcc/arm-none-eabi/7.2.1/../../../../arm-none-eabi/lib/thumb/v6-m\libg.a(lib_a-memcpy-stub.o)
 .bss           0x00000000        0x0 d:/program files (x86)/arm tc 7 2017-q4-major/bin/../lib/gcc/arm-none-eabi/7.2.1/../../../../arm-none-eabi/lib/thumb/v6-m\libg.a(lib_a-memcpy-stub.o)
 .text          0x00000000        0x0 d:/program files (x86)/arm tc 7 2017-q4-major/bin/../lib/gcc/arm-none-eabi/7.2.1/../../../../arm-none-eabi/lib/thumb/v6-m\libg.a(lib_a-memset.o)
 .data          0x00000000        0x0 d:/program files (x86)/arm tc 7 2017-q4-major/bin/../lib/gcc/arm-none-eabi/7.2.1/../../../../arm-none-eabi/lib/thumb/v6-m\libg.a(lib_a-memset.o)
 .bss           0x00000000        0x0 d:/program files (x86)/arm tc 7 2017-q4-major/bin/../lib/gcc/arm-none-eabi/7.2.1/../../../../arm-none-eabi/lib/thumb/v6-m\libg.a(lib_a-memset.o)

Memory Configuration

Name             Origin             Length             Attributes
rom              0x08000000         0x00010000         xr
ram              0x20000000         0x00002000         xrw
*default*        0x00000000         0xffffffff

Linker script and memory map

                0x20002000                _eram = 0x20002000

.text           0x08000000     0x3240
 *(.isr_vector)
 .isr_vector    0x08000000       0xc4 ..\obj\startup_stm32f0xx.o
                0x08000000                g_pfnVectors
 *(.text*)
 .text.Delay_Init
                0x080000c4       0x3c ..\obj\delay.o
                0x080000c4                Delay_Init
 .text.RCC_GetClocksFreq
                0x08000100      0x11c ..\obj\stm32f0xx_rcc.o
                0x08000100                RCC_GetClocksFreq
 .text.RCC_AHBPeriphClockCmd
                0x0800021c       0x1c ..\obj\stm32f0xx_rcc.o
                0x0800021c                RCC_AHBPeriphClockCmd
 .text.RCC_APB2PeriphClockCmd
                0x08000238       0x1c ..\obj\stm32f0xx_rcc.o
                0x08000238                RCC_APB2PeriphClockCmd
 .text.RCC_APB1PeriphClockCmd
                0x08000254       0x1c ..\obj\stm32f0xx_rcc.o
                0x08000254                RCC_APB1PeriphClockCmd
 .text.RCC_APB2PeriphResetCmd
                0x08000270       0x1c ..\obj\stm32f0xx_rcc.o
                0x08000270                RCC_APB2PeriphResetCmd
 .text.nRF24_WriteReg
                0x0800028c       0x52 ..\obj\nrf24.o
 .text.nRF24_WriteMBReg
                0x080002de       0x42 ..\obj\nrf24.o
 .text.nRF24_ReadMBReg
                0x08000320       0x44 ..\obj\nrf24.o
 .text.nRF24_ReadReg
                0x08000364       0x30 ..\obj\nrf24.o
 .text.nRF24_Check
                0x08000394       0x5c ..\obj\nrf24.o
                0x08000394                nRF24_Check
 .text.nRF24_SetPowerMode
                0x080003f0       0x22 ..\obj\nrf24.o
                0x080003f0                nRF24_SetPowerMode
 .text.nRF24_SetOperationalMode
                0x08000412       0x1e ..\obj\nrf24.o
                0x08000412                nRF24_SetOperationalMode
 .text.nRF24_SetCRCScheme
                0x08000430       0x1e ..\obj\nrf24.o
                0x08000430                nRF24_SetCRCScheme
 .text.nRF24_IntDisable
                0x0800044e       0x18 ..\obj\nrf24.o
                0x0800044e                nRF24_IntDisable
 .text.nRF24_SetRFChannel
                0x08000466        0xc ..\obj\nrf24.o
                0x08000466                nRF24_SetRFChannel
 .text.nRF24_SetAutoRetr
                0x08000472       0x14 ..\obj\nrf24.o
                0x08000472                nRF24_SetAutoRetr
 .text.nRF24_SetAddrWidth
                0x08000486        0xe ..\obj\nrf24.o
                0x08000486                nRF24_SetAddrWidth
 .text.nRF24_SetAddr
                0x08000494       0x68 ..\obj\nrf24.o
                0x08000494                nRF24_SetAddr
 .text.nRF24_SetTXPower
                0x080004fc       0x18 ..\obj\nrf24.o
                0x080004fc                nRF24_SetTXPower
 .text.nRF24_SetDataRate
                0x08000514       0x18 ..\obj\nrf24.o
                0x08000514                nRF24_SetDataRate
 .text.nRF24_SetRXPipe
                0x0800052c       0x58 ..\obj\nrf24.o
                0x0800052c                nRF24_SetRXPipe
 .text.nRF24_DisableAA
                0x08000584       0x28 ..\obj\nrf24.o
                0x08000584                nRF24_DisableAA
 .text.nRF24_FlushTX
                0x080005ac        0xc ..\obj\nrf24.o
                0x080005ac                nRF24_FlushTX
 .text.nRF24_FlushRX
                0x080005b8        0xc ..\obj\nrf24.o
                0x080005b8                nRF24_FlushRX
 .text.nRF24_ClearIRQFlags
                0x080005c4       0x16 ..\obj\nrf24.o
                0x080005c4                nRF24_ClearIRQFlags
 .text.nRF24_Init
                0x080005da       0x9c ..\obj\nrf24.o
                0x080005da                nRF24_Init
 *fill*         0x08000676        0x2 
 .text.nRF24_ReadPayload
                0x08000678       0x3c ..\obj\nrf24.o
                0x08000678                nRF24_ReadPayload
 .text.nRF24_ReConfig_RX
                0x080006b4       0x54 ..\obj\nrf24.o
                0x080006b4                nRF24_ReConfig_RX
 .text.ADC_DeInit
                0x08000708       0x24 ..\obj\stm32f0xx_adc.o
                0x08000708                ADC_DeInit
 .text.ADC_Init
                0x0800072c       0x2c ..\obj\stm32f0xx_adc.o
                0x0800072c                ADC_Init
 .text.ADC_StructInit
                0x08000758       0x10 ..\obj\stm32f0xx_adc.o
                0x08000758                ADC_StructInit
 .text.ADC_Cmd  0x08000768       0x18 ..\obj\stm32f0xx_adc.o
                0x08000768                ADC_Cmd
 .text.ADC_ChannelConfig
                0x08000780        0xa ..\obj\stm32f0xx_adc.o
                0x08000780                ADC_ChannelConfig
 *fill*         0x0800078a        0x2 
 .text.ADC_GetCalibrationFactor
                0x0800078c       0x2c ..\obj\stm32f0xx_adc.o
                0x0800078c                ADC_GetCalibrationFactor
 .text.ADC_StartOfConversion
                0x080007b8        0xa ..\obj\stm32f0xx_adc.o
                0x080007b8                ADC_StartOfConversion
 .text.ADC_DMACmd
                0x080007c2       0x18 ..\obj\stm32f0xx_adc.o
                0x080007c2                ADC_DMACmd
 .text.ADC_DMARequestModeConfig
                0x080007da       0x10 ..\obj\stm32f0xx_adc.o
                0x080007da                ADC_DMARequestModeConfig
 *fill*         0x080007ea        0x2 
 .text.ADC_GetFlagStatus
                0x080007ec       0x1c ..\obj\stm32f0xx_adc.o
                0x080007ec                ADC_GetFlagStatus
 .text.vADCHandler
                0x08000808       0x1c ..\obj\main.o
                0x08000808                vADCHandler
 .text.vDisabler
                0x08000824       0x2c ..\obj\main.o
                0x08000824                vDisabler
 .text.vBlinker
                0x08000850       0x90 ..\obj\main.o
                0x08000850                vBlinker
 .text.vUARTHandler
                0x080008e0      0x180 ..\obj\main.o
                0x080008e0                vUARTHandler
 .text.vTOneCallbackFunction
                0x08000a60       0x28 ..\obj\main.o
                0x08000a60                vTOneCallbackFunction
 .text.vTTwoCallbackFunction
                0x08000a88       0x28 ..\obj\main.o
                0x08000a88                vTTwoCallbackFunction
 .text.vTThreeCallbackFunction
                0x08000ab0       0x28 ..\obj\main.o
                0x08000ab0                vTThreeCallbackFunction
 .text.vRADIOHandler
                0x08000ad8      0x180 ..\obj\main.o
                0x08000ad8                vRADIOHandler
 .text.TIM15_IRQHandler
                0x08000c58       0x78 ..\obj\main.o
                0x08000c58                TIM15_IRQHandler
 .text.EXTI4_15_IRQHandler
                0x08000cd0       0x48 ..\obj\main.o
                0x08000cd0                EXTI4_15_IRQHandler
 .text.USART1_IRQHandler
                0x08000d18       0x40 ..\obj\main.o
                0x08000d18                USART1_IRQHandler
 .text.main     0x08000d58      0x284 ..\obj\main.o
                0x08000d58                main
 .text.Reset_Handler
                0x08000fdc       0x4c ..\obj\startup_stm32f0xx.o
                0x08000fdc                Reset_Handler
 .text.Default_Handler
                0x08001028        0x2 ..\obj\startup_stm32f0xx.o
                0x08001028                TIM1_CC_IRQHandler
                0x08001028                HardFault_Handler
                0x08001028                ADC1_COMP_IRQHandler
                0x08001028                PVD_IRQHandler
                0x08001028                NMI_Handler
                0x08001028                I2C1_IRQHandler
                0x08001028                SPI1_IRQHandler
                0x08001028                TIM6_DAC_IRQHandler
                0x08001028                EXTI2_3_IRQHandler
                0x08001028                I2C2_IRQHandler
                0x08001028                TIM17_IRQHandler
                0x08001028                RTC_IRQHandler
                0x08001028                TIM16_IRQHandler
                0x08001028                TIM3_IRQHandler
                0x08001028                RCC_IRQHandler
                0x08001028                DMA1_Channel1_IRQHandler
                0x08001028                Default_Handler
                0x08001028                CEC_IRQHandler
                0x08001028                TIM14_IRQHandler
                0x08001028                DMA1_Channel4_5_IRQHandler
                0x08001028                EXTI0_1_IRQHandler
                0x08001028                SPI2_IRQHandler
                0x08001028                TS_IRQHandler
                0x08001028                WWDG_IRQHandler
                0x08001028                TIM2_IRQHandler
                0x08001028                DMA1_Channel2_3_IRQHandler
                0x08001028                USART2_IRQHandler
                0x08001028                FLASH_IRQHandler
                0x08001028                TIM1_BRK_UP_TRG_COM_IRQHandler
 *fill*         0x0800102a        0x2 
 .text.prvInsertTimerInActiveList
                0x0800102c       0x40 ..\obj\timers.o
 .text.prvCheckForValidListAndQueue
                0x0800106c       0x50 ..\obj\timers.o
 .text.xTimerCreateTimerTask
                0x080010bc       0x38 ..\obj\timers.o
                0x080010bc                xTimerCreateTimerTask
 .text.xTimerCreate
                0x080010f4       0x46 ..\obj\timers.o
                0x080010f4                xTimerCreate
 *fill*         0x0800113a        0x2 
 .text.xTimerGenericCommand
                0x0800113c       0x58 ..\obj\timers.o
                0x0800113c                xTimerGenericCommand
 .text.prvSampleTimeNow
                0x08001194       0xa4 ..\obj\timers.o
 .text.prvTimerTask
                0x08001238      0x180 ..\obj\timers.o
 .text.DMA_DeInit
                0x080013b8       0x90 ..\obj\stm32f0xx_dma.o
                0x080013b8                DMA_DeInit
 .text.DMA_Init
                0x08001448       0x3c ..\obj\stm32f0xx_dma.o
                0x08001448                DMA_Init
 .text.DMA_Cmd  0x08001484       0x1c ..\obj\stm32f0xx_dma.o
                0x08001484                DMA_Cmd
 .text.DMA_GetFlagStatus
                0x080014a0       0x14 ..\obj\stm32f0xx_dma.o
                0x080014a0                DMA_GetFlagStatus
 .text.prvResetNextTaskUnblockTime
                0x080014b4       0x24 ..\obj\tasks.o
 .text.prvIdleTask
                0x080014d8       0x50 ..\obj\tasks.o
 .text.prvAddCurrentTaskToDelayedList
                0x08001528       0x64 ..\obj\tasks.o
 .text.xTaskCreate
                0x0800158c      0x1d8 ..\obj\tasks.o
                0x0800158c                xTaskCreate
 .text.vTaskStartScheduler
                0x08001764       0x5c ..\obj\tasks.o
                0x08001764                vTaskStartScheduler
 .text.vTaskSuspendAll
                0x080017c0       0x10 ..\obj\tasks.o
                0x080017c0                vTaskSuspendAll
 .text.xTaskGetTickCount
                0x080017d0        0xc ..\obj\tasks.o
                0x080017d0                xTaskGetTickCount
 .text.xTaskIncrementTick
                0x080017dc       0xe0 ..\obj\tasks.o
                0x080017dc                xTaskIncrementTick
 .text.xTaskResumeAll
                0x080018bc       0xd4 ..\obj\tasks.o
                0x080018bc                xTaskResumeAll
 .text.vTaskDelay
                0x08001990       0x20 ..\obj\tasks.o
                0x08001990                vTaskDelay
 .text.vTaskSwitchContext
                0x080019b0       0x80 ..\obj\tasks.o
                0x080019b0                vTaskSwitchContext
 .text.vTaskPlaceOnEventList
                0x08001a30       0x1c ..\obj\tasks.o
                0x08001a30                vTaskPlaceOnEventList
 .text.vTaskPlaceOnEventListRestricted
                0x08001a4c       0x28 ..\obj\tasks.o
                0x08001a4c                vTaskPlaceOnEventListRestricted
 .text.xTaskRemoveFromEventList
                0x08001a74       0x6c ..\obj\tasks.o
                0x08001a74                xTaskRemoveFromEventList
 .text.vTaskInternalSetTimeOutState
                0x08001ae0       0x10 ..\obj\tasks.o
                0x08001ae0                vTaskInternalSetTimeOutState
 .text.xTaskCheckForTimeOut
                0x08001af0       0x58 ..\obj\tasks.o
                0x08001af0                xTaskCheckForTimeOut
 .text.vTaskMissedYield
                0x08001b48        0xc ..\obj\tasks.o
                0x08001b48                vTaskMissedYield
 .text.xTaskGetSchedulerState
                0x08001b54       0x1c ..\obj\tasks.o
                0x08001b54                xTaskGetSchedulerState
 .text.xTaskPriorityInherit
                0x08001b70       0x90 ..\obj\tasks.o
                0x08001b70                xTaskPriorityInherit
 .text.xTaskPriorityDisinherit
                0x08001c00       0x60 ..\obj\tasks.o
                0x08001c00                xTaskPriorityDisinherit
 .text.vTaskPriorityDisinheritAfterTimeout
                0x08001c60       0x70 ..\obj\tasks.o
                0x08001c60                vTaskPriorityDisinheritAfterTimeout
 .text.pvTaskIncrementMutexHeldCount
                0x08001cd0       0x1c ..\obj\tasks.o
                0x08001cd0                pvTaskIncrementMutexHeldCount
 .text.SPI_Init
                0x08001cec       0x54 ..\obj\stm32f0xx_spi.o
                0x08001cec                SPI_Init
 .text.SPI_Cmd  0x08001d40       0x18 ..\obj\stm32f0xx_spi.o
                0x08001d40                SPI_Cmd
 .text.SPI_RxFIFOThresholdConfig
                0x08001d58       0x14 ..\obj\stm32f0xx_spi.o
                0x08001d58                SPI_RxFIFOThresholdConfig
 .text.SPI_NSSInternalSoftwareConfig
                0x08001d6c       0x24 ..\obj\stm32f0xx_spi.o
                0x08001d6c                SPI_NSSInternalSoftwareConfig
 .text.SPI_SendData8
                0x08001d90        0x4 ..\obj\stm32f0xx_spi.o
                0x08001d90                SPI_SendData8
 .text.SPI_ReceiveData8
                0x08001d94        0x6 ..\obj\stm32f0xx_spi.o
                0x08001d94                SPI_ReceiveData8
 *fill*         0x08001d9a        0x2 
 .text.SPI_CalculateCRC
                0x08001d9c       0x20 ..\obj\stm32f0xx_spi.o
                0x08001d9c                SPI_CalculateCRC
 .text.SPI_I2S_GetFlagStatus
                0x08001dbc        0xc ..\obj\stm32f0xx_spi.o
                0x08001dbc                SPI_I2S_GetFlagStatus
 .text.nRF24_LL_RW
                0x08001dc8       0x34 ..\obj\nrf24_hal.o
                0x08001dc8                nRF24_LL_RW
 .text.SetSysClock1
                0x08001dfc       0x24 ..\obj\system_stm32f0xx_temp.o
                0x08001dfc                SetSysClock
 .text.SystemInit1
                0x08001e20       0x64 ..\obj\system_stm32f0xx_temp.o
                0x08001e20                SystemInit
                0x08001e20                SystemInit1
 .text.GPIO_Init
                0x08001e84       0x8a ..\obj\stm32f0xx_gpio.o
                0x08001e84                GPIO_Init
 .text.GPIO_SetBits
                0x08001f0e        0x4 ..\obj\stm32f0xx_gpio.o
                0x08001f0e                GPIO_SetBits
 .text.GPIO_ResetBits
                0x08001f12        0x4 ..\obj\stm32f0xx_gpio.o
                0x08001f12                GPIO_ResetBits
 .text.GPIO_PinAFConfig
                0x08001f16       0x22 ..\obj\stm32f0xx_gpio.o
                0x08001f16                GPIO_PinAFConfig
 .text.vListInitialise
                0x08001f38       0x16 ..\obj\list.o
                0x08001f38                vListInitialise
 .text.vListInitialiseItem
                0x08001f4e        0x6 ..\obj\list.o
                0x08001f4e                vListInitialiseItem
 .text.vListInsertEnd
                0x08001f54       0x18 ..\obj\list.o
                0x08001f54                vListInsertEnd
 .text.vListInsert
                0x08001f6c       0x2e ..\obj\list.o
                0x08001f6c                vListInsert
 .text.uxListRemove
                0x08001f9a       0x28 ..\obj\list.o
                0x08001f9a                uxListRemove
 *fill*         0x08001fc2        0x2 
 .text.USART_Init
                0x08001fc4       0xbc ..\obj\stm32f0xx_usart.o
                0x08001fc4                USART_Init
 .text.USART_Cmd
                0x08002080       0x18 ..\obj\stm32f0xx_usart.o
                0x08002080                USART_Cmd
 .text.USART_SendData
                0x08002098        0x8 ..\obj\stm32f0xx_usart.o
                0x08002098                USART_SendData
 .text.USART_ReceiveData
                0x080020a0        0x8 ..\obj\stm32f0xx_usart.o
                0x080020a0                USART_ReceiveData
 .text.USART_ITConfig
                0x080020a8       0x36 ..\obj\stm32f0xx_usart.o
                0x080020a8                USART_ITConfig
 .text.USART_GetFlagStatus
                0x080020de        0xc ..\obj\stm32f0xx_usart.o
                0x080020de                USART_GetFlagStatus
 .text.USART_GetITStatus
                0x080020ea       0x3e ..\obj\stm32f0xx_usart.o
                0x080020ea                USART_GetITStatus
 .text.TIM_TimeBaseInit
                0x08002128       0xa0 ..\obj\stm32f0xx_tim.o
                0x08002128                TIM_TimeBaseInit
 .text.TIM_TimeBaseStructInit
                0x080021c8       0x12 ..\obj\stm32f0xx_tim.o
                0x080021c8                TIM_TimeBaseStructInit
 .text.TIM_Cmd  0x080021da       0x18 ..\obj\stm32f0xx_tim.o
                0x080021da                TIM_Cmd
 .text.TIM_ITConfig
                0x080021f2       0x14 ..\obj\stm32f0xx_tim.o
                0x080021f2                TIM_ITConfig
 .text.TIM_GetITStatus
                0x08002206       0x16 ..\obj\stm32f0xx_tim.o
                0x08002206                TIM_GetITStatus
 .text.TIM_ClearITPendingBit
                0x0800221c        0x8 ..\obj\stm32f0xx_tim.o
                0x0800221c                TIM_ClearITPendingBit
 .text.prvIsQueueEmpty
                0x08002224       0x14 ..\obj\queue.o
 .text.prvCopyDataToQueue
                0x08002238       0x76 ..\obj\queue.o
 .text.prvCopyDataFromQueue
                0x080022ae       0x24 ..\obj\queue.o
 .text.prvUnlockQueue
                0x080022d2       0x86 ..\obj\queue.o
 .text.xQueueGenericReset
                0x08002358       0x62 ..\obj\queue.o
                0x08002358                xQueueGenericReset
 .text.xQueueGenericCreate
                0x080023ba       0x32 ..\obj\queue.o
                0x080023ba                xQueueGenericCreate
 .text.xQueueGenericSend
                0x080023ec      0x108 ..\obj\queue.o
                0x080023ec                xQueueGenericSend
 .text.xQueueCreateMutex
                0x080024f4       0x24 ..\obj\queue.o
                0x080024f4                xQueueCreateMutex
 .text.xQueueGenericSendFromISR
                0x08002518       0x72 ..\obj\queue.o
                0x08002518                xQueueGenericSendFromISR
 .text.xQueueReceive
                0x0800258a       0xf8 ..\obj\queue.o
                0x0800258a                xQueueReceive
 .text.xQueueSemaphoreTake
                0x08002682      0x138 ..\obj\queue.o
                0x08002682                xQueueSemaphoreTake
 .text.uxQueueSpacesAvailable
                0x080027ba       0x16 ..\obj\queue.o
                0x080027ba                uxQueueSpacesAvailable
 .text.vQueueAddToRegistry
                0x080027d0       0x30 ..\obj\queue.o
                0x080027d0                vQueueAddToRegistry
 .text.vQueueWaitForMessageRestricted
                0x08002800       0x50 ..\obj\queue.o
                0x08002800                vQueueWaitForMessageRestricted
 .text.prvTaskExitError
                0x08002850       0x12 ..\obj\port.o
 *fill*         0x08002862        0xe 
 .text.vPortStartFirstTask
                0x08002870       0x34 ..\obj\port.o
 .text.pxPortInitialiseStack
                0x080028a4       0x20 ..\obj\port.o
                0x080028a4                pxPortInitialiseStack
 .text.SVC_Handler
                0x080028c4        0x2 ..\obj\port.o
                0x080028c4                SVC_Handler
 *fill*         0x080028c6        0x2 
 .text.vPortYield
                0x080028c8       0x18 ..\obj\port.o
                0x080028c8                vPortYield
 .text.vPortEnterCritical
                0x080028e0       0x18 ..\obj\port.o
                0x080028e0                vPortEnterCritical
 .text.vPortExitCritical
                0x080028f8       0x14 ..\obj\port.o
                0x080028f8                vPortExitCritical
 .text.ulSetInterruptMaskFromISR
                0x0800290c        0x8 ..\obj\port.o
                0x0800290c                ulSetInterruptMaskFromISR
 .text.vClearInterruptMaskFromISR
                0x08002914        0x6 ..\obj\port.o
                0x08002914                vClearInterruptMaskFromISR
 *fill*         0x0800291a        0x6 
 .text.PendSV_Handler
                0x08002920       0x44 ..\obj\port.o
                0x08002920                PendSV_Handler
 .text.SysTick_Handler
                0x08002964       0x24 ..\obj\port.o
                0x08002964                SysTick_Handler
 .text.vPortSetupTimerInterrupt
                0x08002988       0x28 ..\obj\port.o
                0x08002988                vPortSetupTimerInterrupt
 .text.xPortStartScheduler
                0x080029b0       0x3c ..\obj\port.o
                0x080029b0                xPortStartScheduler
 .text.EXTI_Init
                0x080029ec       0x78 ..\obj\stm32f0xx_exti.o
                0x080029ec                EXTI_Init
 .text.EXTI_GetITStatus
                0x08002a64       0x14 ..\obj\stm32f0xx_exti.o
                0x08002a64                EXTI_GetITStatus
 .text.EXTI_ClearITPendingBit
                0x08002a78        0xc ..\obj\stm32f0xx_exti.o
                0x08002a78                EXTI_ClearITPendingBit
 .text.SYSCFG_EXTILineConfig
                0x08002a84       0x2c ..\obj\stm32f0xx_syscfg.o
                0x08002a84                SYSCFG_EXTILineConfig
 .text.pvPortMalloc
                0x08002ab0       0x80 ..\obj\heap_1.o
                0x08002ab0                pvPortMalloc
 .text.vPortFree
                0x08002b30        0x2 ..\obj\heap_1.o
                0x08002b30                vPortFree
 *fill*         0x08002b32        0x2 
 .text.initIOAnalog
                0x08002b34       0x70 ..\obj\perif.o
                0x08002b34                initIOAnalog
 .text.initIO   0x08002ba4       0x78 ..\obj\perif.o
                0x08002ba4                initIO
 .text.initUSART
                0x08002c1c       0x98 ..\obj\perif.o
                0x08002c1c                initUSART
 .text.initTimer15
                0x08002cb4       0x60 ..\obj\perif.o
                0x08002cb4                initTimer15
 .text.initSPI2
                0x08002d14       0xb4 ..\obj\perif.o
                0x08002d14                initSPI2
 .text.initADC  0x08002dc8       0xdc ..\obj\perif.o
                0x08002dc8                initADC
 .text.initEXTI
                0x08002ea4       0x3e ..\obj\perif.o
                0x08002ea4                initEXTI
 *fill*         0x08002ee2        0x2 
 .text.NVIC_Init
                0x08002ee4       0x5c ..\obj\stm32f0xx_misc.o
                0x08002ee4                NVIC_Init
 .text          0x08002f40      0x114 d:/program files (x86)/arm tc 7 2017-q4-major/bin/../lib/gcc/arm-none-eabi/7.2.1/thumb/v6-m\libgcc.a(_udivsi3.o)
                0x08002f40                __aeabi_uidiv
                0x08002f40                __udivsi3
                0x0800304c                __aeabi_uidivmod
 .text          0x08003054        0x4 d:/program files (x86)/arm tc 7 2017-q4-major/bin/../lib/gcc/arm-none-eabi/7.2.1/thumb/v6-m\libgcc.a(_dvmd_tls.o)
                0x08003054                __aeabi_idiv0
                0x08003054                __aeabi_ldiv0
 .text.memcpy   0x08003058       0x88 d:/program files (x86)/arm tc 7 2017-q4-major/bin/../lib/gcc/arm-none-eabi/7.2.1/../../../../arm-none-eabi/lib/thumb/v6-m\libg.a(lib_a-memcpy-stub.o)
                0x08003058                memcpy
 .text.memset   0x080030e0       0x9c d:/program files (x86)/arm tc 7 2017-q4-major/bin/../lib/gcc/arm-none-eabi/7.2.1/../../../../arm-none-eabi/lib/thumb/v6-m\libg.a(lib_a-memset.o)
                0x080030e0                memset
 *(.init)
 *(.fini)
 *crtbegin.o(.ctors)
 *crtbegin?.o(.ctors)
 *(EXCLUDE_FILE(*crtend.o *crtend?.o) .ctors)
 *(SORT_BY_NAME(.ctors.*))
 *(.ctors)
 *crtbegin.o(.dtors)
 *crtbegin?.o(.dtors)
 *(EXCLUDE_FILE(*crtend.o *crtend?.o) .dtors)
 *(SORT_BY_NAME(.dtors.*))
 *(.dtors)
 *(.rodata*)
 .rodata        0x0800317c       0x2b ..\obj\nrf24.o
 *fill*         0x080031a7        0x1 
 .rodata.str1.4
                0x080031a8        0x6 ..\obj\nrf24.o
 *fill*         0x080031ae        0x2 
 .rodata.str1.4
                0x080031b0       0x4d ..\obj\main.o
 *fill*         0x080031fd        0x3 
 .rodata        0x08003200       0x28 ..\obj\timers.o
 .rodata.str1.4
                0x08003228       0x10 ..\obj\timers.o
 .rodata.str1.4
                0x08003238        0x8 ..\obj\tasks.o
                                  0x5 (size before relaxing)
 *(.eh_fram e*)

.glue_7         0x08003240        0x0
 .glue_7        0x08003240        0x0 linker stubs

.glue_7t        0x08003240        0x0
 .glue_7t       0x08003240        0x0 linker stubs

.vfp11_veneer   0x08003240        0x0
 .vfp11_veneer  0x08003240        0x0 linker stubs

.v4_bx          0x08003240        0x0
 .v4_bx         0x08003240        0x0 linker stubs

.iplt           0x08003240        0x0
 .iplt          0x08003240        0x0 ..\obj\delay.o

.rel.dyn        0x08003240        0x0
 .rel.iplt      0x08003240        0x0 ..\obj\delay.o

.ARM.extab
 *(.ARM.extab* .gnu.linkonce.armextab.*)
                0x08003240                __exidx_start = .

.ARM.exidx
 *(.ARM.exidx* .gnu.linkonce.armexidx.*)
                0x08003240                __exidx_end = .
                0x08003240                __etext = .
                0x08003240                _sidata = __etext

.data           0x20000000       0x3c load address 0x08003240
                0x20000000                __data_start__ = .
                0x20000000                _sdata = __data_start__
 *(vtable)
 *(.data*)
 .data          0x20000000       0x10 ..\obj\stm32f0xx_rcc.o
 .data          0x20000010       0x10 ..\obj\main.o
                0x20000010                devOffCNT
                0x20000014                ADCbuf
                0x2000001c                nRF24_ADDR
                0x2000001f                nRF24_STATE
 .data          0x20000020        0x4 ..\obj\tasks.o
                0x20000020                uxTopUsedPriority
 .data          0x20000024       0x14 ..\obj\system_stm32f0xx_temp.o
                0x20000024                AHBPrescTable
                0x20000034                SystemCoreClock
 .data          0x20000038        0x4 ..\obj\port.o
                0x2000003c                . = ALIGN (0x4)
                [!provide]                PROVIDE (__preinit_array_start, .)
 *(.preinit_array)
                [!provide]                PROVIDE (__preinit_array_end, .)
                0x2000003c                . = ALIGN (0x4)
                [!provide]                PROVIDE (__init_array_start, .)
 *(SORT_BY_NAME(.init_array.*))
 *(.init_array)
                [!provide]                PROVIDE (__init_array_end, .)
                0x2000003c                . = ALIGN (0x4)
                [!provide]                PROVIDE (__fini_array_start, .)
 *(SORT_BY_NAME(.fini_array.*))
 *(.fini_array)
                [!provide]                PROVIDE (__fini_array_end, .)
 *(.jcr*)
                0x2000003c                . = ALIGN (0x4)
                0x2000003c                __data_end__ = .
                0x2000003c                _edata = __data_end__

.igot.plt       0x2000003c        0x0 load address 0x0800327c
 .igot.plt      0x2000003c        0x0 ..\obj\delay.o

.bss            0x2000003c     0x1a18 load address 0x0800327c
                0x2000003c                . = ALIGN (0x4)
                0x2000003c                __bss_start__ = .
                0x2000003c                _sbss = __bss_start__
 *(.bss*)
 .bss           0x2000003c        0xd ..\obj\main.o
                0x2000003c                tmpDev
                0x20000048                flg
 *fill*         0x20000049        0x3 
 .bss           0x2000004c       0x3c ..\obj\timers.o
 .bss           0x20000088      0x104 ..\obj\tasks.o
                0x20000114                pxCurrentTCB
 .bss           0x2000018c     0x1808 ..\obj\heap_1.o
 *(COMMON)
 COMMON         0x20001994       0x70 ..\obj\main.o
                0x20001994                tx_res
                0x20001998                bobFromRadio
                0x2000199d                payload_length
                0x200019a0                xQueueFromADC
                0x200019a4                xSemaphore
                0x200019b0                pipe
                0x200019b4                xQueueFromUART
                0x200019b8                xQueueFromRadio
                0x200019bc                bobFromQueue
                0x200019c4                ADC_volts
                0x200019cc                Ready_volts
                0x200019d4                xTimer
                0x200019e0                xQueueFromRadioHndl
                0x200019e4                nRF24_payload
 COMMON         0x20001a04       0x50 ..\obj\queue.o
                0x20001a04                xQueueRegistry
                0x20001a54                . = ALIGN (0x4)
                0x20001a54                __bss_end__ = .
                0x20001a54                _ebss = __bss_end__

.heap           0x20001a54        0x0
                0x20001a54                __end__ = .
                0x20001a54                _end = __end__
                0x20001a54                end = __end__
 *(.heap*)
                0x20001a54                __HeapLimit = .

.co_stack       0x20001a54        0x4 load address 0x08004c94
                0x20001a58                . = ALIGN (0x8)
 *fill*         0x20001a54        0x4 
 *(.co_stack .co_stack.*)
                0x20002000                __StackTop = (ORIGIN (ram) + LENGTH (ram))
                0x20001ffc                __StackLimit = (__StackTop - SIZEOF (.co_stack))
                [!provide]                PROVIDE (__stack, __StackTop)
                0x00000001                ASSERT ((__StackLimit >= __HeapLimit), region ram  overflowed with stack)
LOAD ..\obj\delay.o
LOAD ..\obj\stm32f0xx_rcc.o
LOAD ..\obj\nrf24.o
LOAD ..\obj\stm32f0xx_adc.o
LOAD ..\obj\main.o
LOAD ..\obj\startup_stm32f0xx.o
LOAD ..\obj\timers.o
LOAD ..\obj\stm32f0xx_dma.o
LOAD ..\obj\tasks.o
LOAD ..\obj\stm32f0xx_spi.o
LOAD ..\obj\nrf24_hal.o
LOAD ..\obj\system_stm32f0xx_temp.o
LOAD ..\obj\stm32f0xx_gpio.o
LOAD ..\obj\list.o
LOAD ..\obj\stm32f0xx_usart.o
LOAD ..\obj\stm32f0xx_tim.o
LOAD ..\obj\queue.o
LOAD ..\obj\port.o
LOAD ..\obj\stream_buffer.o
LOAD ..\obj\croutine.o
LOAD ..\obj\stm32f0xx_exti.o
LOAD ..\obj\event_groups.o
LOAD ..\obj\stm32f0xx_syscfg.o
LOAD ..\obj\heap_1.o
LOAD ..\obj\stm32f0xx_pwr.o
LOAD ..\obj\perif.o
LOAD ..\obj\stm32f0xx_misc.o
START GROUP
LOAD d:/program files (x86)/arm tc 7 2017-q4-major/bin/../lib/gcc/arm-none-eabi/7.2.1/thumb/v6-m\libgcc.a
LOAD d:/program files (x86)/arm tc 7 2017-q4-major/bin/../lib/gcc/arm-none-eabi/7.2.1/../../../../arm-none-eabi/lib/thumb/v6-m\libg.a
LOAD d:/program files (x86)/arm tc 7 2017-q4-major/bin/../lib/gcc/arm-none-eabi/7.2.1/../../../../arm-none-eabi/lib/thumb/v6-m\libc.a
END GROUP
OUTPUT(BS3.elf elf32-littlearm)

.debug_info     0x00000000    0x12ca1
 .debug_info    0x00000000      0x3ac ..\obj\delay.o
 .debug_info    0x000003ac      0x9f5 ..\obj\stm32f0xx_rcc.o
 .debug_info    0x00000da1     0x136c ..\obj\nrf24.o
 .debug_info    0x0000210d      0x8d5 ..\obj\stm32f0xx_adc.o
 .debug_info    0x000029e2     0x1d4d ..\obj\main.o
 .debug_info    0x0000472f       0x22 ..\obj\startup_stm32f0xx.o
 .debug_info    0x00004751     0x17c5 ..\obj\timers.o
 .debug_info    0x00005f16      0x435 ..\obj\stm32f0xx_dma.o
 .debug_info    0x0000634b     0x2920 ..\obj\tasks.o
 .debug_info    0x00008c6b      0xb3c ..\obj\stm32f0xx_spi.o
 .debug_info    0x000097a7      0x280 ..\obj\nrf24_hal.o
 .debug_info    0x00009a27      0x2b8 ..\obj\system_stm32f0xx_temp.o
 .debug_info    0x00009cdf      0x6fe ..\obj\stm32f0xx_gpio.o
 .debug_info    0x0000a3dd      0xac7 ..\obj\list.o
 .debug_info    0x0000aea4      0xec8 ..\obj\stm32f0xx_usart.o
 .debug_info    0x0000bd6c     0x209d ..\obj\stm32f0xx_tim.o
 .debug_info    0x0000de09     0x21af ..\obj\queue.o
 .debug_info    0x0000ffb8      0x2ba ..\obj\port.o
 .debug_info    0x00010272      0x32f ..\obj\stm32f0xx_exti.o
 .debug_info    0x000105a1      0x2c6 ..\obj\stm32f0xx_syscfg.o
 .debug_info    0x00010867      0x9d4 ..\obj\heap_1.o
 .debug_info    0x0001123b     0x16fb ..\obj\perif.o
 .debug_info    0x00012936      0x36b ..\obj\stm32f0xx_misc.o

.debug_abbrev   0x00000000     0x2e2b
 .debug_abbrev  0x00000000      0x13e ..\obj\delay.o
 .debug_abbrev  0x0000013e      0x245 ..\obj\stm32f0xx_rcc.o
 .debug_abbrev  0x00000383      0x2ba ..\obj\nrf24.o
 .debug_abbrev  0x0000063d      0x1c0 ..\obj\stm32f0xx_adc.o
 .debug_abbrev  0x000007fd      0x306 ..\obj\main.o
 .debug_abbrev  0x00000b03       0x12 ..\obj\startup_stm32f0xx.o
 .debug_abbrev  0x00000b15      0x3a1 ..\obj\timers.o
 .debug_abbrev  0x00000eb6      0x182 ..\obj\stm32f0xx_dma.o
 .debug_abbrev  0x00001038      0x3d5 ..\obj\tasks.o
 .debug_abbrev  0x0000140d      0x1e6 ..\obj\stm32f0xx_spi.o
 .debug_abbrev  0x000015f3      0x10a ..\obj\nrf24_hal.o
 .debug_abbrev  0x000016fd      0x12d ..\obj\system_stm32f0xx_temp.o
 .debug_abbrev  0x0000182a      0x1e6 ..\obj\stm32f0xx_gpio.o
 .debug_abbrev  0x00001a10      0x220 ..\obj\list.o
 .debug_abbrev  0x00001c30      0x1c8 ..\obj\stm32f0xx_usart.o
 .debug_abbrev  0x00001df8      0x290 ..\obj\stm32f0xx_tim.o
 .debug_abbrev  0x00002088      0x36f ..\obj\queue.o
 .debug_abbrev  0x000023f7      0x18a ..\obj\port.o
 .debug_abbrev  0x00002581      0x1cd ..\obj\stm32f0xx_exti.o
 .debug_abbrev  0x0000274e      0x16f ..\obj\stm32f0xx_syscfg.o
 .debug_abbrev  0x000028bd      0x258 ..\obj\heap_1.o
 .debug_abbrev  0x00002b15      0x1c5 ..\obj\perif.o
 .debug_abbrev  0x00002cda      0x151 ..\obj\stm32f0xx_misc.o

.debug_loc      0x00000000     0x8c41
 .debug_loc     0x00000000       0x29 ..\obj\delay.o
 .debug_loc     0x00000029      0x8a8 ..\obj\stm32f0xx_rcc.o
 .debug_loc     0x000008d1      0x88c ..\obj\nrf24.o
 .debug_loc     0x0000115d      0x44d ..\obj\stm32f0xx_adc.o
 .debug_loc     0x000015aa      0x1bf ..\obj\main.o
 .debug_loc     0x00001769      0xa27 ..\obj\timers.o
 .debug_loc     0x00002190      0x150 ..\obj\stm32f0xx_dma.o
 .debug_loc     0x000022e0     0x1d4c ..\obj\tasks.o
 .debug_loc     0x0000402c      0x720 ..\obj\stm32f0xx_spi.o
 .debug_loc     0x0000474c       0x21 ..\obj\nrf24_hal.o
 .debug_loc     0x0000476d      0x14f ..\obj\system_stm32f0xx_temp.o
 .debug_loc     0x000048bc      0x2a4 ..\obj\stm32f0xx_gpio.o
 .debug_loc     0x00004b60       0x52 ..\obj\list.o
 .debug_loc     0x00004bb2      0x97c ..\obj\stm32f0xx_usart.o
 .debug_loc     0x0000552e     0x1bad ..\obj\stm32f0xx_tim.o
 .debug_loc     0x000070db     0x1622 ..\obj\queue.o
 .debug_loc     0x000086fd       0xb3 ..\obj\port.o
 .debug_loc     0x000087b0      0x163 ..\obj\stm32f0xx_exti.o
 .debug_loc     0x00008913      0x1c8 ..\obj\stm32f0xx_syscfg.o
 .debug_loc     0x00008adb       0x6c ..\obj\heap_1.o
 .debug_loc     0x00008b47       0x65 ..\obj\perif.o
 .debug_loc     0x00008bac       0x95 ..\obj\stm32f0xx_misc.o

.debug_aranges  0x00000000     0x1098
 .debug_aranges
                0x00000000       0x20 ..\obj\delay.o
 .debug_aranges
                0x00000020      0x150 ..\obj\stm32f0xx_rcc.o
 .debug_aranges
                0x00000170      0x130 ..\obj\nrf24.o
 .debug_aranges
                0x000002a0      0x100 ..\obj\stm32f0xx_adc.o
 .debug_aranges
                0x000003a0       0x78 ..\obj\main.o
 .debug_aranges
                0x00000418       0x28 ..\obj\startup_stm32f0xx.o
 .debug_aranges
                0x00000440       0x98 ..\obj\timers.o
 .debug_aranges
                0x000004d8       0x70 ..\obj\stm32f0xx_dma.o
 .debug_aranges
                0x00000548      0x1a0 ..\obj\tasks.o
 .debug_aranges
                0x000006e8      0x110 ..\obj\stm32f0xx_spi.o
 .debug_aranges
                0x000007f8       0x20 ..\obj\nrf24_hal.o
 .debug_aranges
                0x00000818       0x30 ..\obj\system_stm32f0xx_temp.o
 .debug_aranges
                0x00000848       0x80 ..\obj\stm32f0xx_gpio.o
 .debug_aranges
                0x000008c8       0x40 ..\obj\list.o
 .debug_aranges
                0x00000908      0x1a0 ..\obj\stm32f0xx_usart.o
 .debug_aranges
                0x00000aa8      0x2f0 ..\obj\stm32f0xx_tim.o
 .debug_aranges
                0x00000d98       0xf8 ..\obj\queue.o
 .debug_aranges
                0x00000e90       0x88 ..\obj\port.o
 .debug_aranges
                0x00000f18       0x58 ..\obj\stm32f0xx_exti.o
 .debug_aranges
                0x00000f70       0x58 ..\obj\stm32f0xx_syscfg.o
 .debug_aranges
                0x00000fc8       0x38 ..\obj\heap_1.o
 .debug_aranges
                0x00001000       0x68 ..\obj\perif.o
 .debug_aranges
                0x00001068       0x30 ..\obj\stm32f0xx_misc.o

.debug_ranges   0x00000000     0x11e0
 .debug_ranges  0x00000000       0x10 ..\obj\delay.o
 .debug_ranges  0x00000010      0x140 ..\obj\stm32f0xx_rcc.o
 .debug_ranges  0x00000150      0x120 ..\obj\nrf24.o
 .debug_ranges  0x00000270       0xf0 ..\obj\stm32f0xx_adc.o
 .debug_ranges  0x00000360       0x68 ..\obj\main.o
 .debug_ranges  0x000003c8       0x20 ..\obj\startup_stm32f0xx.o
 .debug_ranges  0x000003e8       0xf0 ..\obj\timers.o
 .debug_ranges  0x000004d8       0x60 ..\obj\stm32f0xx_dma.o
 .debug_ranges  0x00000538      0x2e0 ..\obj\tasks.o
 .debug_ranges  0x00000818      0x100 ..\obj\stm32f0xx_spi.o
 .debug_ranges  0x00000918       0x10 ..\obj\nrf24_hal.o
 .debug_ranges  0x00000928       0x20 ..\obj\system_stm32f0xx_temp.o
 .debug_ranges  0x00000948       0x70 ..\obj\stm32f0xx_gpio.o
 .debug_ranges  0x000009b8       0x30 ..\obj\list.o
 .debug_ranges  0x000009e8      0x190 ..\obj\stm32f0xx_usart.o
 .debug_ranges  0x00000b78      0x2e0 ..\obj\stm32f0xx_tim.o
 .debug_ranges  0x00000e58      0x1e0 ..\obj\queue.o
 .debug_ranges  0x00001038       0x78 ..\obj\port.o
 .debug_ranges  0x000010b0       0x48 ..\obj\stm32f0xx_exti.o
 .debug_ranges  0x000010f8       0x48 ..\obj\stm32f0xx_syscfg.o
 .debug_ranges  0x00001140       0x28 ..\obj\heap_1.o
 .debug_ranges  0x00001168       0x58 ..\obj\perif.o
 .debug_ranges  0x000011c0       0x20 ..\obj\stm32f0xx_misc.o

.debug_line     0x00000000     0x5af0
 .debug_line    0x00000000      0x198 ..\obj\delay.o
 .debug_line    0x00000198      0x52b ..\obj\stm32f0xx_rcc.o
 .debug_line    0x000006c3      0x4b8 ..\obj\nrf24.o
 .debug_line    0x00000b7b      0x439 ..\obj\stm32f0xx_adc.o
 .debug_line    0x00000fb4      0x4dd ..\obj\main.o
 .debug_line    0x00001491       0xa4 ..\obj\startup_stm32f0xx.o
 .debug_line    0x00001535      0x451 ..\obj\timers.o
 .debug_line    0x00001986      0x299 ..\obj\stm32f0xx_dma.o
 .debug_line    0x00001c1f      0xb13 ..\obj\tasks.o
 .debug_line    0x00002732      0x478 ..\obj\stm32f0xx_spi.o
 .debug_line    0x00002baa      0x1a8 ..\obj\nrf24_hal.o
 .debug_line    0x00002d52      0x192 ..\obj\system_stm32f0xx_temp.o
 .debug_line    0x00002ee4      0x2d8 ..\obj\stm32f0xx_gpio.o
 .debug_line    0x000031bc      0x29d ..\obj\list.o
 .debug_line    0x00003459      0x604 ..\obj\stm32f0xx_usart.o
 .debug_line    0x00003a5d      0xa2e ..\obj\stm32f0xx_tim.o
 .debug_line    0x0000448b      0x77a ..\obj\queue.o
 .debug_line    0x00004c05      0x275 ..\obj\port.o
 .debug_line    0x00004e7a      0x248 ..\obj\stm32f0xx_exti.o
 .debug_line    0x000050c2      0x205 ..\obj\stm32f0xx_syscfg.o
 .debug_line    0x000052c7      0x27b ..\obj\heap_1.o
 .debug_line    0x00005542      0x397 ..\obj\perif.o
 .debug_line    0x000058d9      0x217 ..\obj\stm32f0xx_misc.o

.debug_str      0x00000000     0x557c
 .debug_str     0x00000000      0x39f ..\obj\delay.o
                                0x3ea (size before relaxing)
 .debug_str     0x0000039f      0x588 ..\obj\stm32f0xx_rcc.o
                                0x745 (size before relaxing)
 .debug_str     0x00000927      0x66b ..\obj\nrf24.o
                                0x821 (size before relaxing)
 .debug_str     0x00000f92      0x3e0 ..\obj\stm32f0xx_adc.o
                                0x5da (size before relaxing)
 .debug_str     0x00001372      0x59d ..\obj\main.o
                                0xe85 (size before relaxing)
 .debug_str     0x0000190f       0x52 ..\obj\startup_stm32f0xx.o
                                 0x7c (size before relaxing)
 .debug_str     0x00001961      0x9a8 ..\obj\timers.o
                                0xc61 (size before relaxing)
 .debug_str     0x00002309      0x1fa ..\obj\stm32f0xx_dma.o
                                0x3c1 (size before relaxing)
 .debug_str     0x00002503      0xbdf ..\obj\tasks.o
                               0x139b (size before relaxing)
 .debug_str     0x000030e2      0x451 ..\obj\stm32f0xx_spi.o
                                0x75e (size before relaxing)
 .debug_str     0x00003533       0x28 ..\obj\nrf24_hal.o
                                0x270 (size before relaxing)
 .debug_str     0x0000355b       0x93 ..\obj\system_stm32f0xx_temp.o
                                0x279 (size before relaxing)
 .debug_str     0x000035ee      0x2a3 ..\obj\stm32f0xx_gpio.o
                                0x4c2 (size before relaxing)
 .debug_str     0x00003891       0x74 ..\obj\list.o
                                0x6a0 (size before relaxing)
 .debug_str     0x00003905      0x680 ..\obj\stm32f0xx_usart.o
                                0x9b3 (size before relaxing)
 .debug_str     0x00003f85      0xadc ..\obj\stm32f0xx_tim.o
                                0xe2c (size before relaxing)
 .debug_str     0x00004a61      0x4cf ..\obj\queue.o
                                0xe7f (size before relaxing)
 .debug_str     0x00004f30       0xcc ..\obj\port.o
                                0x32e (size before relaxing)
 .debug_str     0x00004ffc      0x196 ..\obj\stm32f0xx_exti.o
                                0x34f (size before relaxing)
 .debug_str     0x00005192      0x183 ..\obj\stm32f0xx_syscfg.o
                                0x33b (size before relaxing)
 .debug_str     0x00005315       0x89 ..\obj\heap_1.o
                                0x616 (size before relaxing)
 .debug_str     0x0000539e      0x13c ..\obj\perif.o
                                0xd3e (size before relaxing)
 .debug_str     0x000054da       0xa2 ..\obj\stm32f0xx_misc.o
                                0x316 (size before relaxing)

.comment        0x00000000       0x7e
 .comment       0x00000000       0x7e ..\obj\delay.o
                                 0x7f (size before relaxing)
 .comment       0x0000007e       0x7f ..\obj\stm32f0xx_rcc.o
 .comment       0x0000007e       0x7f ..\obj\nrf24.o
 .comment       0x0000007e       0x7f ..\obj\stm32f0xx_adc.o
 .comment       0x0000007e       0x7f ..\obj\main.o
 .comment       0x0000007e       0x7f ..\obj\timers.o
 .comment       0x0000007e       0x7f ..\obj\stm32f0xx_dma.o
 .comment       0x0000007e       0x7f ..\obj\tasks.o
 .comment       0x0000007e       0x7f ..\obj\stm32f0xx_spi.o
 .comment       0x0000007e       0x7f ..\obj\nrf24_hal.o
 .comment       0x0000007e       0x7f ..\obj\system_stm32f0xx_temp.o
 .comment       0x0000007e       0x7f ..\obj\stm32f0xx_gpio.o
 .comment       0x0000007e       0x7f ..\obj\list.o
 .comment       0x0000007e       0x7f ..\obj\stm32f0xx_usart.o
 .comment       0x0000007e       0x7f ..\obj\stm32f0xx_tim.o
 .comment       0x0000007e       0x7f ..\obj\queue.o
 .comment       0x0000007e       0x7f ..\obj\port.o
 .comment       0x0000007e       0x7f ..\obj\stm32f0xx_exti.o
 .comment       0x0000007e       0x7f ..\obj\stm32f0xx_syscfg.o
 .comment       0x0000007e       0x7f ..\obj\heap_1.o
 .comment       0x0000007e       0x7f ..\obj\perif.o
 .comment       0x0000007e       0x7f ..\obj\stm32f0xx_misc.o

.ARM.attributes
                0x00000000       0x2f
 .ARM.attributes
                0x00000000       0x31 ..\obj\delay.o
 .ARM.attributes
                0x00000031       0x31 ..\obj\stm32f0xx_rcc.o
 .ARM.attributes
                0x00000062       0x31 ..\obj\nrf24.o
 .ARM.attributes
                0x00000093       0x31 ..\obj\stm32f0xx_adc.o
 .ARM.attributes
                0x000000c4       0x31 ..\obj\main.o
 .ARM.attributes
                0x000000f5       0x21 ..\obj\startup_stm32f0xx.o
 .ARM.attributes
                0x00000116       0x31 ..\obj\timers.o
 .ARM.attributes
                0x00000147       0x31 ..\obj\stm32f0xx_dma.o
 .ARM.attributes
                0x00000178       0x31 ..\obj\tasks.o
 .ARM.attributes
                0x000001a9       0x31 ..\obj\stm32f0xx_spi.o
 .ARM.attributes
                0x000001da       0x31 ..\obj\nrf24_hal.o
 .ARM.attributes
                0x0000020b       0x31 ..\obj\system_stm32f0xx_temp.o
 .ARM.attributes
                0x0000023c       0x31 ..\obj\stm32f0xx_gpio.o
 .ARM.attributes
                0x0000026d       0x31 ..\obj\list.o
 .ARM.attributes
                0x0000029e       0x31 ..\obj\stm32f0xx_usart.o
 .ARM.attributes
                0x000002cf       0x31 ..\obj\stm32f0xx_tim.o
 .ARM.attributes
                0x00000300       0x31 ..\obj\queue.o
 .ARM.attributes
                0x00000331       0x31 ..\obj\port.o
 .ARM.attributes
                0x00000362       0x31 ..\obj\stm32f0xx_exti.o
 .ARM.attributes
                0x00000393       0x31 ..\obj\stm32f0xx_syscfg.o
 .ARM.attributes
                0x000003c4       0x31 ..\obj\heap_1.o
 .ARM.attributes
                0x000003f5       0x31 ..\obj\perif.o
 .ARM.attributes
                0x00000426       0x31 ..\obj\stm32f0xx_misc.o
 .ARM.attributes
                0x00000457       0x1e d:/program files (x86)/arm tc 7 2017-q4-major/bin/../lib/gcc/arm-none-eabi/7.2.1/thumb/v6-m\libgcc.a(_udivsi3.o)
 .ARM.attributes
                0x00000475       0x1e d:/program files (x86)/arm tc 7 2017-q4-major/bin/../lib/gcc/arm-none-eabi/7.2.1/thumb/v6-m\libgcc.a(_dvmd_tls.o)
 .ARM.attributes
                0x00000493       0x2c d:/program files (x86)/arm tc 7 2017-q4-major/bin/../lib/gcc/arm-none-eabi/7.2.1/../../../../arm-none-eabi/lib/thumb/v6-m\libg.a(lib_a-memcpy-stub.o)
 .ARM.attributes
                0x000004bf       0x2c d:/program files (x86)/arm tc 7 2017-q4-major/bin/../lib/gcc/arm-none-eabi/7.2.1/../../../../arm-none-eabi/lib/thumb/v6-m\libg.a(lib_a-memset.o)

.debug_frame    0x00000000     0x2674
 .debug_frame   0x00000000       0x28 ..\obj\delay.o
 .debug_frame   0x00000028      0x2a0 ..\obj\stm32f0xx_rcc.o
 .debug_frame   0x000002c8      0x388 ..\obj\nrf24.o
 .debug_frame   0x00000650      0x1f0 ..\obj\stm32f0xx_adc.o
 .debug_frame   0x00000840      0x168 ..\obj\main.o
 .debug_frame   0x000009a8      0x1a4 ..\obj\timers.o
 .debug_frame   0x00000b4c       0xc8 ..\obj\stm32f0xx_dma.o
 .debug_frame   0x00000c14      0x4d8 ..\obj\tasks.o
 .debug_frame   0x000010ec      0x22c ..\obj\stm32f0xx_spi.o
 .debug_frame   0x00001318       0x2c ..\obj\nrf24_hal.o
 .debug_frame   0x00001344       0x50 ..\obj\system_stm32f0xx_temp.o
 .debug_frame   0x00001394      0x108 ..\obj\stm32f0xx_gpio.o
 .debug_frame   0x0000149c       0x6c ..\obj\list.o
 .debug_frame   0x00001508      0x354 ..\obj\stm32f0xx_usart.o
 .debug_frame   0x0000185c      0x68c ..\obj\stm32f0xx_tim.o
 .debug_frame   0x00001ee8      0x2f8 ..\obj\queue.o
 .debug_frame   0x000021e0      0x10c ..\obj\port.o
 .debug_frame   0x000022ec       0x98 ..\obj\stm32f0xx_exti.o
 .debug_frame   0x00002384       0x98 ..\obj\stm32f0xx_syscfg.o
 .debug_frame   0x0000241c       0x5c ..\obj\heap_1.o
 .debug_frame   0x00002478      0x130 ..\obj\perif.o
 .debug_frame   0x000025a8       0x4c ..\obj\stm32f0xx_misc.o
 .debug_frame   0x000025f4       0x20 d:/program files (x86)/arm tc 7 2017-q4-major/bin/../lib/gcc/arm-none-eabi/7.2.1/thumb/v6-m\libgcc.a(_udivsi3.o)
 .debug_frame   0x00002614       0x30 d:/program files (x86)/arm tc 7 2017-q4-major/bin/../lib/gcc/arm-none-eabi/7.2.1/../../../../arm-none-eabi/lib/thumb/v6-m\libg.a(lib_a-memcpy-stub.o)
 .debug_frame   0x00002644       0x30 d:/program files (x86)/arm tc 7 2017-q4-major/bin/../lib/gcc/arm-none-eabi/7.2.1/../../../../arm-none-eabi/lib/thumb/v6-m\libg.a(lib_a-memset.o)
